11-12 22:38:31.583  1521  2663 I WifiConnectivityMonitor.NCC: sNetworkCallback(oCC) FULL : 241(valid: true/captive: false)
11-12 22:38:31.583  2884  3157 D WifiPickerTracker: update AutoHotspot Entries() : bleAccessPoints -> 0
11-12 22:38:31.583  2884  3157 D WifiPickerTracker: handleNetworkCapabilitiesChanged
11-12 22:38:31.583  1521  2663 I WifiConnectivityMonitor.NCC: [ Transports: WIFI Capabilities: NOT_METERED&INTERNET&NOT_RESTRICTED&TRUSTED&NOT_VPN&VALIDATED&NOT_ROAMING&FOREGROUND&NOT_CONGESTED&NOT_SUSPENDED&NOT_VCN_MANAGED&NOT_BANDWIDTH_CONSTRAINED LinkUpBandwidth>=31727Kbps LinkDnBandwidth>=34553Kbps TransportInfo: <SSID: <unknown ssid>, BSSID: 02:00:00:**:**:00, MAC: 02:00:00:**:**:00, IP: /192.***.**.36, Security type: 2, Supplicant state: COMPLETED, Wi-Fi standard: 11ac, RSSI: -55, Link speed: 351Mbps, Tx Link speed: 351Mbps, Max Supported Tx Link speed: 866Mbps, Rx Link speed: 520Mbps, Max Supported Rx Link speed: 866Mbps, Frequency: 5220MHz, Net ID: -1, Metered hint: false, score: 60, isUsable: true, CarrierMerged: false, SubscriptionId: -1, IsPrimary: 1, Trusted: true, Restricted: false, Ephemeral: false, OEM paid: false, OEM private: false, OSU AP: false, FQDN: <none>, Provider friendly name: <none>, Requesting package name: <none><none>MLO Information: , Is TID-To-Link negotiation supported by the AP: false, AP MLD Address: <none>, AP MLO Link Id: <none>, AP MLO Affiliated links: <none>, Vendor Data: <none>> SignalStrength: -55 AdminUids: [1000] SSID: "JioFiber-TH6BX" UnderlyingNetworks: Null]
11-12 22:38:31.584  1521  2738 D WifiConnectivityMonitor: HANDLE_ON_CAPABILITIES_CHANGED
11-12 22:38:31.584  1521  2738 I WifiConnectivityMonitor: determineMode : MODE_NON_SWITCHABLE_BY_POOR_NETWORK_DETECTION_DISABLED
11-12 22:38:31.584  1521  2738 D OpenNetworkQos[4.00]: updateBssidNoInternet: mBssidNoInternet = false
11-12 22:38:31.584  1521  2738 D OpenNetworkQos[4.00]: getOpenNetworkQosNoInternetStatus: false
11-12 22:38:31.584  1521  2738 D OpenNetworkQos[4.00]: getOpenNetworkQosScores: 26 30 30 
11-12 22:38:31.584  1521  2738 D KNOX_MDM_SettingsProvider: isChangeAllowed() : name = wifi_wcm_qos_sharing_score_summary
11-12 22:38:31.584  1521  2738 I WifiProfileShare: network QoS data was changed (internet), updateQoSData networkType: true, qosData: false
11-12 22:38:31.584  1521  3871 V WifiProfileShare.Caster: update wips network, size: 0
11-12 22:38:31.584  1521  3871 D WifiProfileShare: nearby scanning settings run
11-12 22:38:31.585  1521  3871 D WifiProfileShare: network score provider settings enabled
11-12 22:38:31.585  1521  3871 D OpenNetworkQos[4.00]: getOpenNetworkQosScores: 26 30 30 
11-12 22:38:31.585  1521  3871 D OpenNetworkQos[4.00]: getOpenNetworkQosNoInternetStatus: false
11-12 22:38:31.585  1521  3871 I WifiProfileShare.Caster: current network type: 0, score: [26, 30, 30]
11-12 22:38:31.585  1521  3871 V WifiProfileShare.Cache: update network score 62:ca:e7:**:**:f2
11-12 22:38:31.585  1521  2663 D SemWifiApTrafficPriority: onCapabilitiesChanged Wifi:wlan0,mGapiValue:34.553Uplink: 31.727
11-12 22:38:31.585  1521  3871 D WifiProfileShare.ScanMatcher: getMcfDataList size:2
11-12 22:38:31.585  1521  3871 I WifiProfileShare.Caster: qos data was updated , before:type:QOS, pBssid:00:01:90, qosData:7c after:type:QOS, pBssid:00:01:90, qosData:7c
11-12 22:38:31.585  1521  3871 I [MCFSDK_android_1.2.27006]_4_McfCasterImpl: isNetworkEnabled - type : 1 ret : true
11-12 22:38:31.585  1521  3871 D WifiProfileShare.McfCast: -ME--- mIsNetworkEnabled :true
11-12 22:38:31.585  1521  3871 D WifiProfileShare.McfCast: updateQoSData ignored, same contents
11-12 22:38:31.585  1521  3871 D WifiProfileShare.MCF: success update QosData !
11-12 22:38:31.585 30867 30898 I BugleRcsEngine: Connected state: [1], networkType: [WIFI] [CONTEXT thread_id=7130 ]
11-12 22:38:31.585  1521  3871 I [MCFSDK_android_1.2.27006]_4_McfCasterImpl: isNetworkEnabled - type : 1 ret : true
11-12 22:38:31.585  1521  3871 D WifiProfileShare.McfCast: -ME--- mIsNetworkEnabled :true
11-12 22:38:31.585  1521  3871 D WifiProfileShare.McfCast: -ME--- updatePasswordDate pwdData size:2
11-12 22:38:31.587 30867 30908 I BugleRcsEngine: handleMessage processing message:[NOTIFY_UPTIME_IGNORE_STATE_CHANGED] with [non-null]:RcsEngineImpl reference [CONTEXT log_prefix="RcsEngineImpl[DUAL_REG]:[25422e2b-5225]>Handler" thread_id=7140 ]
11-12 22:38:31.587   722  4302 I NullBinder: NullBinder for android.net.action.RECOMMEND_NETWORKS triggering remote TransactionTooLargeException due to Service without Chimera impl, calling uid: 1000, calling pid: 0
11-12 22:38:31.587   722  4302 W .gms.persistent: Large reply transaction of 1056768 bytes, interface descriptor , code 1
11-12 22:38:31.683  6597  6597 I HBD     : i onCapabilityChanged  setNetworkState currentNetworkState : wifi 
11-12 22:38:31.848  1187 23201 I sensors-hal: handle_sns_std_sensor_event:140, [22410] Pressure 961.209, cal 0.000
11-12 22:38:31.912   805   805 D io_stats: !@   8,0 r 187041556 4905194960 w 36661023 621282084 d 11158510 731917696 f 0 0 iot 78350396 0 th 0 0 0 pt 0 inp 0 0 834916.727
11-12 22:38:32.092   722 31876 I NearbySharing: Network state changed: NetworkState(isRestricted=false, isOnline=true, isCongested=false, isMetered=false, isWifiConnected=true)
11-12 22:38:32.402  1521  2987 D CompatChangeReporter: Compat change id reported: 311208629; UID 10251; state: ENABLED
11-12 22:38:32.705  1187 28017 I sensors-hal: handle_sns_client_event:531, [44293] mag_sample_cal: ts=1247392076548312 ns; cal = [16.935974, -31.636618, 11.841424], uncal = [-12.820411, -37.171696, -15.559905], bias = [-29.756386, -5.535078, -27.401329], status=1
11-12 22:38:32.769  6108  6108 I SDHMS:LOAD: type: LoadsFreqs, value: 0:39:0:893952:2841600:844800:1432319:2419200:710400:315:315:315
11-12 22:38:32.791  1187 28938 I sensors-hal: handle_sns_std_sensor_event:155, [SSC_LIGHT] P: 20(20),m:1,c:25,b:107,wb:0,r:161,bl:0,16:256
11-12 22:38:33.042  1521  2772 D NetdEventListenerService: DNS Requested by 241, 10823(host.exp.exponent), SUCCESS, 4ms
11-12 22:38:33.043  1521  2772 D NetdEventListenerService: DNS Requested by 241, 10823(host.exp.exponent), SUCCESS, 3ms
11-12 22:38:33.085  1187 13013 I sensors-hal: handle_sns_client_event:540, [0][162019] accel_sample [ 0.373,  9.160,  3.560] 1247392426195708
11-12 22:38:33.515  1521  2740 D WifiConnectivityMonitor.NetworkStatsAnalyzer: Backhaul result - RSSI:-55, CE:7, PE:8, TI:24, PTI:25, TW:1, PTW:0, Tx:137, Rx:123, TxS:133, RxS:118, RESULT:true, IC:0, ICT:5, WC:0, WCT:5, R:4, RC:0, IE:0, EC:0
11-12 22:38:33.565  1182  1182 I android.hardware.health@2.1-service-samsung: updateLrpSysfs: write: 304
11-12 22:38:33.848  1187 23201 I sensors-hal: handle_sns_std_sensor_event:140, [22420] Pressure 961.207, cal 0.000
11-12 22:38:33.912   805   805 D io_stats: !@   8,0 r 187041560 4905194976 w 36661023 621282084 d 11158510 731917696 f 0 0 iot 78350408 0 th 0 0 0 pt 0 inp 0 0 834918.728
11-12 22:38:33.914   805   805 D io_stats: !@ Read_top(KB): tworkdiagnostic(31967) 14416 facebook.katana(21113) 11724 android.dqagent(31988) 1284
11-12 22:38:33.914   805   805 D io_stats: !@ Write_top(KB): tworkdiagnostic(31967) 532 android.dqagent(31988) 32 id.diagmonagent(6071) 32
11-12 22:38:34.595  3094  3094 I EPDG -- SIM1 [SMARTWIFI]: isProfiling, hash=171830150, started=true
11-12 22:38:34.595  3094  3094 W Settings: Setting wifi_on has moved from android.provider.Settings.System to android.provider.Settings.Secure, returning read-only value.
11-12 22:38:34.595  3094  3094 W Settings: Setting wifi_on has moved from android.provider.Settings.Secure to android.provider.Settings.Global.
11-12 22:38:34.595  1521 21693 D SemWifiUsabilityStatsMonitor: onWifiUsabilityStats - seqNum 103504, isSameBssidAndFreq true
11-12 22:38:34.595  3094  3094 I EPDG -- SIM1 [SMARTWIFI]: isProfiling, hash=171830150, started=true
11-12 22:38:34.596  1521  2625 D ConnectivityService: notifyType CALLBACK_CAP_CHANGED for [241 WIFI]
11-12 22:38:34.596  1521  2714 I SemWifiLinkQualityMonitor: Link stat: 269 / 2 / 1.21 (23) / 468 / -60.0 || 100.0 : 468.00 / 0.5 : 0.83 / 0.55 : 0.01 / G (G) || e7cae6f25220: 0.090 / 89.253 /  / N || N N / 0 / N 2.0 / N 0 / 834919411 0
11-12 22:38:34.597  3094  3094 I EPDG -- SIM1 [SMARTWIFI]: Rssi : -60 highrange : -75 lowrange : -85 mIsRssiInHystersis : false
11-12 22:38:34.597  3094  3094 I EPDG -- SIM1 [SMARTWIFI]: Rssi : -60 highrange : -75 lowrange : -85 mIsRssiInHystersis : false
11-12 22:38:34.597  3094  3094 I EPDG -- SIM1 [SMARTWIFI]: getHandoverThresholdMet: value is: false
11-12 22:38:34.601  1521  2663 D SemWifiApNsd:Client: lpInterface:wlan0
11-12 22:38:34.601  1521  2663 D SemWifiSwitchForIndividualAppsService: stopTCPMonitoring : already stopped
11-12 22:38:34.601  1521  2663 I WifiConnectivityMonitor.NCC: sNetworkCallback(oCC) FULL : 241(valid: true/captive: false)
11-12 22:38:34.603  1521  2663 I WifiConnectivityMonitor.NCC: [ Transports: WIFI Capabilities: NOT_METERED&INTERNET&NOT_RESTRICTED&TRUSTED&NOT_VPN&VALIDATED&NOT_ROAMING&FOREGROUND&NOT_CONGESTED&NOT_SUSPENDED&NOT_VCN_MANAGED&NOT_BANDWIDTH_CONSTRAINED LinkUpBandwidth>=31727Kbps LinkDnBandwidth>=34553Kbps TransportInfo: <SSID: <unknown ssid>, BSSID: 02:00:00:**:**:00, MAC: 02:00:00:**:**:00, IP: /192.***.**.36, Security type: 2, Supplicant state: COMPLETED, Wi-Fi standard: 11ac, RSSI: -60, Link speed: 468Mbps, Tx Link speed: 468Mbps, Max Supported Tx Link speed: 866Mbps, Rx Link speed: 520Mbps, Max Supported Rx Link speed: 866Mbps, Frequency: 5220MHz, Net ID: -1, Metered hint: false, score: 60, isUsable: true, CarrierMerged: false, SubscriptionId: -1, IsPrimary: 1, Trusted: true, Restricted: false, Ephemeral: false, OEM paid: false, OEM private: false, OSU AP: false, FQDN: <none>, Provider friendly name: <none>, Requesting package name: <none><none>MLO Information: , Is TID-To-Link negotiation supported by the AP: false, AP MLD Address: <none>, AP MLO Link Id: <none>, AP MLO Affiliated links: <none>, Vendor Data: <none>> SignalStrength: -60 AdminUids: [1000] SSID: "JioFiber-TH6BX" UnderlyingNetworks: Null]
11-12 22:38:34.603  1521  2738 D WifiConnectivityMonitor: HANDLE_ON_CAPABILITIES_CHANGED
11-12 22:38:34.603  1521  2738 I WifiConnectivityMonitor: determineMode : MODE_NON_SWITCHABLE_BY_POOR_NETWORK_DETECTION_DISABLED
11-12 22:38:34.603  1521  2738 D OpenNetworkQos[4.00]: updateBssidNoInternet: mBssidNoInternet = false
11-12 22:38:34.603  1521  2738 D OpenNetworkQos[4.00]: getOpenNetworkQosNoInternetStatus: false
11-12 22:38:34.603  1521  2738 D OpenNetworkQos[4.00]: getOpenNetworkQosScores: 26 30 30 
11-12 22:38:34.603  1521  2738 D KNOX_MDM_SettingsProvider: isChangeAllowed() : name = wifi_wcm_qos_sharing_score_summary
11-12 22:38:34.603  1521  2738 I WifiProfileShare: network QoS data was changed (internet), updateQoSData networkType: true, qosData: false
11-12 22:38:34.604  2884  3157 D WifiPickerTracker: updateWifiEntries capabilities
11-12 22:38:34.604  1521  3871 V WifiProfileShare.Caster: update wips network, size: 0
11-12 22:38:34.604  1521  3871 D WifiProfileShare: nearby scanning settings run
11-12 22:38:34.605  1521  3871 D WifiProfileShare: network score provider settings enabled
11-12 22:38:34.605  1521  3871 D OpenNetworkQos[4.00]: getOpenNetworkQosScores: 26 30 30 
11-12 22:38:34.605  1521  3871 D OpenNetworkQos[4.00]: getOpenNetworkQosNoInternetStatus: false
11-12 22:38:34.605  1521  3871 I WifiProfileShare.Caster: current network type: 0, score: [26, 30, 30]
11-12 22:38:34.605  1521  3871 V WifiProfileShare.Cache: update network score 62:ca:e7:**:**:f2
11-12 22:38:34.605  1521  3871 D WifiProfileShare.ScanMatcher: getMcfDataList size:2
11-12 22:38:34.605  6597  7010 I HBD     : i onCapabilitiesChanged network : 241 current network state : wifi 
11-12 22:38:34.605  1521  3871 I WifiProfileShare.Caster: qos data was updated , before:type:QOS, pBssid:00:01:90, qosData:7c after:type:QOS, pBssid:00:01:90, qosData:7c
11-12 22:38:34.606  1521  2663 D SemWifiApTrafficPriority: onCapabilitiesChanged Wifi:wlan0,mGapiValue:34.553Uplink: 31.727
11-12 22:38:34.607  1521  3871 I [MCFSDK_android_1.2.27006]_4_McfCasterImpl: isNetworkEnabled - type : 1 ret : true
11-12 22:38:34.607  1521  3871 D WifiProfileShare.McfCast: -ME--- mIsNetworkEnabled :true
11-12 22:38:34.607  1521  3871 D WifiProfileShare.McfCast: updateQoSData ignored, same contents
11-12 22:38:34.607  1521  3871 D WifiProfileShare.MCF: success update QosData !
11-12 22:38:34.607  1521  3871 I [MCFSDK_android_1.2.27006]_4_McfCasterImpl: isNetworkEnabled - type : 1 ret : true
11-12 22:38:34.607  1521  3871 D WifiProfileShare.McfCast: -ME--- mIsNetworkEnabled :true
11-12 22:38:34.607  1521  3871 D WifiProfileShare.McfCast: -ME--- updatePasswordDate pwdData size:2
11-12 22:38:34.608  2884  3157 D WifiPickerTracker: update AutoHotspot Entries() : bleAccessPoints -> 0
11-12 22:38:34.608  2884  3157 D WifiPickerTracker: handleNetworkCapabilitiesChanged
11-12 22:38:34.610 30867 30908 I BugleRcsEngine: handleMessage processing message:[NOTIFY_UPTIME_IGNORE_STATE_CHANGED] with [non-null]:RcsEngineImpl reference [CONTEXT log_prefix="RcsEngineImpl[DUAL_REG]:[25422e2b-5225]>Handler" thread_id=7140 ]
11-12 22:38:34.610 30867 30898 I BugleRcsEngine: Connected state: [1], networkType: [WIFI] [CONTEXT thread_id=7130 ]
11-12 22:38:34.618   722   808 I NullBinder: NullBinder for android.net.action.RECOMMEND_NETWORKS triggering remote TransactionTooLargeException due to Service without Chimera impl, calling uid: 1000, calling pid: 0
11-12 22:38:34.618   722   808 W .gms.persistent: Large reply transaction of 1056768 bytes, interface descriptor , code 1
11-12 22:38:34.669 19010 19036 V CpEventLog(u150): cp_state: [                 contacts = {contacts=0, raw_contacts=0, data=0, account={secphone(1)=0}, trash=0, trash_acc={}, trash_sync=0, database=contacts2.db} ]
11-12 22:38:34.669 19010 19036 V CpEventLog(u150): cp_state: [               aggregated = {} ]
11-12 22:38:34.669 19010 19036 V CpEventLog(u150): cp_state: [                  request = {} ]
11-12 22:38:34.669 19010 19036 V CpEventLog(u150): cp_state: [                    calls = {types={}, database=calllog.db} ]
11-12 22:38:34.669 19010 19036 V CpEventLog(u150): cp_state: [                  profile = {contacts=0, raw_contacts=0, data=0, account={secphone(1)=0}, trash=0, trash_acc={}, trash_sync=0, database=profile.db} ]
11-12 22:38:34.669 19010 19036 V CpEventLog(u150): cp_state: [               sa_profile = {contacts=0, raw_contacts=0, data=0, account={secphone(1)=0}, trash=0, trash_acc={}, trash_sync=0, database=profile_sa.db} ]
11-12 22:38:34.669 19010 19036 V CpEventLog(u150): cp_state: [                      etc = {binders=0, country_iso=IN, version=15.4.39, db_version=1901, csc=/INU, sec_enabled=false, is_roaming=false} ]
11-12 22:38:34.669 19010 19036 V CpEventLog(u150): cp_state: ------------------------------------------------------------------------------
11-12 22:38:34.704  1187 28017 I sensors-hal: handle_sns_client_event:531, [44313] mag_sample_cal: ts=1247394076548312 ns; cal = [15.816930, -29.761141, 10.488678], uncal = [-13.939456, -35.296219, -16.912651], bias = [-29.756386, -5.535078, -27.401329], status=1
11-12 22:38:34.707  6597  6597 I HBD     : i onCapabilityChanged  setNetworkState currentNetworkState : wifi 
11-12 22:38:35.086  1187 13013 I sensors-hal: handle_sns_client_event:540, [0][162049] accel_sample [ 0.379,  9.158,  3.567] 1247394427628937
11-12 22:38:35.114   722 31588 I NearbySharing: Network state changed: NetworkState(isRestricted=false, isOnline=true, isCongested=false, isMetered=false, isWifiConnected=true)
11-12 22:38:35.298  1521  2772 D NetdEventListenerService: DNS Requested by 241, 10823(host.exp.exponent), SUCCESS, 3ms
11-12 22:38:35.441  1521  3812 D FreecessController: com.facebook.katana(state: Initial -> Frozen, Reason: JOB_ADD)
11-12 22:38:35.450   722 31588 I NearbyMediums: No BLE Fast/GATT advertisements found in the latest cycle.
11-12 22:38:35.450   722 31588 I NearbyMediums: Current Tracked Scanning Clients are : {NearbyConnections.EnvironmentMonitor, NearbySharing, NearbyConnections.TxAdvertisement}
11-12 22:38:35.451   722 31876 I NearbyConnections: Processing lost BlePeripheral BlePeripheral{advertisement=BleAdvertisement { version=2, socketVersion=2, isFast=true, serviceIdHash=null, data=[ 0x23 0x46 0x43 0x39 0x31 0x11 0x32 0x30 0x5b 0x42 0x2a 0xf3 0x3c 0x62 0xf5 0xf6 0x1d 0x98 0x81 0x84 0x0b 0xef 0xd3 ], deviceToken=[ 0x9d 0x97 ], rxAdvertisement=null }, dctAdvertisement=null, address=null, psm=0, deviceToken=<ByteString@6e27a48 size=2 contents="\235\227">, isSecondProfile=false, rxInstantConnectionAdv=null}.
11-12 22:38:35.451   722 31876 I NearbyConnections: Lost BleEndpoint for BlePeripheral BlePeripheral{advertisement=BleAdvertisement { version=2, socketVersion=2, isFast=true, serviceIdHash=null, data=[ 0x23 0x46 0x43 0x39 0x31 0x11 0x32 0x30 0x5b 0x42 0x2a 0xf3 0x3c 0x62 0xf5 0xf6 0x1d 0x98 0x81 0x84 0x0b 0xef 0xd3 ], deviceToken=[ 0x9d 0x97 ], rxAdvertisement=null }, dctAdvertisement=null, address=null, psm=0, deviceToken=<ByteString@6e27a48 size=2 contents="\235\227">, isSecondProfile=false, rxInstantConnectionAdv=null} (with EndpointId FC91 and EndpointInfo [ 0x32 0x30 0x5b 0x42 0x2a 0xf3 0x3c 0x62 0xf5 0xf6 0x1d 0x98 0x81 0x84 0x0b 0xef 0xd3 ]).
11-12 22:38:35.451   722 31876 I NearbyConnections: Unable to record lost endpoint due to null currentDiscoveryPhase
11-12 22:38:35.451   722 31876 I NearbyConnections: ClientProxy(114777138) reporting onEndpointLost(FC91)
11-12 22:38:35.452  1521  3812 D FreecessController: FZ : com.facebook.katana(10302) [29714, 21113] reason: Bg
11-12 22:38:35.452  1521  3812 W LocationManagerService: onFreezeStateChanged, uid[10302]=true
11-12 22:38:35.452  1521  3812 I PowerManagerService: [PWL] SetWakeLockEnableDisable uid = 10302 , disable= true
11-12 22:38:35.453  1521  3812 I PowerManagerService: [PWL] can not change uid =  10302
11-12 22:38:35.453   722 31588 I NearbySharing: NearbySharing Internal event EndpointLost(endpointId=FC91)
11-12 22:38:35.554  1521  2700 W SemWifi.Continuity: bind time out! try again ... 1
11-12 22:38:35.555  1521  2700 D [ContinuitySDK_1.2.7022]_VersionUtil: initSupportFeatures - abovePatchVersionCode - 1309
11-12 22:38:35.555  1521  2700 I [ContinuitySDK_1.2.7022]_VersionUtil: initSupportFeatures - serviceVersionCode - 130901000, mSupportFeatures - 11
11-12 22:38:35.555  1521  2700 I [ContinuitySDK_1.2.7022]_ContinuityAdapterImpl: bindService - -
11-12 22:38:35.556  1521  2625 D InetDiagMessage: Destroyed 0 sockets, proto=IPPROTO_TCP, family=AF_INET, states=14
11-12 22:38:35.556  1521 28391 I [ContinuitySDK_1.2.7022]_ContinuityAdapterImpl: initialize - INIT_SUCCESS
11-12 22:38:35.556  1521 28391 I [ContinuitySDK_1.2.7022]_ExecutorUtil: start - sIsStarted = false
11-12 22:38:35.556  1521 28391 W ContextImpl: Calling a method in the system process without a qualified user: android.app.ContextImpl.bindService:2092 com.samsung.android.mcf.continuity.impl.ContinuityAdapterImpl.$r8$lambda$8A1pWsBhtxEl-BgeFqVMHKeudJs:159 com.samsung.android.mcf.continuity.impl.ContinuityAdapterImpl$$ExternalSyntheticLambda3.run:7 com.samsung.android.mcf.continuity.common.ExecutorUtil$b.run:3 java.util.concurrent.ThreadPoolExecutor.runWorker:1145 
11-12 22:38:35.556  1521  2625 D InetDiagMessage: Destroyed 0 sockets, proto=IPPROTO_TCP, family=AF_INET6, states=14
11-12 22:38:35.556  1521  2625 D InetDiagMessage: Destroyed live tcp sockets for uids={10302} in 1ms
11-12 22:38:35.557  1521  2625 D InetDiagMessage: Destroyed 0 sockets, proto=IPPROTO_TCP, family=AF_INET, states=14
11-12 22:38:35.558  1521  2625 D InetDiagMessage: Destroyed 0 sockets, proto=IPPROTO_TCP, family=AF_INET6, states=14
11-12 22:38:35.558  1521  2625 D InetDiagMessage: Destroyed live tcp sockets for uids={20302} in 1ms
11-12 22:38:35.558  1521 28391 I [ContinuitySDK_1.2.7022]_ContinuityAdapterImpl: bindService - start bindService
11-12 22:38:35.562  1521 28391 I [ContinuitySDK_1.2.7022]_ContinuityAdapterImpl: onServiceConnected - main controller is not started -> try sync cloud
11-12 22:38:35.562  6236  6236 I [MCFDs]_McfSyncMainController: registerSyncCloudCallback - appId: 33
11-12 22:38:35.562  6236  6236 I [MCFDs]_McfSyncMainController: sendSyncCloudCallback - isStarted: false
11-12 22:38:35.563  1521 28391 W [ContinuitySDK_1.2.7022]_ContinuityAdapterImpl: onCallback - fail to syncCloud
11-12 22:38:35.563  1521 28391 I [ContinuitySDK_1.2.7022]_ContinuityAdapterImpl: unbindServiceImpl - -
11-12 22:38:35.564  1521 28391 D [ContinuitySDK_1.2.7022]_VersionUtil: isSDKSupportFeature - abovePatchVersionCode - 1207
11-12 22:38:35.564  1521 28391 I [ContinuitySDK_1.2.7022]_ContinuitySession: closeServer - -
11-12 22:38:35.565  1521 32047 V SemWifi.Continuity: onServiceDisconnected
11-12 22:38:35.565  1521 28391 I [ContinuitySDK_1.2.7022]_ContinuityAdapterImpl: release - -
11-12 22:38:35.565  1521 28391 I [ContinuitySDK_1.2.7022]_ContinuityAdapterImpl: unbindServiceImpl - -
11-12 22:38:35.565  1521 28391 W [ContinuitySDK_1.2.7022]_ContinuityAdapterImpl: unbindServiceImpl - invalid service state 0
11-12 22:38:35.565  1521 28391 I [ContinuitySDK_1.2.7022]_ExecutorUtil: shutdown - sIsStarted = true
11-12 22:38:35.848  1187 23201 I sensors-hal: handle_sns_std_sensor_event:140, [22430] Pressure 961.214, cal 0.000
11-12 22:38:35.914   805   805 D io_stats: !@   8,0 r 187041563 4905194988 w 36661034 621283024 d 11158510 731917696 f 0 0 iot 78350436 0 th 0 0 0 pt 0 inp 0 0 834920.730
11-12 22:38:35.971 31368 31397 W TracingHelper: Mismatched RequestContext found for module CORE. Module id from RequestContext is MODULEID_UNKNOWN [CONTEXT service_id=259 ratelimit_count=100000 ]
11-12 22:38:35.991 27590 27590 D BoundBrokerSvc: onRebind: Intent { act=com.google.android.gms.libs.gmscorelogger.service.START dat=chimera-action:/... cmp=com.google.android.gms/.chimera.PersistentDirectBootAwareApiService }
11-12 22:38:35.992  1187 28938 I sensors-hal: handle_sns_std_sensor_event:155, [SSC_LIGHT] P: 25(25),m:1,c:25,b:107,wb:0,r:203,bl:0,16:256
11-12 22:38:36.433  1521  3812 I NSLocationMonitor: getGPSUsingApps() called
11-12 22:38:36.434  3805 26438 I NSLocationManager_FLP: getGPSUsingApps, No change
11-12 22:38:36.446  1521  3812 D FreecessController: com.facebook.katana(state: Frozen -> Initial, Reason: job)
11-12 22:38:36.586  1521  2700 V SemWifi.Continuity: wait for binding service
11-12 22:38:36.704  1187 28017 I sensors-hal: handle_sns_client_event:531, [44333] mag_sample_cal: ts=1247396076548312 ns; cal = [15.800565, -30.050924, 10.946449], uncal = [-13.955821, -35.586002, -16.454880], bias = [-29.756386, -5.535078, -27.401329], status=1
11-12 22:38:37.088  1187 13013 I sensors-hal: handle_sns_client_event:540, [0][162079] accel_sample [ 0.378,  9.161,  3.559] 1247396429059354
11-12 22:38:37.573  1521  2772 D NetdEventListenerService: DNS Requested by 241, 10823(host.exp.exponent), SUCCESS, 3ms
11-12 22:38:37.576  1521  2772 D NetdEventListenerService: DNS Requested by 241, 10823(host.exp.exponent), SUCCESS, 4ms
11-12 22:38:37.613  1521  2625 D ConnectivityService: notifyType CALLBACK_CAP_CHANGED for [241 WIFI]
11-12 22:38:37.614  1521 21693 D SemWifiUsabilityStatsMonitor: onWifiUsabilityStats - seqNum 103505, isSameBssidAndFreq true
11-12 22:38:37.614  3094  3094 I EPDG -- SIM1 [SMARTWIFI]: isProfiling, hash=171830150, started=true
11-12 22:38:37.614  3094  3094 W Settings: Setting wifi_on has moved from android.provider.Settings.System to android.provider.Settings.Secure, returning read-only value.
11-12 22:38:37.614  1521  2714 I SemWifiLinkQualityMonitor: Link stat: 499 / 26 / 1.36 (38) / 390 / -57.0 || 100.0 : 390.00 / 0.5 : 0.74 / 0.55 : 0.05 / G (G) || e7cae6f25220: 0.096 / 82.927 /  / N || N N / 0 / N 2.0 / N 0 / 834922429 0
11-12 22:38:37.614  3094  3094 W Settings: Setting wifi_on has moved from android.provider.Settings.Secure to android.provider.Settings.Global.
11-12 22:38:37.615  3094  3094 I EPDG -- SIM1 [SMARTWIFI]: isProfiling, hash=171830150, started=true
11-12 22:38:37.619  2884  3157 D WifiPickerTracker: updateWifiEntries capabilities
11-12 22:38:37.619  3094  3094 I EPDG -- SIM1 [SMARTWIFI]: Rssi : -57 highrange : -75 lowrange : -85 mIsRssiInHystersis : false
11-12 22:38:37.619  3094  3094 I EPDG -- SIM1 [SMARTWIFI]: Rssi : -57 highrange : -75 lowrange : -85 mIsRssiInHystersis : false
11-12 22:38:37.619  3094  3094 I EPDG -- SIM1 [SMARTWIFI]: getHandoverThresholdMet: value is: false
11-12 22:38:37.620  6597  7010 I HBD     : i onCapabilitiesChanged network : 241 current network state : wifi 
11-12 22:38:37.621  2884  3157 D WifiPickerTracker: update AutoHotspot Entries() : bleAccessPoints -> 0
11-12 22:38:37.621  2884  3157 D WifiPickerTracker: handleNetworkCapabilitiesChanged
11-12 22:38:37.624  1521  2663 D SemWifiApNsd:Client: lpInterface:wlan0
11-12 22:38:37.625  1521  2663 D SemWifiSwitchForIndividualAppsService: stopTCPMonitoring : already stopped
11-12 22:38:37.625 30867 30908 I BugleRcsEngine: handleMessage processing message:[NOTIFY_UPTIME_IGNORE_STATE_CHANGED] with [non-null]:RcsEngineImpl reference [CONTEXT log_prefix="RcsEngineImpl[DUAL_REG]:[25422e2b-5225]>Handler" thread_id=7140 ]
11-12 22:38:37.625  1521  2663 I WifiConnectivityMonitor.NCC: sNetworkCallback(oCC) FULL : 241(valid: true/captive: false)
11-12 22:38:37.625  1521  2663 I WifiConnectivityMonitor.NCC: [ Transports: WIFI Capabilities: NOT_METERED&INTERNET&NOT_RESTRICTED&TRUSTED&NOT_VPN&VALIDATED&NOT_ROAMING&FOREGROUND&NOT_CONGESTED&NOT_SUSPENDED&NOT_VCN_MANAGED&NOT_BANDWIDTH_CONSTRAINED LinkUpBandwidth>=31727Kbps LinkDnBandwidth>=34553Kbps TransportInfo: <SSID: <unknown ssid>, BSSID: 02:00:00:**:**:00, MAC: 02:00:00:**:**:00, IP: /192.***.**.36, Security type: 2, Supplicant state: COMPLETED, Wi-Fi standard: 11ac, RSSI: -57, Link speed: 390Mbps, Tx Link speed: 390Mbps, Max Supported Tx Link speed: 866Mbps, Rx Link speed: 520Mbps, Max Supported Rx Link speed: 866Mbps, Frequency: 5220MHz, Net ID: -1, Metered hint: false, score: 60, isUsable: true, CarrierMerged: false, SubscriptionId: -1, IsPrimary: 1, Trusted: true, Restricted: false, Ephemeral: false, OEM paid: false, OEM private: false, OSU AP: false, FQDN: <none>, Provider friendly name: <none>, Requesting package name: <none><none>MLO Information: , Is TID-To-Link negotiation supported by the AP: false, AP MLD Address: <none>, AP MLO Link Id: <none>, AP MLO Affiliated links: <none>, Vendor Data: <none>> SignalStrength: -57 AdminUids: [1000] SSID: "JioFiber-TH6BX" UnderlyingNetworks: Null]
11-12 22:38:37.625  1521  2738 D WifiConnectivityMonitor: HANDLE_ON_CAPABILITIES_CHANGED
11-12 22:38:37.625  1521  2663 D SemWifiApTrafficPriority: onCapabilitiesChanged Wifi:wlan0,mGapiValue:34.553Uplink: 31.727
11-12 22:38:37.625  1521  2738 I WifiConnectivityMonitor: determineMode : MODE_NON_SWITCHABLE_BY_POOR_NETWORK_DETECTION_DISABLED
11-12 22:38:37.625  1521  2738 D OpenNetworkQos[4.00]: updateBssidNoInternet: mBssidNoInternet = false
11-12 22:38:37.625  1521  2738 D OpenNetworkQos[4.00]: getOpenNetworkQosNoInternetStatus: false
11-12 22:38:37.626  1521  2738 D OpenNetworkQos[4.00]: getOpenNetworkQosScores: 26 30 30 
11-12 22:38:37.626  1521  2738 D KNOX_MDM_SettingsProvider: isChangeAllowed() : name = wifi_wcm_qos_sharing_score_summary
11-12 22:38:37.626  1521  2738 I WifiProfileShare: network QoS data was changed (internet), updateQoSData networkType: true, qosData: false
11-12 22:38:37.626  1521  3871 V WifiProfileShare.Caster: update wips network, size: 0
11-12 22:38:37.626  1521  3871 D WifiProfileShare: nearby scanning settings run
11-12 22:38:37.626  1521  3871 D WifiProfileShare: network score provider settings enabled
11-12 22:38:37.626  1521  3871 D OpenNetworkQos[4.00]: getOpenNetworkQosScores: 26 30 30 
11-12 22:38:37.626  1521  3871 D OpenNetworkQos[4.00]: getOpenNetworkQosNoInternetStatus: false
11-12 22:38:37.626  1521  3871 I WifiProfileShare.Caster: current network type: 0, score: [26, 30, 30]
11-12 22:38:37.626  1521  3871 V WifiProfileShare.Cache: update network score 62:ca:e7:**:**:f2
11-12 22:38:37.626  1521  3871 D WifiProfileShare.ScanMatcher: getMcfDataList size:2
11-12 22:38:37.626  1521  3871 I WifiProfileShare.Caster: qos data was updated , before:type:QOS, pBssid:00:01:90, qosData:7c after:type:QOS, pBssid:00:01:90, qosData:7c
11-12 22:38:37.627 30867 30898 I BugleRcsEngine: Connected state: [1], networkType: [WIFI] [CONTEXT thread_id=7130 ]
11-12 22:38:37.627  1521  3871 I [MCFSDK_android_1.2.27006]_4_McfCasterImpl: isNetworkEnabled - type : 1 ret : true
11-12 22:38:37.627  1521  3871 D WifiProfileShare.McfCast: -ME--- mIsNetworkEnabled :true
11-12 22:38:37.627  1521  3871 D WifiProfileShare.McfCast: updateQoSData ignored, same contents
11-12 22:38:37.627  1521  3871 D WifiProfileShare.MCF: success update QosData !
11-12 22:38:37.627  1521  3871 I [MCFSDK_android_1.2.27006]_4_McfCasterImpl: isNetworkEnabled - type : 1 ret : true
11-12 22:38:37.627  1521  3871 D WifiProfileShare.McfCast: -ME--- mIsNetworkEnabled :true
11-12 22:38:37.627  1521  3871 D WifiProfileShare.McfCast: -ME--- updatePasswordDate pwdData size:2
11-12 22:38:37.629   722   808 I NullBinder: NullBinder for android.net.action.RECOMMEND_NETWORKS triggering remote TransactionTooLargeException due to Service without Chimera impl, calling uid: 1000, calling pid: 0
11-12 22:38:37.629   722   808 W .gms.persistent: Large reply transaction of 1056768 bytes, interface descriptor , code 1
11-12 22:38:37.631  1521  3759 D ActivityManager: unpendingScheduleServiceRestart: u=10310, drop=false
11-12 22:38:37.631  1521  3757 W FreecessController: getAllRunningPackagePids: Failed to read pid from /sys/fs/cgroup/uid_10310/pid_16660/cgroup.procs
11-12 22:38:37.633  1521  3757 D FreecessController: UFZ : com.myntra.android(10310) [28888] reason: Binder(1)-free_buffer_full
11-12 22:38:37.633  1521  3812 W LocationManagerService: onFreezeStateChanged, uid[10310]=false
11-12 22:38:37.633  1521  3812 I PowerManagerService: [PWL] SetWakeLockEnableDisable uid = 10310 , disable= false
11-12 22:38:37.633  1521  3812 I PowerManagerService: [PWL] can not change uid =  10310
11-12 22:38:37.649  6593  6593 D BoundBrokerSvc: onUnbind: Intent { act=com.google.android.gms.auth.api.identity.service.signin.START dat=chimera-action:/... cmp=com.google.android.gms/.chimera.GmsApiService }
11-12 22:38:37.722  6597  6597 I HBD     : i onCapabilityChanged  setNetworkState currentNetworkState : wifi 
11-12 22:38:37.847  1187 23201 I sensors-hal: handle_sns_std_sensor_event:140, [22440] Pressure 961.226, cal 0.000
11-12 22:38:37.915   805   805 D io_stats: !@   8,0 r 187041591 4905196064 w 36661034 621283024 d 11158510 731917696 f 0 0 iot 78350476 0 th 0 0 0 pt 0 inp 0 0 834922.731
11-12 22:38:37.915   805   805 D io_stats: !@ Read_top(KB): .myntra.android(28888) 1004 gle.android.gms(31368) 52 .gms.persistent(27590) 20
11-12 22:38:37.915   805   805 D io_stats: !@ Write_top(KB): kworker/u16:11(21494) 940
11-12 22:38:38.129   722 32045 I NearbySharing: Network state changed: NetworkState(isRestricted=false, isOnline=true, isCongested=false, isMetered=false, isWifiConnected=true)
11-12 22:38:38.704  1187 28017 I sensors-hal: handle_sns_client_event:531, [44353] mag_sample_cal: ts=1247398076548312 ns; cal = [15.638774, -30.635412, 9.690784], uncal = [-14.117612, -36.170490, -17.710545], bias = [-29.756386, -5.535078, -27.401329], status=1
11-12 22:38:38.711  1187 28938 I sensors-hal: handle_sns_std_sensor_event:155, [SSC_LIGHT] P: 21(21),m:1,c:25,b:107,wb:0,r:154,bl:0,16:256
11-12 22:38:38.851  1187 28957 I sensors-hal: handle_sns_client_event:261, auto_rotation_debug_2 mode,255, type,1,0 acc,0.380,9.165,3.565, ar,0, ver,12
11-12 22:38:39.090  1187 13013 I sensors-hal: handle_sns_client_event:540, [0][162109] accel_sample [ 0.371,  9.158,  3.564] 1247398430486854
11-12 22:38:39.373  1161 29180 I vendor.qti.bluetooth@1.0-ibs_handler: ProcessIbsCmd: Received IBS_WAKE_IND: 0xFD
11-12 22:38:39.373  1161 29180 D vendor.qti.bluetooth@1.0-ibs_handler: SerialClockVote: vote for UART CLK ON
11-12 22:38:39.374  1161 29180 D vendor.qti.bluetooth@1.0-wake_lock: Acquire wakelock is acquired 
11-12 22:38:39.374  1161 29180 I vendor.qti.bluetooth@1.0-ibs_handler: ProcessIbsCmd: Writing IBS_WAKE_ACK
11-12 22:38:39.384 28939 29198 I BtGatt.ScanHelper: onScanResult to scannerId: 6- eventType=0x10, addressType=1, address=XX:XX:XX:XX:F2:86, primaryPhy=1, secondaryPhy=0, advertisingSid=0xff, txPower=127, rssi=-96, periodicAdvInt=0x0
11-12 22:38:39.388   722 32046 I NearbyConnections: Found BleAdvertisement [ 0x23 0x46 0x43 0x39 0x31 0x11 0x32 0x30 0x5b 0x42 0x2a 0xf3 0x3c 0x62 0xf5 0xf6 0x1d 0x98 0x81 0x84 0x0b 0xef 0xd3 ] (with EndpointId FC91 and EndpointInfo [ 0x32 0x30 0x5b 0x42 0x2a 0xf3 0x3c 0x62 0xf5 0xf6 0x1d 0x98 0x81 0x84 0x0b 0xef 0xd3 ])
11-12 22:38:39.389   722 32046 I NearbyConnections: Unable to record discovered endpoint due to null currentDiscoveryPhase
11-12 22:38:39.389   722 32046 I NearbyConnections: ClientProxy(114777138 0p:com.google.android.gms.nearby.sharing) reporting onEndpointFound(FC91)
11-12 22:38:39.389   722 32046 I NearbyConnections: ClientProxy(114777138) reporting onEndpointDistanceChanged(FC91, UNKNOWN)
11-12 22:38:39.390   722 31876 I NearbySharing: NearbySharing Internal event EndpointDiscovered(endpointId=FC91)
11-12 22:38:39.424  1161 29180 I vendor.qti.bluetooth@1.0-ibs_handler: ProcessIbsCmd: Received IBS_SLEEP_IND: 0xFE
11-12 22:38:39.424  1161 29180 D vendor.qti.bluetooth@1.0-ibs_handler: SerialClockVote: vote for UART CLK OFF
11-12 22:38:39.575  1161 29047 D vendor.qti.bluetooth@1.0-wake_lock: Release wakelock is released 
11-12 22:38:39.848  1187 23201 I sensors-hal: handle_sns_std_sensor_event:140, [22450] Pressure 961.221, cal 0.000
11-12 22:38:39.916   805   805 D io_stats: !@   8,0 r 187041591 4905196064 w 36661050 621283984 d 11158510 731917696 f 0 0 iot 78350500 0 th 0 0 0 pt 0 inp 0 0 834924.732
11-12 22:38:39.944  1521  2772 D NetdEventListenerService: DNS Requested by 241, 10823(host.exp.exponent), SUCCESS, 3ms
11-12 22:38:39.947  1521  2772 D NetdEventListenerService: DNS Requested by 241, 10823(host.exp.exponent), SUCCESS, 3ms
11-12 22:38:40.556  1521  2700 W SemWifi.Continuity: bind time out! try again ... 2
11-12 22:38:40.557  1521  2700 D [ContinuitySDK_1.2.7022]_VersionUtil: initSupportFeatures - abovePatchVersionCode - 1309
11-12 22:38:40.558  1521  2700 I [ContinuitySDK_1.2.7022]_VersionUtil: initSupportFeatures - serviceVersionCode - 130901000, mSupportFeatures - 11
11-12 22:38:40.558  1521  2700 I [ContinuitySDK_1.2.7022]_ContinuityAdapterImpl: bindService - -
11-12 22:38:40.558  1521 28391 I [ContinuitySDK_1.2.7022]_ContinuityAdapterImpl: initialize - INIT_SUCCESS
11-12 22:38:40.558  1521 28391 I [ContinuitySDK_1.2.7022]_ExecutorUtil: start - sIsStarted = false
11-12 22:38:40.559  1521 28391 W ContextImpl: Calling a method in the system process without a qualified user: android.app.ContextImpl.bindService:2092 com.samsung.android.mcf.continuity.impl.ContinuityAdapterImpl.$r8$lambda$8A1pWsBhtxEl-BgeFqVMHKeudJs:159 com.samsung.android.mcf.continuity.impl.ContinuityAdapterImpl$$ExternalSyntheticLambda3.run:7 com.samsung.android.mcf.continuity.common.ExecutorUtil$b.run:3 java.util.concurrent.ThreadPoolExecutor.runWorker:1145 
11-12 22:38:40.562  1521 28391 I [ContinuitySDK_1.2.7022]_ContinuityAdapterImpl: bindService - start bindService
11-12 22:38:40.566  1521 28391 I [ContinuitySDK_1.2.7022]_ContinuityAdapterImpl: onServiceConnected - main controller is not started -> try sync cloud
11-12 22:38:40.567  6236  6236 I [MCFDs]_McfSyncMainController: registerSyncCloudCallback - appId: 33
11-12 22:38:40.567  6236  6236 I [MCFDs]_McfSyncMainController: sendSyncCloudCallback - isStarted: false
11-12 22:38:40.567  1521 28391 W [ContinuitySDK_1.2.7022]_ContinuityAdapterImpl: onCallback - fail to syncCloud
11-12 22:38:40.567  1521 28391 I [ContinuitySDK_1.2.7022]_ContinuityAdapterImpl: unbindServiceImpl - -
11-12 22:38:40.568  1521 28391 D [ContinuitySDK_1.2.7022]_VersionUtil: isSDKSupportFeature - abovePatchVersionCode - 1207
11-12 22:38:40.568  1521 28391 I [ContinuitySDK_1.2.7022]_ContinuitySession: closeServer - -
11-12 22:38:40.570  1521 32065 V SemWifi.Continuity: onServiceDisconnected
11-12 22:38:40.570  1521 28391 I [ContinuitySDK_1.2.7022]_ContinuityAdapterImpl: release - -
11-12 22:38:40.570  1521 28391 I [ContinuitySDK_1.2.7022]_ContinuityAdapterImpl: unbindServiceImpl - -
11-12 22:38:40.570  1521 28391 W [ContinuitySDK_1.2.7022]_ContinuityAdapterImpl: unbindServiceImpl - invalid service state 0
11-12 22:38:40.570  1521 28391 I [ContinuitySDK_1.2.7022]_ExecutorUtil: shutdown - sIsStarted = true
11-12 22:38:40.591   813 31989 I keystore2: system/security/keystore2/watchdog/src/lib.rs:319 - Watchdog thread idle -> terminating. Have a great day.
11-12 22:38:40.639  3094  3094 I EPDG -- SIM1 [SMARTWIFI]: isProfiling, hash=171830150, started=true
11-12 22:38:40.639  3094  3094 W Settings: Setting wifi_on has moved from android.provider.Settings.System to android.provider.Settings.Secure, returning read-only value.
11-12 22:38:40.639  3094  3094 W Settings: Setting wifi_on has moved from android.provider.Settings.Secure to android.provider.Settings.Global.
11-12 22:38:40.639  3094  3094 I EPDG -- SIM1 [SMARTWIFI]: isProfiling, hash=171830150, started=true
11-12 22:38:40.639  1521  2714 I SemWifiLinkQualityMonitor: Link stat: 496 / 57 / 1.18 (39) / 468 / -56.0 || 100.0 : 468.00 / 0.5 : 0.85 / 0.55 : 0.11 / G (G) || e7cae6f25220: 0.098 / 81.266 /  / N || N N / 0 / N 2.0 / N 0 / 834925454 0
11-12 22:38:40.639  1521 21693 D SemWifiUsabilityStatsMonitor: onWifiUsabilityStats - seqNum 103506, isSameBssidAndFreq true
11-12 22:38:40.640  1521  2625 D ConnectivityService: notifyType CALLBACK_CAP_CHANGED for [241 WIFI]
11-12 22:38:40.641  3094  3094 I EPDG -- SIM1 [SMARTWIFI]: Rssi : -56 highrange : -75 lowrange : -85 mIsRssiInHystersis : false
11-12 22:38:40.641  3094  3094 I EPDG -- SIM1 [SMARTWIFI]: Rssi : -56 highrange : -75 lowrange : -85 mIsRssiInHystersis : false
11-12 22:38:40.641  3094  3094 I EPDG -- SIM1 [SMARTWIFI]: getHandoverThresholdMet: value is: false
11-12 22:38:40.646  2884  3157 D WifiPickerTracker: updateWifiEntries capabilities
11-12 22:38:40.646  6597  7010 I HBD     : i onCapabilitiesChanged network : 241 current network state : wifi 
11-12 22:38:40.646  1521  2663 D SemWifiApNsd:Client: lpInterface:wlan0
11-12 22:38:40.647  1521  2663 D SemWifiSwitchForIndividualAppsService: stopTCPMonitoring : already stopped
11-12 22:38:40.647  1521  2663 I WifiConnectivityMonitor.NCC: sNetworkCallback(oCC) FULL : 241(valid: true/captive: false)
11-12 22:38:40.647   722   808 I NullBinder: NullBinder for android.net.action.RECOMMEND_NETWORKS triggering remote TransactionTooLargeException due to Service without Chimera impl, calling uid: 1000, calling pid: 0
11-12 22:38:40.647   722   808 W .gms.persistent: Large reply transaction of 1056768 bytes, interface descriptor , code 1
11-12 22:38:40.648  1521  2663 I WifiConnectivityMonitor.NCC: [ Transports: WIFI Capabilities: NOT_METERED&INTERNET&NOT_RESTRICTED&TRUSTED&NOT_VPN&VALIDATED&NOT_ROAMING&FOREGROUND&NOT_CONGESTED&NOT_SUSPENDED&NOT_VCN_MANAGED&NOT_BANDWIDTH_CONSTRAINED LinkUpBandwidth>=31727Kbps LinkDnBandwidth>=34553Kbps TransportInfo: <SSID: <unknown ssid>, BSSID: 02:00:00:**:**:00, MAC: 02:00:00:**:**:00, IP: /192.***.**.36, Security type: 2, Supplicant state: COMPLETED, Wi-Fi standard: 11ac, RSSI: -56, Link speed: 468Mbps, Tx Link speed: 468Mbps, Max Supported Tx Link speed: 866Mbps, Rx Link speed: 585Mbps, Max Supported Rx Link speed: 866Mbps, Frequency: 5220MHz, Net ID: -1, Metered hint: false, score: 60, isUsable: true, CarrierMerged: false, SubscriptionId: -1, IsPrimary: 1, Trusted: true, Restricted: false, Ephemeral: false, OEM paid: false, OEM private: false, OSU AP: false, FQDN: <none>, Provider friendly name: <none>, Requesting package name: <none><none>MLO Information: , Is TID-To-Link negotiation supported by the AP: false, AP MLD Address: <none>, AP MLO Link Id: <none>, AP MLO Affiliated links: <none>, Vendor Data: <none>> SignalStrength: -56 AdminUids: [1000] SSID: "JioFiber-TH6BX" UnderlyingNetworks: Null]
11-12 22:38:40.649  2884  3157 D WifiPickerTracker: update AutoHotspot Entries() : bleAccessPoints -> 0
11-12 22:38:40.650  2884  3157 D WifiPickerTracker: handleNetworkCapabilitiesChanged
11-12 22:38:40.653 30867 30898 I BugleRcsEngine: Connected state: [1], networkType: [WIFI] [CONTEXT thread_id=7130 ]
11-12 22:38:40.654  1521  2663 D SemWifiApTrafficPriority: onCapabilitiesChanged Wifi:wlan0,mGapiValue:34.553Uplink: 31.727
11-12 22:38:40.655 30867 30908 I BugleRcsEngine: handleMessage processing message:[NOTIFY_UPTIME_IGNORE_STATE_CHANGED] with [non-null]:RcsEngineImpl reference [CONTEXT log_prefix="RcsEngineImpl[DUAL_REG]:[25422e2b-5225]>Handler" thread_id=7140 ]
11-12 22:38:40.655  1521  2738 D WifiConnectivityMonitor: HANDLE_ON_CAPABILITIES_CHANGED
11-12 22:38:40.655  1521  2738 I WifiConnectivityMonitor: determineMode : MODE_NON_SWITCHABLE_BY_POOR_NETWORK_DETECTION_DISABLED
11-12 22:38:40.655  1521  2738 D OpenNetworkQos[4.00]: updateBssidNoInternet: mBssidNoInternet = false
11-12 22:38:40.655  1521  2738 D OpenNetworkQos[4.00]: getOpenNetworkQosNoInternetStatus: false
11-12 22:38:40.655  1521  2738 D OpenNetworkQos[4.00]: getOpenNetworkQosScores: 26 30 30 
11-12 22:38:40.656  1521  2738 D KNOX_MDM_SettingsProvider: isChangeAllowed() : name = wifi_wcm_qos_sharing_score_summary
11-12 22:38:40.656  1521  2738 I WifiProfileShare: network QoS data was changed (internet), updateQoSData networkType: true, qosData: false
11-12 22:38:40.656  1521  3871 V WifiProfileShare.Caster: update wips network, size: 0
11-12 22:38:40.656  1521  3871 D WifiProfileShare: nearby scanning settings run
11-12 22:38:40.656  1521  3871 D WifiProfileShare: network score provider settings enabled
11-12 22:38:40.656  1521  3871 D OpenNetworkQos[4.00]: getOpenNetworkQosScores: 26 30 30 
11-12 22:38:40.656  1521  3871 D OpenNetworkQos[4.00]: getOpenNetworkQosNoInternetStatus: false
11-12 22:38:40.656  1521  3871 I WifiProfileShare.Caster: current network type: 0, score: [26, 30, 30]
11-12 22:38:40.656  1521  3871 V WifiProfileShare.Cache: update network score 62:ca:e7:**:**:f2
11-12 22:38:40.656  1521  3871 D WifiProfileShare.ScanMatcher: getMcfDataList size:2
11-12 22:38:40.656  1521  3871 I WifiProfileShare.Caster: qos data was updated , before:type:QOS, pBssid:00:01:90, qosData:7c after:type:QOS, pBssid:00:01:90, qosData:7c
11-12 22:38:40.657  1521  3871 I [MCFSDK_android_1.2.27006]_4_McfCasterImpl: isNetworkEnabled - type : 1 ret : true
11-12 22:38:40.657  1521  3871 D WifiProfileShare.McfCast: -ME--- mIsNetworkEnabled :true
11-12 22:38:40.657  1521  3871 D WifiProfileShare.McfCast: updateQoSData ignored, same contents
11-12 22:38:40.657  1521  3871 D WifiProfileShare.MCF: success update QosData !
11-12 22:38:40.657  1521  3871 I [MCFSDK_android_1.2.27006]_4_McfCasterImpl: isNetworkEnabled - type : 1 ret : true
11-12 22:38:40.657  1521  3871 D WifiProfileShare.McfCast: -ME--- mIsNetworkEnabled :true
11-12 22:38:40.657  1521  3871 D WifiProfileShare.McfCast: -ME--- updatePasswordDate pwdData size:2
11-12 22:38:40.691  1521  2531 D ActivityManager: freezing 31988 com.samsung.android.dqagent
11-12 22:38:40.696  1521  2531 I UMR     : B|Compact com.samsung.android.dqagent(31988)
11-12 22:38:40.704  1187 28017 I sensors-hal: handle_sns_client_event:531, [44373] mag_sample_cal: ts=1247400076548312 ns; cal = [16.863060, -30.042238, 10.485844], uncal = [-12.893326, -35.577316, -16.915485], bias = [-29.756386, -5.535078, -27.401329], status=1
11-12 22:38:40.713  1521  2531 I UMR     : E|Compact d_rss=60KB
11-12 22:38:40.748  6597  6597 I HBD     : i onCapabilityChanged  setNetworkState currentNetworkState : wifi 
11-12 22:38:40.823  1521  2531 D ActivityManager: freezing 31967 com.samsung.android.networkdiagnostic
11-12 22:38:40.826  1521  2625 D InetDiagMessage: Destroyed 0 sockets, proto=IPPROTO_TCP, family=AF_INET, states=14
11-12 22:38:40.827  1521  2625 D InetDiagMessage: Destroyed 0 sockets, proto=IPPROTO_TCP, family=AF_INET6, states=14
11-12 22:38:40.827  1521  2625 D InetDiagMessage: Destroyed live tcp sockets for uids={5023} in 2ms
11-12 22:38:40.827  1521  2531 I UMR     : B|Compact com.samsung.android.networkdiagnostic(31967)
11-12 22:38:40.843  1521  2531 I UMR     : E|Compact d_rss=60KB
11-12 22:38:41.085 12192 12192 I wpa_supplicant: Heartbeat 4362
11-12 22:38:41.091  1187 13013 I sensors-hal: handle_sns_client_event:540, [0][162139] accel_sample [ 0.374,  9.163,  3.561] 1247400431912271
11-12 22:38:41.157   722 32045 I NearbySharing: Network state changed: NetworkState(isRestricted=false, isOnline=true, isCongested=false, isMetered=false, isWifiConnected=true)
11-12 22:38:41.751  1187 28938 I sensors-hal: handle_sns_std_sensor_event:155, [SSC_LIGHT] P: 20(20),m:1,c:25,b:107,wb:0,r:182,bl:0,16:256
11-12 22:38:41.848  1187 23201 I sensors-hal: handle_sns_std_sensor_event:140, [22460] Pressure 961.226, cal 0.000
11-12 22:38:41.917   805   805 D io_stats: !@   8,0 r 187041591 4905196064 w 36661052 621283992 d 11158510 731917696 f 0 0 iot 78350512 0 th 0 0 0 pt 0 inp 0 0 834926.733
11-12 22:38:41.918   805   805 D io_stats: !@ Write_top(KB): kworker/u16:1(29897) 960 tworkdiagnostic(31967) 4 id.diagmonagent(6071) 4
11-12 22:38:42.195  1521  2772 D NetdEventListenerService: DNS Requested by 241, 10823(host.exp.exponent), SUCCESS, 4ms
11-12 22:38:42.196  1521  2772 D NetdEventListenerService: DNS Requested by 241, 10823(host.exp.exponent), SUCCESS, 2ms
11-12 22:38:42.626  1521  2700 V SemWifi.Continuity: wait for binding service
11-12 22:38:42.704  1187 28017 I sensors-hal: handle_sns_client_event:531, [44393] mag_sample_cal: ts=1247402076548312 ns; cal = [16.442940, -29.613016, 8.944534], uncal = [-13.313446, -35.148094, -18.456795], bias = [-29.756386, -5.535078, -27.401329], status=1
11-12 22:38:42.768  1346  1346 I SSC_DAEMON: physical_sensor_test_req_msg Sensor type :4, Msg type:5
11-12 22:38:42.770  1346  2478 I SSC_DAEMON: [FIFO_INFO] len: 80, itime: 288, gain: 256
11-12 22:38:42.770  1346  2478 I SSC_DAEMON: [DATA] 525, 525, 504, 504, 462, 462, 378, 378, 420, 420, 427, 427, 469, 469, 525, 525, 280, 280, 504, 504
11-12 22:38:42.770  1346  2478 I SSC_DAEMON: [DATA] 539, 539, 532, 532, 539, 539, 259, 259, 497, 497, 476, 476, 469, 469, 448, 448, 266, 266, 420, 420
11-12 22:38:42.770  1346  2478 I SSC_DAEMON: [DATA] 490, 490, 525, 525, 560, 560, 525, 525, 518, 518, 546, 546, 525, 525, 490, 490, 469, 469, 245, 245
11-12 22:38:42.770  1346  2478 I SSC_DAEMON: [DATA] 427, 427, 448, 448, 504, 504, 525, 525, 273, 273, 546, 546, 546, 546, 532, 532, 518, 518, 238, 238
11-12 22:38:42.876  6108  6108 I SDHMS:LOAD: type: LoadsFreqs, value: 0:42:0:844800:844800:844800:1333248:2419200:710400:315:315:315
11-12 22:38:43.092  1187 13013 I sensors-hal: handle_sns_client_event:540, [0][162169] accel_sample [ 0.374,  9.163,  3.564] 1247402433335708
11-12 22:38:43.524  1521  2740 D WifiConnectivityMonitor.NetworkStatsAnalyzer: Backhaul result - RSSI:-56, CE:7, PE:7, TI:24, PTI:24, TW:1, PTW:1, Tx:112, Rx:102, TxS:108, RxS:92, RESULT:true, IC:0, ICT:5, WC:0, WCT:5, R:9, RC:0, IE:0, EC:0
11-12 22:38:43.635  1521  3812 I NSLocationMonitor: getGPSUsingApps() called
11-12 22:38:43.636  3805 26438 I NSLocationManager_FLP: getGPSUsingApps, No change
11-12 22:38:43.650  1521  3812 D FreecessController: com.myntra.android(state: Initial -> Frozen, Reason: Binder(1)-free_buffer_full)
11-12 22:38:43.660  1521  3812 D FreecessController: FZ : com.myntra.android(10310) [28888] reason: Bg
11-12 22:38:43.661  1521  3812 W LocationManagerService: onFreezeStateChanged, uid[10310]=true
11-12 22:38:43.661  1521  3812 I PowerManagerService: [PWL] SetWakeLockEnableDisable uid = 10310 , disable= true
11-12 22:38:43.661  1521  3812 I PowerManagerService: [PWL] can not change uid =  10310
11-12 22:38:43.662  1521 21693 D SemWifiUsabilityStatsMonitor: onWifiUsabilityStats - seqNum 103507, isSameBssidAndFreq true
11-12 22:38:43.662  1521  2625 D ConnectivityService: notifyType CALLBACK_CAP_CHANGED for [241 WIFI]
11-12 22:38:43.663  1521  2714 I SemWifiLinkQualityMonitor: Link stat: 352 / 2 / 1.32 (25) / 468 / -56.0 || 100.0 : 468.00 / 0.5 : 0.76 / 0.55 : 0.01 / G (G) || e7cae6f25220: 0.090 / 89.380 /  / N || N N / 0 / N 2.0 / N 0 / 834928478 0
11-12 22:38:43.664  1521  2663 D SemWifiApNsd:Client: lpInterface:wlan0
11-12 22:38:43.664  1521  2663 D SemWifiSwitchForIndividualAppsService: stopTCPMonitoring : already stopped
11-12 22:38:43.664  1521  2663 I WifiConnectivityMonitor.NCC: sNetworkCallback(oCC) FULL : 241(valid: true/captive: false)
