11-12 22:38:43.664  1521  2663 I WifiConnectivityMonitor.NCC: [ Transports: WIFI Capabilities: NOT_METERED&INTERNET&NOT_RESTRICTED&TRUSTED&NOT_VPN&VALIDATED&NOT_ROAMING&FOREGROUND&NOT_CONGESTED&NOT_SUSPENDED&NOT_VCN_MANAGED&NOT_BANDWIDTH_CONSTRAINED LinkUpBandwidth>=31727Kbps LinkDnBandwidth>=34553Kbps TransportInfo: <SSID: <unknown ssid>, BSSID: 02:00:00:**:**:00, MAC: 02:00:00:**:**:00, IP: /192.***.**.36, Security type: 2, Supplicant state: COMPLETED, Wi-Fi standard: 11ac, RSSI: -56, Link speed: 468Mbps, Tx Link speed: 468Mbps, Max Supported Tx Link speed: 866Mbps, Rx Link speed: 650Mbps, Max Supported Rx Link speed: 866Mbps, Frequency: 5220MHz, Net ID: -1, Metered hint: false, score: 60, isUsable: true, CarrierMerged: false, SubscriptionId: -1, IsPrimary: 1, Trusted: true, Restricted: false, Ephemeral: false, OEM paid: false, OEM private: false, OSU AP: false, FQDN: <none>, Provider friendly name: <none>, Requesting package name: <none><none>MLO Information: , Is TID-To-Link negotiation supported by the AP: false, AP MLD Address: <none>, AP MLO Link Id: <none>, AP MLO Affiliated links: <none>, Vendor Data: <none>> SignalStrength: -56 AdminUids: [1000] SSID: "JioFiber-TH6BX" UnderlyingNetworks: Null]
11-12 22:38:43.665  1521  2738 D WifiConnectivityMonitor: HANDLE_ON_CAPABILITIES_CHANGED
11-12 22:38:43.665  1521  2738 I WifiConnectivityMonitor: determineMode : MODE_NON_SWITCHABLE_BY_POOR_NETWORK_DETECTION_DISABLED
11-12 22:38:43.665  1521  2738 D OpenNetworkQos[4.00]: updateBssidNoInternet: mBssidNoInternet = false
11-12 22:38:43.665  1521  2738 D OpenNetworkQos[4.00]: getOpenNetworkQosNoInternetStatus: false
11-12 22:38:43.665  1521  2738 D OpenNetworkQos[4.00]: getOpenNetworkQosScores: 26 30 30 
11-12 22:38:43.665  1521  2738 D KNOX_MDM_SettingsProvider: isChangeAllowed() : name = wifi_wcm_qos_sharing_score_summary
11-12 22:38:43.665  1521  2738 I WifiProfileShare: network QoS data was changed (internet), updateQoSData networkType: true, qosData: false
11-12 22:38:43.666  1521  2663 D SemWifiApTrafficPriority: onCapabilitiesChanged Wifi:wlan0,mGapiValue:34.553Uplink: 31.727
11-12 22:38:43.667  2884  3157 D WifiPickerTracker: updateWifiEntries capabilities
11-12 22:38:43.668  1521  3871 V WifiProfileShare.Caster: update wips network, size: 0
11-12 22:38:43.668  1521  3871 D WifiProfileShare: nearby scanning settings run
11-12 22:38:43.668  1521  3871 D WifiProfileShare: network score provider settings enabled
11-12 22:38:43.668  1521  3871 D OpenNetworkQos[4.00]: getOpenNetworkQosScores: 26 30 30 
11-12 22:38:43.668  1521  3871 D OpenNetworkQos[4.00]: getOpenNetworkQosNoInternetStatus: false
11-12 22:38:43.668  1521  3871 I WifiProfileShare.Caster: current network type: 0, score: [26, 30, 30]
11-12 22:38:43.669   722  4164 I NullBinder: NullBinder for android.net.action.RECOMMEND_NETWORKS triggering remote TransactionTooLargeException due to Service without Chimera impl, calling uid: 1000, calling pid: 0
11-12 22:38:43.669   722  4164 W .gms.persistent: Large reply transaction of 1056768 bytes, interface descriptor , code 1
11-12 22:38:43.669  1521  3871 V WifiProfileShare.Cache: update network score 62:ca:e7:**:**:f2
11-12 22:38:43.669  1521  3871 D WifiProfileShare.ScanMatcher: getMcfDataList size:2
11-12 22:38:43.669  1521  3871 I WifiProfileShare.Caster: qos data was updated , before:type:QOS, pBssid:00:01:90, qosData:7c after:type:QOS, pBssid:00:01:90, qosData:7c
11-12 22:38:43.669  6597  7010 I HBD     : i onCapabilitiesChanged network : 241 current network state : wifi 
11-12 22:38:43.669  2884  3157 D WifiPickerTracker: update AutoHotspot Entries() : bleAccessPoints -> 0
11-12 22:38:43.669  2884  3157 D WifiPickerTracker: handleNetworkCapabilitiesChanged
11-12 22:38:43.670  1521  3871 I [MCFSDK_android_1.2.27006]_4_McfCasterImpl: isNetworkEnabled - type : 1 ret : true
11-12 22:38:43.670  1521  3871 D WifiProfileShare.McfCast: -ME--- mIsNetworkEnabled :true
11-12 22:38:43.670  1521  3871 D WifiProfileShare.McfCast: updateQoSData ignored, same contents
11-12 22:38:43.670  1521  3871 D WifiProfileShare.MCF: success update QosData !
11-12 22:38:43.670  1521  3871 I [MCFSDK_android_1.2.27006]_4_McfCasterImpl: isNetworkEnabled - type : 1 ret : true
11-12 22:38:43.670  1521  3871 D WifiProfileShare.McfCast: -ME--- mIsNetworkEnabled :true
11-12 22:38:43.670  1521  3871 D WifiProfileShare.McfCast: -ME--- updatePasswordDate pwdData size:2
11-12 22:38:43.677 30867 30908 I BugleRcsEngine: handleMessage processing message:[NOTIFY_UPTIME_IGNORE_STATE_CHANGED] with [non-null]:RcsEngineImpl reference [CONTEXT log_prefix="RcsEngineImpl[DUAL_REG]:[25422e2b-5225]>Handler" thread_id=7140 ]
11-12 22:38:43.677 30867 30898 I BugleRcsEngine: Connected state: [1], networkType: [WIFI] [CONTEXT thread_id=7130 ]
11-12 22:38:43.725  1182  1182 I android.hardware.health@2.1-service-samsung: updateLrpSysfs: write: 304
11-12 22:38:43.726  1521  2669 D [SS]BattFunctions: [sendRemainingChargingTimeChangedIntent]remainingChargingTime:3958 ,mLastRemainingChargingTime:3987
11-12 22:38:43.728  2884  2884 I AODBatteryManager: updateBatteryData: ACTION_BATTERY_CHANGED
11-12 22:38:43.728  2884  2884 I ChargingInfoManager: updateChargingInfo: newState = AOD ChargingInfo [mState=BATTERY_AND_REMAIN_TIME, mIsCharging=true, mIsPlugged=true, mIsFullyCharged=false, mIsBatteryProtectMode=false, mBetteryLevel=85, mBetteryProtectModeType0, mIsSlowChargingfalse], oldState = AOD ChargingInfo [mState=BATTERY_AND_REMAIN_TIME, mIsCharging=true, mIsPlugged=true, mIsFullyCharged=false, mIsBatteryProtectMode=false, mBetteryLevel=85, mBetteryProtectModeType0, mIsSlowChargingfalse]
11-12 22:38:43.728  2884  2884 D PowerUI : Charging time is changed, check charging notification
11-12 22:38:43.730  2884  2884 D PowerUI.Notification: showChargingNotice - oldBatteryLevel : 85 , BatteryLevel : 85 / oldChargingType : 11 , ChargingType : 11 / oldChargingTime : 3987, ChargingTime : 3958 / oldMaximumEnabled : false , MaximumEnabled : false / oldMaximumThreshold : 90 , MaximumThreshold : 90
11-12 22:38:43.731  2884  2884 I NotificationManager: com.android.systemui: notify(2131363874, charging_state, Notification(channel=CHR shortcut=null contentView=null vibrate=null sound=null defaults=0 flags=ONGOING_EVENT|ONLY_ALERT_ONCE color=0x00000000 category=sys groupKey=CHARGING vis=PUBLIC semFlags=0x0 semPriority=0 semMissedCount=0)) as user
11-12 22:38:43.736  1521  6304 W PermissionService: getPermissionFlags: Unknown user -1
11-12 22:38:43.736  1521  6304 W PermissionService: getPermissionFlags: Unknown user -1
11-12 22:38:43.771  6597  6597 I HBD     : i onCapabilityChanged  setNetworkState currentNetworkState : wifi 
11-12 22:38:43.847  1187 23201 I sensors-hal: handle_sns_std_sensor_event:140, [22470] Pressure 961.203, cal 0.000
11-12 22:38:43.943  1521  1521 I Telecom : SamsungTelecomServiceImpl : isInManagedCall - callingPackage : android / callingUser : UserHandle{0} / hasCrossUserAccess : true
11-12 22:38:43.963  3301  7684 I HoneySpace.NotificationListener: onNotificationPosted com.android.systemui: -1|com.android.systemui|2131363874|charging_state|10047: 0
11-12 22:38:43.963  3301  7684 I HoneySpace.NotificationListener: invalid notification: com.android.systemui UserHandle{-1}: canShowBadge is false
11-12 22:38:43.965  3301 24999 I HoneySpace.BadgeDataSourceImpl: Get notification count. PK(p='com.Slack', u=UserHandle{0}) - forceBadgeCount: false, notification listener: 15, badge provider: 0
11-12 22:38:43.965  3301 24999 I HoneySpace.BadgeDataSourceImpl: Get notification count. PK(p='com.truecaller', u=UserHandle{0}) - forceBadgeCount: false, notification listener: 1, badge provider: 7
11-12 22:38:43.966  3301 24999 I HoneySpace.BadgeDataSourceImpl: Get notification count. PK(p='com.myntra.android', u=UserHandle{0}) - forceBadgeCount: false, notification listener: 2, badge provider: 0
11-12 22:38:43.976  2884  2884 I LockscreenNotificationIconsOnlyController: onNotificationInfoUpdated 0
11-12 22:38:43.977  2884  2884 I AODNotificationManager: updateNotification() 
11-12 22:38:43.990  1367  1367 I SurfaceFlinger: SFWD update time=834928806291549
11-12 22:38:43.993  1367  1367 W Layer   : gatherBufferInfo: Received unknown dataspace from gralloc
11-12 22:38:43.994  1367  1367 W ComposerExtn: DisplayExtnImpl::SetActiveConfig: HWC Display 0 is not registered!
11-12 22:38:44.171  2884  2884 D Bubbles : onEntryUpdated : shouldBubbleUp=false ,key=-1|com.android.systemui|2131363874|charging_state|10047
11-12 22:38:44.173  2884  2884 D InterruptionStateProvider:  no Heads up : edgelighting enabled app. -1|com.android.systemui|2131363874|charging_state|10047
11-12 22:38:44.175   722 32045 I NearbySharing: Network state changed: NetworkState(isRestricted=false, isOnline=true, isCongested=false, isMetered=false, isWifiConnected=true)
11-12 22:38:44.201  2884  2884 I LockscreenNotificationIconsOnlyController: onNotificationInfoUpdated 0
11-12 22:38:44.201  2884  2884 I AODNotificationManager: updateNotification() 
11-12 22:38:44.206  2884  3363 D LocalImageResolver: Couldn't use ImageDecoder for drawable, falling back to non-resized load.
11-12 22:38:44.207  2884  3363 D LocalImageResolver: Couldn't use ImageDecoder for drawable, falling back to non-resized load.
11-12 22:38:44.210  2884  2884 D LocalImageResolver: Couldn't use ImageDecoder for drawable, falling back to non-resized load.
11-12 22:38:44.216  1367  1367 W Layer   : gatherBufferInfo: Received unknown dataspace from gralloc
11-12 22:38:44.228  2884  2884 D LocalImageResolver: Couldn't use ImageDecoder for drawable, falling back to non-resized load.
11-12 22:38:44.228  1367  1415 I VSyncReactor: Current= 120, Period= 120, hwcPeriod= 120
11-12 22:38:44.235  2884  2884 I LockscreenNotificationIconsOnlyController: onNotificationInfoUpdated 0
11-12 22:38:44.235  2884  2884 I AODNotificationManager: updateNotification() 
11-12 22:38:44.247  1367  1367 W Layer   : gatherBufferInfo: Received unknown dataspace from gralloc
11-12 22:38:44.448  1521  2772 D NetdEventListenerService: DNS Requested by 241, 10823(host.exp.exponent), SUCCESS, 4ms
11-12 22:38:44.449  1521  2772 D NetdEventListenerService: DNS Requested by 241, 10823(host.exp.exponent), SUCCESS, 5ms
11-12 22:38:44.704  1187 28017 I sensors-hal: handle_sns_client_event:531, [44413] mag_sample_cal: ts=1247404076548312 ns; cal = [17.161995, -30.477659, 9.080748], uncal = [-12.594390, -36.012737, -18.320581], bias = [-29.756386, -5.535078, -27.401329], status=1
11-12 22:38:44.792  1187 28938 I sensors-hal: handle_sns_std_sensor_event:155, [SSC_LIGHT] P: 19(19),m:1,c:25,b:107,wb:0,r:154,bl:0,16:256
11-12 22:38:45.094  1187 13013 I sensors-hal: handle_sns_client_event:540, [0][162199] accel_sample [ 0.377,  9.161,  3.569] 1247404434756361
11-12 22:38:45.452   722 32045 I NearbyMediums: Found Fast Ble Advertisements :
11-12 22:38:45.452   722 32045 I NearbyMediums: BleAdvertisement { version=2, socketVersion=2, isFast=true, serviceIdHash=null, data=[ 0x23 0x46 0x43 0x39 0x31 0x11 0x32 0x30 0x5b 0x42 0x2a 0xf3 0x3c 0x62 0xf5 0xf6 0x1d 0x98 0x81 0x84 0x0b 0xef 0xd3 ], deviceToken=[ 0x9d 0x97 ], rxAdvertisement=null } : 1 times.
11-12 22:38:45.452   722 32045 I NearbyMediums: Total 1 fast advertisements from 1 unique advertisers.
11-12 22:38:45.452   722 32045 I NearbyMediums: Current Tracked Scanning Clients are : {NearbyConnections.EnvironmentMonitor, NearbySharing, NearbyConnections.TxAdvertisement}
11-12 22:38:45.559  1521  2700 E SemWifi.Continuity: failed to bind service
11-12 22:38:45.847  1187 23201 I sensors-hal: handle_sns_std_sensor_event:140, [22480] Pressure 961.196, cal 0.000
11-12 22:38:45.919   805   805 D io_stats: !@   8,0 r 187041591 4905196064 w 36661055 621284964 d 11158510 731917696 f 0 0 iot 78350524 0 th 0 0 0 pt 0 inp 0 0 834930.735
11-12 22:38:45.919   805   805 D io_stats: !@ Write_top(KB): kworker/u16:11(21494) 972
11-12 22:38:46.682  3094  3094 I EPDG -- SIM1 [SMARTWIFI]: isProfiling, hash=171830150, started=true
11-12 22:38:46.683  3094  3094 W Settings: Setting wifi_on has moved from android.provider.Settings.System to android.provider.Settings.Secure, returning read-only value.
11-12 22:38:46.683  3094  3094 W Settings: Setting wifi_on has moved from android.provider.Settings.Secure to android.provider.Settings.Global.
11-12 22:38:46.683  3094  3094 I EPDG -- SIM1 [SMARTWIFI]: isProfiling, hash=171830150, started=true
11-12 22:38:46.683  1521  2625 D ConnectivityService: notifyType CALLBACK_CAP_CHANGED for [241 WIFI]
11-12 22:38:46.684  1521  2714 I SemWifiLinkQualityMonitor: Link stat: 325 / 2 / 1.19 (25) / 351 / -57.0 || 100.0 : 351.00 / 0.5 : 0.84 / 0.55 : 0.01 / G (G) || e7cae6f25220: 0.095 / 84.000 /  / N || N N / 0 / N 2.0 / N 0 / 834931499 0
11-12 22:38:46.684  1521 21693 D SemWifiUsabilityStatsMonitor: onWifiUsabilityStats - seqNum 103508, isSameBssidAndFreq true
11-12 22:38:46.686  1521  2663 D SemWifiApNsd:Client: lpInterface:wlan0
11-12 22:38:46.686  1521  2663 D SemWifiSwitchForIndividualAppsService: stopTCPMonitoring : already stopped
11-12 22:38:46.686  1521  2663 I WifiConnectivityMonitor.NCC: sNetworkCallback(oCC) FULL : 241(valid: true/captive: false)
11-12 22:38:46.686  3094  3094 I EPDG -- SIM1 [SMARTWIFI]: Rssi : -57 highrange : -75 lowrange : -85 mIsRssiInHystersis : false
11-12 22:38:46.686  1521  2663 I WifiConnectivityMonitor.NCC: [ Transports: WIFI Capabilities: NOT_METERED&INTERNET&NOT_RESTRICTED&TRUSTED&NOT_VPN&VALIDATED&NOT_ROAMING&FOREGROUND&NOT_CONGESTED&NOT_SUSPENDED&NOT_VCN_MANAGED&NOT_BANDWIDTH_CONSTRAINED LinkUpBandwidth>=31727Kbps LinkDnBandwidth>=34553Kbps TransportInfo: <SSID: <unknown ssid>, BSSID: 02:00:00:**:**:00, MAC: 02:00:00:**:**:00, IP: /192.***.**.36, Security type: 2, Supplicant state: COMPLETED, Wi-Fi standard: 11ac, RSSI: -57, Link speed: 351Mbps, Tx Link speed: 351Mbps, Max Supported Tx Link speed: 866Mbps, Rx Link speed: 585Mbps, Max Supported Rx Link speed: 866Mbps, Frequency: 5220MHz, Net ID: -1, Metered hint: false, score: 60, isUsable: true, CarrierMerged: false, SubscriptionId: -1, IsPrimary: 1, Trusted: true, Restricted: false, Ephemeral: false, OEM paid: false, OEM private: false, OSU AP: false, FQDN: <none>, Provider friendly name: <none>, Requesting package name: <none><none>MLO Information: , Is TID-To-Link negotiation supported by the AP: false, AP MLD Address: <none>, AP MLO Link Id: <none>, AP MLO Affiliated links: <none>, Vendor Data: <none>> SignalStrength: -57 AdminUids: [1000] SSID: "JioFiber-TH6BX" UnderlyingNetworks: Null]
11-12 22:38:46.690  1521  2738 D WifiConnectivityMonitor: HANDLE_ON_CAPABILITIES_CHANGED
11-12 22:38:46.690  1521  2738 I WifiConnectivityMonitor: determineMode : MODE_NON_SWITCHABLE_BY_POOR_NETWORK_DETECTION_DISABLED
11-12 22:38:46.690  1521  2738 D OpenNetworkQos[4.00]: updateBssidNoInternet: mBssidNoInternet = false
11-12 22:38:46.690  6597  7010 I HBD     : i onCapabilitiesChanged network : 241 current network state : wifi 
11-12 22:38:46.690  1521  2738 D OpenNetworkQos[4.00]: getOpenNetworkQosNoInternetStatus: false
11-12 22:38:46.690  1521  2738 D OpenNetworkQos[4.00]: getOpenNetworkQosScores: 26 30 30 
11-12 22:38:46.690  1521  2738 D KNOX_MDM_SettingsProvider: isChangeAllowed() : name = wifi_wcm_qos_sharing_score_summary
11-12 22:38:46.693  3094  3094 I EPDG -- SIM1 [SMARTWIFI]: Rssi : -57 highrange : -75 lowrange : -85 mIsRssiInHystersis : false
11-12 22:38:46.693  3094  3094 I EPDG -- SIM1 [SMARTWIFI]: getHandoverThresholdMet: value is: false
11-12 22:38:46.693 30867 30898 I BugleRcsEngine: Connected state: [1], networkType: [WIFI] [CONTEXT thread_id=7130 ]
11-12 22:38:46.693 30867 30908 I BugleRcsEngine: handleMessage processing message:[NOTIFY_UPTIME_IGNORE_STATE_CHANGED] with [non-null]:RcsEngineImpl reference [CONTEXT log_prefix="RcsEngineImpl[DUAL_REG]:[25422e2b-5225]>Handler" thread_id=7140 ]
11-12 22:38:46.693  2884  3157 D WifiPickerTracker: updateWifiEntries capabilities
11-12 22:38:46.693  1521  2663 D SemWifiApTrafficPriority: onCapabilitiesChanged Wifi:wlan0,mGapiValue:34.553Uplink: 31.727
11-12 22:38:46.693  1521  2738 I WifiProfileShare: network QoS data was changed (internet), updateQoSData networkType: true, qosData: false
11-12 22:38:46.694  1521  3871 V WifiProfileShare.Caster: update wips network, size: 0
11-12 22:38:46.694  1521  3871 D WifiProfileShare: nearby scanning settings run
11-12 22:38:46.694  1521  3871 D WifiProfileShare: network score provider settings enabled
11-12 22:38:46.694  1521  3871 D OpenNetworkQos[4.00]: getOpenNetworkQosScores: 26 30 30 
11-12 22:38:46.694  1521  3871 D OpenNetworkQos[4.00]: getOpenNetworkQosNoInternetStatus: false
11-12 22:38:46.694  2884  3157 D WifiPickerTracker: update AutoHotspot Entries() : bleAccessPoints -> 0
11-12 22:38:46.694  1521  3871 I WifiProfileShare.Caster: current network type: 0, score: [26, 30, 30]
11-12 22:38:46.694  2884  3157 D WifiPickerTracker: handleNetworkCapabilitiesChanged
11-12 22:38:46.694  1521  3871 V WifiProfileShare.Cache: update network score 62:ca:e7:**:**:f2
11-12 22:38:46.694  1521  3871 D WifiProfileShare.ScanMatcher: getMcfDataList size:2
11-12 22:38:46.695  1521  3871 I WifiProfileShare.Caster: qos data was updated , before:type:QOS, pBssid:00:01:90, qosData:7c after:type:QOS, pBssid:00:01:90, qosData:7c
11-12 22:38:46.696  1521  3871 I [MCFSDK_android_1.2.27006]_4_McfCasterImpl: isNetworkEnabled - type : 1 ret : true
11-12 22:38:46.696  1521  3871 D WifiProfileShare.McfCast: -ME--- mIsNetworkEnabled :true
11-12 22:38:46.696  1521  3871 D WifiProfileShare.McfCast: updateQoSData ignored, same contents
11-12 22:38:46.696  1521  3871 D WifiProfileShare.MCF: success update QosData !
11-12 22:38:46.701   722  4302 I NullBinder: NullBinder for android.net.action.RECOMMEND_NETWORKS triggering remote TransactionTooLargeException due to Service without Chimera impl, calling uid: 1000, calling pid: 0
11-12 22:38:46.701   722  4302 W .gms.persistent: Large reply transaction of 1056768 bytes, interface descriptor , code 1
11-12 22:38:46.702  1521  2772 D NetdEventListenerService: DNS Requested by 241, 10823(host.exp.exponent), SUCCESS, 2ms
11-12 22:38:46.702  1521  3871 I [MCFSDK_android_1.2.27006]_4_McfCasterImpl: isNetworkEnabled - type : 1 ret : true
11-12 22:38:46.702  1521  3871 D WifiProfileShare.McfCast: -ME--- mIsNetworkEnabled :true
11-12 22:38:46.702  1521  3871 D WifiProfileShare.McfCast: -ME--- updatePasswordDate pwdData size:2
11-12 22:38:46.705  1187 28017 I sensors-hal: handle_sns_client_event:531, [44433] mag_sample_cal: ts=1247406076548236 ns; cal = [15.035430, -30.494776, 10.156998], uncal = [-14.720956, -36.029854, -17.244331], bias = [-29.756386, -5.535078, -27.401329], status=1
11-12 22:38:46.706  1521  2772 D NetdEventListenerService: DNS Requested by 241, 10823(host.exp.exponent), SUCCESS, 7ms
11-12 22:38:46.792  6597  6597 I HBD     : i onCapabilityChanged  setNetworkState currentNetworkState : wifi 
11-12 22:38:47.085  9766  9864 V CpEventLog(u0): cp_state: [                 contacts = {contacts=406, raw_contacts=722, data=3777, account={secphone(1)=0, secphone(2)=1, sim(4)=0, sim2(5)=8, agg(6)=0, samsung(8)=9, mobileservice(9)=0, google(17)=2, com.truecaller.account(65)=0, google(66)=6, google(74)=391, whatsapp(76)=295, com.facebook.auth.login(80)=0, coreapp(84)=10, www.instagram.com(85)=0, google(93)=0, google(99)=0, www.instagram.com(112)=0, telegram(113)=0, com.whatsapp.w4b(114)=0, www.instagram.com(115)=0}, trash=0, trash_acc={}, trash_sync=0, database=contacts2.db} ]
11-12 22:38:47.085  9766  9864 V CpEventLog(u0): cp_state: [               aggregated = {[17,76]=2, [2]=1, [5,74]=3, [5,76]=1, [5]=4, [66,76,84]=1, [66,76]=4, [66,84,76]=1, [74,74,76,76]=1, [74,74,76]=6, [74,74]=1, [74,76,76]=9, [74,76,84]=1, [74,76]=245, [74,84,76]=6, [74,84]=1, [74]=110, [76]=1, [8,76]=7, [8]=2} ]
11-12 22:38:47.085  9766  9864 V CpEventLog(u0): cp_state: [                  request = {ALL(0)={avg=5, cnt=28, dur=157, ops={query=27, delete=1}}, com.truecaller(31633)={avg=5, cnt=27, dur=146, ops={query=27}}, mobileservice(31697)={avg=11, cnt=1, dur=11, ops={delete=1}}} ]
11-12 22:38:47.085  9766  9864 V CpEventLog(u0): cp_state: [                    calls = {types={[500]=5, [1000]=1398, [1150]=597}, database=calllog.db} ]
11-12 22:38:47.085  9766  9864 V CpEventLog(u0): cp_state: [                  profile = {contacts=0, raw_contacts=0, data=0, account={secphone(1)=0, sim(3)=0, sim2(4)=0, agg(5)=0, samsung(7)=0, mobileservice(8)=0, google(16)=0, com.truecaller.account(64)=0, google(65)=0, google(73)=0, whatsapp(75)=0, com.facebook.auth.login(79)=0, coreapp(83)=0, www.instagram.com(84)=0, google(92)=0, google(98)=0, www.instagram.com(111)=0, telegram(112)=0, com.whatsapp.w4b(113)=0, www.instagram.com(114)=0}, trash=0, trash_acc={}, trash_sync=0, database=profile.db} ]
11-12 22:38:47.085  9766  9864 V CpEventLog(u0): cp_state: [               sa_profile = {contacts=1, raw_contacts=1, data=0, account={secphone(1)=1, sim(3)=0, sim2(4)=0, agg(5)=0, samsung(7)=0, mobileservice(8)=0, google(16)=0, com.truecaller.account(64)=0, google(65)=0, google(73)=0, whatsapp(75)=0, com.facebook.auth.login(79)=0, coreapp(83)=0, www.instagram.com(84)=0, google(92)=0, google(98)=0, www.instagram.com(111)=0, telegram(112)=0, com.whatsapp.w4b(113)=0, www.instagram.com(114)=0}, trash=0, trash_acc={}, trash_sync=0, database=profile_sa.db} ]
11-12 22:38:47.085  9766  9864 V CpEventLog(u0): cp_state: [                      etc = {binders=0, country_iso=IN, version=15.4.39, db_version=1901, csc=/INU, sec_enabled=false, is_roaming=false} ]
11-12 22:38:47.085  9766  9864 V CpEventLog(u0): cp_state: ------------------------------------------------------------------------------
11-12 22:38:47.095  1187 13013 I sensors-hal: handle_sns_client_event:540, [0][162229] accel_sample [ 0.376,  9.158,  3.563] 1247406436176153
11-12 22:38:47.105  1161 29180 I vendor.qti.bluetooth@1.0-ibs_handler: ProcessIbsCmd: Received IBS_WAKE_IND: 0xFD
11-12 22:38:47.105  1161 29180 D vendor.qti.bluetooth@1.0-ibs_handler: SerialClockVote: vote for UART CLK ON
11-12 22:38:47.106  1161 29180 D vendor.qti.bluetooth@1.0-wake_lock: Acquire wakelock is acquired 
11-12 22:38:47.106  1161 29180 I vendor.qti.bluetooth@1.0-ibs_handler: ProcessIbsCmd: Writing IBS_WAKE_ACK
11-12 22:38:47.115 28939 29198 I BtGatt.ScanHelper: onScanResult to scannerId: 6- eventType=0x10, addressType=1, address=XX:XX:XX:XX:A1:6F, primaryPhy=1, secondaryPhy=0, advertisingSid=0xff, txPower=127, rssi=-77, periodicAdvInt=0x0
11-12 22:38:47.118   722 31588 I NearbyConnections: Found BleAdvertisement [ 0x23 0x4f 0x56 0x43 0x52 0x11 0x32 0x32 0x43 0x3a 0x36 0xb1 0x91 0x43 0xae 0x7d 0x92 0xe2 0xee 0x2a 0xc0 0xeb 0x56 ] (with EndpointId OVCR and EndpointInfo [ 0x32 0x32 0x43 0x3a 0x36 0xb1 0x91 0x43 0xae 0x7d 0x92 0xe2 0xee 0x2a 0xc0 0xeb 0x56 ])
11-12 22:38:47.118   722 31588 I NearbyConnections: Unable to record discovered endpoint due to null currentDiscoveryPhase
11-12 22:38:47.118   722 31588 I NearbyConnections: ClientProxy(114777138 0p:com.google.android.gms.nearby.sharing) reporting onEndpointFound(OVCR)
11-12 22:38:47.118   722 31588 I NearbyConnections: ClientProxy(114777138) reporting onEndpointDistanceChanged(OVCR, UNKNOWN)
11-12 22:38:47.119   722 31588 I NearbySharing: NearbySharing Internal event EndpointDiscovered(endpointId=OVCR)
11-12 22:38:47.156  1161 29180 I vendor.qti.bluetooth@1.0-ibs_handler: ProcessIbsCmd: Received IBS_SLEEP_IND: 0xFE
11-12 22:38:47.156  1161 29180 D vendor.qti.bluetooth@1.0-ibs_handler: SerialClockVote: vote for UART CLK OFF
11-12 22:38:47.199   722 32045 I NearbySharing: Network state changed: NetworkState(isRestricted=false, isOnline=true, isCongested=false, isMetered=false, isWifiConnected=true)
11-12 22:38:47.307  1161 29047 D vendor.qti.bluetooth@1.0-wake_lock: Release wakelock is released 
11-12 22:38:47.672  1187 28938 I sensors-hal: handle_sns_std_sensor_event:155, [SSC_LIGHT] P: 23(23),m:1,c:25,b:107,wb:0,r:182,bl:0,16:256
11-12 22:38:47.848  1187 23201 I sensors-hal: handle_sns_std_sensor_event:140, [22490] Pressure 961.213, cal 0.000
11-12 22:38:47.920   805   805 D io_stats: !@   8,0 r 187041592 4905196068 w 36661055 621284964 d 11158510 731917696 f 0 0 iot 78350528 0 th 0 0 0 pt 0 inp 0 0 834932.736
11-12 22:38:48.382  1187 28957 I sensors-hal: handle_sns_client_event:261, auto_rotation_debug_2 mode,255, type,1,0 acc,0.364,9.153,3.551, ar,0, ver,12
11-12 22:38:48.670  1521  2700 D [ContinuitySDK_1.2.7022]_VersionUtil: initSupportFeatures - abovePatchVersionCode - 1309
11-12 22:38:48.670  1521  2700 I [ContinuitySDK_1.2.7022]_VersionUtil: initSupportFeatures - serviceVersionCode - 130901000, mSupportFeatures - 11
11-12 22:38:48.670  1521  2700 I [ContinuitySDK_1.2.7022]_ContinuityAdapterImpl: bindService - -
11-12 22:38:48.670  1521 28391 I [ContinuitySDK_1.2.7022]_ContinuityAdapterImpl: initialize - INIT_SUCCESS
11-12 22:38:48.670  1521 28391 I [ContinuitySDK_1.2.7022]_ExecutorUtil: start - sIsStarted = false
11-12 22:38:48.671  1521 28391 W ContextImpl: Calling a method in the system process without a qualified user: android.app.ContextImpl.bindService:2092 com.samsung.android.mcf.continuity.impl.ContinuityAdapterImpl.$r8$lambda$8A1pWsBhtxEl-BgeFqVMHKeudJs:159 com.samsung.android.mcf.continuity.impl.ContinuityAdapterImpl$$ExternalSyntheticLambda3.run:7 com.samsung.android.mcf.continuity.common.ExecutorUtil$b.run:3 java.util.concurrent.ThreadPoolExecutor.runWorker:1145 
11-12 22:38:48.674  1521 28391 I [ContinuitySDK_1.2.7022]_ContinuityAdapterImpl: bindService - start bindService
11-12 22:38:48.681  1521 28391 I [ContinuitySDK_1.2.7022]_ContinuityAdapterImpl: onServiceConnected - main controller is not started -> try sync cloud
11-12 22:38:48.681  6236  6236 I [MCFDs]_McfSyncMainController: registerSyncCloudCallback - appId: 33
11-12 22:38:48.682  6236  6236 I [MCFDs]_McfSyncMainController: sendSyncCloudCallback - isStarted: false
11-12 22:38:48.682  1521 28391 W [ContinuitySDK_1.2.7022]_ContinuityAdapterImpl: onCallback - fail to syncCloud
11-12 22:38:48.682  1521 28391 I [ContinuitySDK_1.2.7022]_ContinuityAdapterImpl: unbindServiceImpl - -
11-12 22:38:48.684  1521 28391 D [ContinuitySDK_1.2.7022]_VersionUtil: isSDKSupportFeature - abovePatchVersionCode - 1207
11-12 22:38:48.684  1521 28391 I [ContinuitySDK_1.2.7022]_ContinuitySession: closeServer - -
11-12 22:38:48.686  1521 32093 V SemWifi.Continuity: onServiceDisconnected
11-12 22:38:48.686  1521 28391 I [ContinuitySDK_1.2.7022]_ContinuityAdapterImpl: release - -
11-12 22:38:48.686  1521 28391 I [ContinuitySDK_1.2.7022]_ContinuityAdapterImpl: unbindServiceImpl - -
11-12 22:38:48.686  1521 28391 W [ContinuitySDK_1.2.7022]_ContinuityAdapterImpl: unbindServiceImpl - invalid service state 0
11-12 22:38:48.686  1521 28391 I [ContinuitySDK_1.2.7022]_ExecutorUtil: shutdown - sIsStarted = true
11-12 22:38:48.704  1187 28017 I sensors-hal: handle_sns_client_event:531, [44453] mag_sample_cal: ts=1247408076548236 ns; cal = [15.779955, -30.486238, 11.245504], uncal = [-13.976431, -36.021317, -16.155825], bias = [-29.756386, -5.535078, -27.401329], status=1
11-12 22:38:48.938  1521  2772 D NetdEventListenerService: DNS Requested by 241, 10823(host.exp.exponent), SUCCESS, 3ms
11-12 22:38:48.942  1521  2772 D NetdEventListenerService: DNS Requested by 241, 10823(host.exp.exponent), SUCCESS, 3ms
11-12 22:38:49.097  1187 13013 I sensors-hal: handle_sns_client_event:540, [0][162259] accel_sample [ 0.381,  9.165,  3.563] 1247408437594278
11-12 22:38:49.536  3094  3094 I EPDG -- SIM1 [EpdgIntfCont]: Not Mobile Interface. Ignoring Event
11-12 22:38:49.537  3094  3094 I EPDG -- SIM1 [EpdgIntfCont]: Not Mobile Interface. Ignoring Event
11-12 22:38:49.538  3094  3094 I EPDG -- SIM0 [EpdgIntfCont]: Not Mobile Interface. Ignoring Event
11-12 22:38:49.538  3094  3094 I EPDG -- SIM0 [EpdgIntfCont]: Not Mobile Interface. Ignoring Event
11-12 22:38:49.538  3046 31309 D ApfFilter: (wlan0): Ignoring RA RA fe80::f6ca:e7ff:feca:e6ee -> ff02::1 3600s 2405:201:3002:1926::/64 3603s/3603s DNS 3603s 2405:201:3002:1926::c0a8:1d01  which matches RA fe80::f6ca:e7ff:feca:e6ee -> ff02::1 3600s 2405:201:3002:1926::/64 3603s/3603s DNS 3603s 2405:201:3002:1926::c0a8:1d01 
11-12 22:38:49.706  1521 21693 D SemWifiUsabilityStatsMonitor: onWifiUsabilityStats - seqNum 103509, isSameBssidAndFreq true
11-12 22:38:49.707  1521  2714 I SemWifiLinkQualityMonitor: Link stat: 562 / 4 / 1.26 (48) / 468 / -57.0 || 100.0 : 468.00 / 0.5 : 0.79 / 0.55 : 0.01 / G (G) || e7cae6f25220: 0.090 / 89.276 /  / N || N N / 0 / N 2.0 / N 0 / 834934521 0
11-12 22:38:49.708  1521  2625 D ConnectivityService: notifyType CALLBACK_CAP_CHANGED for [241 WIFI]
11-12 22:38:49.712  2884  3157 D WifiPickerTracker: updateWifiEntries capabilities
11-12 22:38:49.713  2884  3157 D WifiPickerTracker: update AutoHotspot Entries() : bleAccessPoints -> 0
11-12 22:38:49.713  2884  3157 D WifiPickerTracker: handleNetworkCapabilitiesChanged
11-12 22:38:49.714  6597  7010 I HBD     : i onCapabilitiesChanged network : 241 current network state : wifi 
11-12 22:38:49.720   722  4302 I NullBinder: NullBinder for android.net.action.RECOMMEND_NETWORKS triggering remote TransactionTooLargeException due to Service without Chimera impl, calling uid: 1000, calling pid: 0
11-12 22:38:49.720   722  4302 W .gms.persistent: Large reply transaction of 1056768 bytes, interface descriptor , code 1
11-12 22:38:49.720  1521  2663 D SemWifiApNsd:Client: lpInterface:wlan0
11-12 22:38:49.721  1521  2663 D SemWifiSwitchForIndividualAppsService: stopTCPMonitoring : already stopped
11-12 22:38:49.721  1521  2663 I WifiConnectivityMonitor.NCC: sNetworkCallback(oCC) FULL : 241(valid: true/captive: false)
11-12 22:38:49.721  1521  2663 I WifiConnectivityMonitor.NCC: [ Transports: WIFI Capabilities: NOT_METERED&INTERNET&NOT_RESTRICTED&TRUSTED&NOT_VPN&VALIDATED&NOT_ROAMING&FOREGROUND&NOT_CONGESTED&NOT_SUSPENDED&NOT_VCN_MANAGED&NOT_BANDWIDTH_CONSTRAINED LinkUpBandwidth>=31727Kbps LinkDnBandwidth>=34553Kbps TransportInfo: <SSID: <unknown ssid>, BSSID: 02:00:00:**:**:00, MAC: 02:00:00:**:**:00, IP: /192.***.**.36, Security type: 2, Supplicant state: COMPLETED, Wi-Fi standard: 11ac, RSSI: -57, Link speed: 468Mbps, Tx Link speed: 468Mbps, Max Supported Tx Link speed: 866Mbps, Rx Link speed: 650Mbps, Max Supported Rx Link speed: 866Mbps, Frequency: 5220MHz, Net ID: -1, Metered hint: false, score: 60, isUsable: true, CarrierMerged: false, SubscriptionId: -1, IsPrimary: 1, Trusted: true, Restricted: false, Ephemeral: false, OEM paid: false, OEM private: false, OSU AP: false, FQDN: <none>, Provider friendly name: <none>, Requesting package name: <none><none>MLO Information: , Is TID-To-Link negotiation supported by the AP: false, AP MLD Address: <none>, AP MLO Link Id: <none>, AP MLO Affiliated links: <none>, Vendor Data: <none>> SignalStrength: -57 AdminUids: [1000] SSID: "JioFiber-TH6BX" UnderlyingNetworks: Null]
11-12 22:38:49.721  1521  2738 D WifiConnectivityMonitor: HANDLE_ON_CAPABILITIES_CHANGED
11-12 22:38:49.722  1521  2738 I WifiConnectivityMonitor: determineMode : MODE_NON_SWITCHABLE_BY_POOR_NETWORK_DETECTION_DISABLED
11-12 22:38:49.722  1521  2738 D OpenNetworkQos[4.00]: updateBssidNoInternet: mBssidNoInternet = false
11-12 22:38:49.722  1521  2738 D OpenNetworkQos[4.00]: getOpenNetworkQosNoInternetStatus: false
11-12 22:38:49.722  1521  2738 D OpenNetworkQos[4.00]: getOpenNetworkQosScores: 26 30 30 
11-12 22:38:49.722  1521  2738 D KNOX_MDM_SettingsProvider: isChangeAllowed() : name = wifi_wcm_qos_sharing_score_summary
11-12 22:38:49.722  1521  2663 D SemWifiApTrafficPriority: onCapabilitiesChanged Wifi:wlan0,mGapiValue:34.553Uplink: 31.727
11-12 22:38:49.722  1521  2738 I WifiProfileShare: network QoS data was changed (internet), updateQoSData networkType: true, qosData: false
11-12 22:38:49.723  1521  3871 V WifiProfileShare.Caster: update wips network, size: 0
11-12 22:38:49.723  1521  3871 D WifiProfileShare: nearby scanning settings run
11-12 22:38:49.723  1521  3871 D WifiProfileShare: network score provider settings enabled
11-12 22:38:49.723  1521  3871 D OpenNetworkQos[4.00]: getOpenNetworkQosScores: 26 30 30 
11-12 22:38:49.723  1521  3871 D OpenNetworkQos[4.00]: getOpenNetworkQosNoInternetStatus: false
11-12 22:38:49.723  1521  3871 I WifiProfileShare.Caster: current network type: 0, score: [26, 30, 30]
11-12 22:38:49.723  1521  3871 V WifiProfileShare.Cache: update network score 62:ca:e7:**:**:f2
11-12 22:38:49.723  1521  3871 D WifiProfileShare.ScanMatcher: getMcfDataList size:2
11-12 22:38:49.724  1521  3871 I WifiProfileShare.Caster: qos data was updated , before:type:QOS, pBssid:00:01:90, qosData:7c after:type:QOS, pBssid:00:01:90, qosData:7c
11-12 22:38:49.724  1521  3871 I [MCFSDK_android_1.2.27006]_4_McfCasterImpl: isNetworkEnabled - type : 1 ret : true
11-12 22:38:49.724  1521  3871 D WifiProfileShare.McfCast: -ME--- mIsNetworkEnabled :true
11-12 22:38:49.724  1521  3871 D WifiProfileShare.McfCast: updateQoSData ignored, same contents
11-12 22:38:49.724  1521  3871 D WifiProfileShare.MCF: success update QosData !
11-12 22:38:49.724  1521  3871 I [MCFSDK_android_1.2.27006]_4_McfCasterImpl: isNetworkEnabled - type : 1 ret : true
11-12 22:38:49.725  1521  3871 D WifiProfileShare.McfCast: -ME--- mIsNetworkEnabled :true
11-12 22:38:49.725  1521  3871 D WifiProfileShare.McfCast: -ME--- updatePasswordDate pwdData size:2
11-12 22:38:49.727 30867 30908 I BugleRcsEngine: handleMessage processing message:[NOTIFY_UPTIME_IGNORE_STATE_CHANGED] with [non-null]:RcsEngineImpl reference [CONTEXT log_prefix="RcsEngineImpl[DUAL_REG]:[25422e2b-5225]>Handler" thread_id=7140 ]
11-12 22:38:49.728 30867 30898 I BugleRcsEngine: Connected state: [1], networkType: [WIFI] [CONTEXT thread_id=7130 ]
11-12 22:38:49.817  6597  6597 I HBD     : i onCapabilityChanged  setNetworkState currentNetworkState : wifi 
11-12 22:38:49.847  1187 23201 I sensors-hal: handle_sns_std_sensor_event:140, [22500] Pressure 961.212, cal 0.000
11-12 22:38:49.921   805   805 D io_stats: !@   8,0 r 187041592 4905196068 w 36661061 621285988 d 11158510 731917696 f 0 0 iot 78350552 0 th 0 0 0 pt 0 inp 0 0 834934.737
11-12 22:38:49.922   805   805 D io_stats: !@ Read_top(KB): d.process.acore(9766) 4
11-12 22:38:49.922   805   805 D io_stats: !@ Write_top(KB): kworker/u16:11(21494) 1024
11-12 22:38:50.231   722 32045 I NearbySharing: Network state changed: NetworkState(isRestricted=false, isOnline=true, isCongested=false, isMetered=false, isWifiConnected=true)
11-12 22:38:50.662  6108  6777 I SDHMS:x : SIOP:: AP:326 BAT:299 USB:292 CHG:321 PA:310 WIFI:312 CF:309 BLK:0 SUBBAT:0 SKIN:304 SKINF:311 SKINB:305 LRP:311 LRP2:304 LRF:311 LRB:305 LRF2:304 LRB2:302 AP2:304 CHG2:304 WIFI2:302 RCV2:304 SPK2:291 FCAM:292 UPSPK:310 DNSPK:292 VAP:329 AVGCUR:249 AVGSYS:287 POWER:1035
11-12 22:38:50.667  6108  6328 I SDHMS:N0: p2p-if:: false, , 
11-12 22:38:50.704  1187 28017 I sensors-hal: handle_sns_client_event:531, [44473] mag_sample_cal: ts=1247410076548236 ns; cal = [17.124540, -31.056463, 10.461409], uncal = [-12.631845, -36.591541, -16.939920], bias = [-29.756386, -5.535078, -27.401329], status=1
11-12 22:38:50.711  1187 28938 I sensors-hal: handle_sns_std_sensor_event:155, [SSC_LIGHT] P: 23(23),m:1,c:25,b:107,wb:0,r:196,bl:0,16:256
11-12 22:38:51.040 27590 27590 D BoundBrokerSvc: onUnbind: Intent { act=com.google.android.gms.libs.gmscorelogger.service.START dat=chimera-action:/... cmp=com.google.android.gms/.chimera.PersistentDirectBootAwareApiService }
11-12 22:38:51.094 12192 12192 I wpa_supplicant: Heartbeat 4363
11-12 22:38:51.098  1187 13013 I sensors-hal: handle_sns_client_event:540, [0][162289] accel_sample [ 0.371,  9.164,  3.558] 1247410439011257
11-12 22:38:51.193  1521  2772 D NetdEventListenerService: DNS Requested by 241, 10823(host.exp.exponent), SUCCESS, 4ms
11-12 22:38:51.847  1187 23201 I sensors-hal: handle_sns_std_sensor_event:140, [22510] Pressure 961.209, cal 0.000
11-12 22:38:52.704  1187 28017 I sensors-hal: handle_sns_client_event:531, [44493] mag_sample_cal: ts=1247412076548236 ns; cal = [15.053505, -29.766619, 11.260654], uncal = [-14.702881, -35.301697, -16.140675], bias = [-29.756386, -5.535078, -27.401329], status=1
11-12 22:38:52.727  1521  2625 D ConnectivityService: notifyType CALLBACK_CAP_CHANGED for [241 WIFI]
11-12 22:38:52.728  1521 21693 D SemWifiUsabilityStatsMonitor: onWifiUsabilityStats - seqNum 103510, isSameBssidAndFreq true
11-12 22:38:52.728  1521  2714 I SemWifiLinkQualityMonitor: Link stat: 273 / 2 / 1.38 (22) / 468 / -57.0 || 100.0 : 468.00 / 0.5 : 0.73 / 0.55 : 0.01 / G (G) || e7cae6f25220: 0.090 / 89.260 /  / N || N N / 0 / N 2.0 / N 0 / 834937543 0
11-12 22:38:52.729  1521  2663 D SemWifiApNsd:Client: lpInterface:wlan0
11-12 22:38:52.729  1521  2663 D SemWifiSwitchForIndividualAppsService: stopTCPMonitoring : already stopped
11-12 22:38:52.729  1521  2663 I WifiConnectivityMonitor.NCC: sNetworkCallback(oCC) FULL : 241(valid: true/captive: false)
11-12 22:38:52.729  1521  2663 I WifiConnectivityMonitor.NCC: [ Transports: WIFI Capabilities: NOT_METERED&INTERNET&NOT_RESTRICTED&TRUSTED&NOT_VPN&VALIDATED&NOT_ROAMING&FOREGROUND&NOT_CONGESTED&NOT_SUSPENDED&NOT_VCN_MANAGED&NOT_BANDWIDTH_CONSTRAINED LinkUpBandwidth>=31727Kbps LinkDnBandwidth>=34553Kbps TransportInfo: <SSID: <unknown ssid>, BSSID: 02:00:00:**:**:00, MAC: 02:00:00:**:**:00, IP: /192.***.**.36, Security type: 2, Supplicant state: COMPLETED, Wi-Fi standard: 11ac, RSSI: -57, Link speed: 468Mbps, Tx Link speed: 468Mbps, Max Supported Tx Link speed: 866Mbps, Rx Link speed: 520Mbps, Max Supported Rx Link speed: 866Mbps, Frequency: 5220MHz, Net ID: -1, Metered hint: false, score: 60, isUsable: true, CarrierMerged: false, SubscriptionId: -1, IsPrimary: 1, Trusted: true, Restricted: false, Ephemeral: false, OEM paid: false, OEM private: false, OSU AP: false, FQDN: <none>, Provider friendly name: <none>, Requesting package name: <none><none>MLO Information: , Is TID-To-Link negotiation supported by the AP: false, AP MLD Address: <none>, AP MLO Link Id: <none>, AP MLO Affiliated links: <none>, Vendor Data: <none>> SignalStrength: -57 AdminUids: [1000] SSID: "JioFiber-TH6BX" UnderlyingNetworks: Null]
11-12 22:38:52.731  1521  2663 D SemWifiApTrafficPriority: onCapabilitiesChanged Wifi:wlan0,mGapiValue:34.553Uplink: 31.727
11-12 22:38:52.732  6597  7010 I HBD     : i onCapabilitiesChanged network : 241 current network state : wifi 
11-12 22:38:52.732  2884  3157 D WifiPickerTracker: updateWifiEntries capabilities
11-12 22:38:52.733  1521  2738 D WifiConnectivityMonitor: HANDLE_ON_CAPABILITIES_CHANGED
11-12 22:38:52.733  1521  2738 I WifiConnectivityMonitor: determineMode : MODE_NON_SWITCHABLE_BY_POOR_NETWORK_DETECTION_DISABLED
11-12 22:38:52.733  1521  2738 D OpenNetworkQos[4.00]: updateBssidNoInternet: mBssidNoInternet = false
11-12 22:38:52.733  1521  2738 D OpenNetworkQos[4.00]: getOpenNetworkQosNoInternetStatus: false
11-12 22:38:52.733  1521  2738 D OpenNetworkQos[4.00]: getOpenNetworkQosScores: 26 30 30 
11-12 22:38:52.733  1521  2738 D KNOX_MDM_SettingsProvider: isChangeAllowed() : name = wifi_wcm_qos_sharing_score_summary
11-12 22:38:52.733  1521  2738 I WifiProfileShare: network QoS data was changed (internet), updateQoSData networkType: true, qosData: false
11-12 22:38:52.734  1521  3871 V WifiProfileShare.Caster: update wips network, size: 0
11-12 22:38:52.734  1521  3871 D WifiProfileShare: nearby scanning settings run
11-12 22:38:52.734  1521  3871 D WifiProfileShare: network score provider settings enabled
11-12 22:38:52.734  1521  3871 D OpenNetworkQos[4.00]: getOpenNetworkQosScores: 26 30 30 
11-12 22:38:52.734  1521  3871 D OpenNetworkQos[4.00]: getOpenNetworkQosNoInternetStatus: false
11-12 22:38:52.734  1521  3871 I WifiProfileShare.Caster: current network type: 0, score: [26, 30, 30]
11-12 22:38:52.734  1521  3871 V WifiProfileShare.Cache: update network score 62:ca:e7:**:**:f2
11-12 22:38:52.735  1521  3871 D WifiProfileShare.ScanMatcher: getMcfDataList size:2
11-12 22:38:52.735  1521  3871 I WifiProfileShare.Caster: qos data was updated , before:type:QOS, pBssid:00:01:90, qosData:7c after:type:QOS, pBssid:00:01:90, qosData:7c
11-12 22:38:52.738  1521  3871 I [MCFSDK_android_1.2.27006]_4_McfCasterImpl: isNetworkEnabled - type : 1 ret : true
11-12 22:38:52.738  1521  3871 D WifiProfileShare.McfCast: -ME--- mIsNetworkEnabled :true
11-12 22:38:52.738  1521  3871 D WifiProfileShare.McfCast: updateQoSData ignored, same contents
11-12 22:38:52.738  1521  3871 D WifiProfileShare.MCF: success update QosData !
11-12 22:38:52.738   722   748 I NullBinder: NullBinder for android.net.action.RECOMMEND_NETWORKS triggering remote TransactionTooLargeException due to Service without Chimera impl, calling uid: 1000, calling pid: 0
11-12 22:38:52.738   722   748 W .gms.persistent: Large reply transaction of 1056768 bytes, interface descriptor , code 1
11-12 22:38:52.739 30867 30908 I BugleRcsEngine: handleMessage processing message:[NOTIFY_UPTIME_IGNORE_STATE_CHANGED] with [non-null]:RcsEngineImpl reference [CONTEXT log_prefix="RcsEngineImpl[DUAL_REG]:[25422e2b-5225]>Handler" thread_id=7140 ]
11-12 22:38:52.739 30867 30898 I BugleRcsEngine: Connected state: [1], networkType: [WIFI] [CONTEXT thread_id=7130 ]
11-12 22:38:52.739  1521  3871 I [MCFSDK_android_1.2.27006]_4_McfCasterImpl: isNetworkEnabled - type : 1 ret : true
11-12 22:38:52.740  1521  3871 D WifiProfileShare.McfCast: -ME--- mIsNetworkEnabled :true
11-12 22:38:52.740  1521  3871 D WifiProfileShare.McfCast: -ME--- updatePasswordDate pwdData size:2
11-12 22:38:52.740  2884  3157 D WifiPickerTracker: update AutoHotspot Entries() : bleAccessPoints -> 0
11-12 22:38:52.740  2884  3157 D WifiPickerTracker: handleNetworkCapabilitiesChanged
11-12 22:38:52.834  6597  6597 I HBD     : i onCapabilityChanged  setNetworkState currentNetworkState : wifi 
11-12 22:38:52.982  6108  6108 I SDHMS:LOAD: type: LoadsFreqs, value: 0:42:0:884736:2841600:844800:1443071:2419200:710400:315:315:315
11-12 22:38:53.100  1187 13013 I sensors-hal: handle_sns_client_event:540, [0][162319] accel_sample [ 0.389,  9.187,  3.531] 1247412440427299
11-12 22:38:53.242   722 31876 I NearbySharing: Network state changed: NetworkState(isRestricted=false, isOnline=true, isCongested=false, isMetered=false, isWifiConnected=true)
11-12 22:38:53.437  1521  2772 D NetdEventListenerService: DNS Requested by 241, 10823(host.exp.exponent), SUCCESS, 3ms
11-12 22:38:53.438  1521  2772 D NetdEventListenerService: DNS Requested by 241, 10823(host.exp.exponent), SUCCESS, 3ms
11-12 22:38:53.530  1521  2740 D WifiConnectivityMonitor.NetworkStatsAnalyzer: Backhaul result - RSSI:-57, CE:9, PE:7, TI:26, PTI:24, TW:1, PTW:1, Tx:123, Rx:108, TxS:120, RxS:101, RESULT:true, IC:0, ICT:5, WC:0, WCT:5, R:5, RC:0, IE:0, EC:0
11-12 22:38:53.671  1521  2700 W SemWifi.Continuity: bind time out! try again ... 1
11-12 22:38:53.673  1521  2700 D [ContinuitySDK_1.2.7022]_VersionUtil: initSupportFeatures - abovePatchVersionCode - 1309
11-12 22:38:53.673  1521  2700 I [ContinuitySDK_1.2.7022]_VersionUtil: initSupportFeatures - serviceVersionCode - 130901000, mSupportFeatures - 11
11-12 22:38:53.673  1521  2700 I [ContinuitySDK_1.2.7022]_ContinuityAdapterImpl: bindService - -
11-12 22:38:53.673  1521 28391 I [ContinuitySDK_1.2.7022]_ContinuityAdapterImpl: initialize - INIT_SUCCESS
11-12 22:38:53.673  1521 28391 I [ContinuitySDK_1.2.7022]_ExecutorUtil: start - sIsStarted = false
11-12 22:38:53.674  1521 28391 W ContextImpl: Calling a method in the system process without a qualified user: android.app.ContextImpl.bindService:2092 com.samsung.android.mcf.continuity.impl.ContinuityAdapterImpl.$r8$lambda$8A1pWsBhtxEl-BgeFqVMHKeudJs:159 com.samsung.android.mcf.continuity.impl.ContinuityAdapterImpl$$ExternalSyntheticLambda3.run:7 com.samsung.android.mcf.continuity.common.ExecutorUtil$b.run:3 java.util.concurrent.ThreadPoolExecutor.runWorker:1145 
11-12 22:38:53.676  1521 28391 I [ContinuitySDK_1.2.7022]_ContinuityAdapterImpl: bindService - start bindService
11-12 22:38:53.681  1521 28391 I [ContinuitySDK_1.2.7022]_ContinuityAdapterImpl: onServiceConnected - main controller is not started -> try sync cloud
11-12 22:38:53.681  6236  6236 I [MCFDs]_McfSyncMainController: registerSyncCloudCallback - appId: 33
11-12 22:38:53.681  6236  6236 I [MCFDs]_McfSyncMainController: sendSyncCloudCallback - isStarted: false
11-12 22:38:53.682  1521 28391 W [ContinuitySDK_1.2.7022]_ContinuityAdapterImpl: onCallback - fail to syncCloud
11-12 22:38:53.682  1521 28391 I [ContinuitySDK_1.2.7022]_ContinuityAdapterImpl: unbindServiceImpl - -
11-12 22:38:53.683  1521 28391 D [ContinuitySDK_1.2.7022]_VersionUtil: isSDKSupportFeature - abovePatchVersionCode - 1207
11-12 22:38:53.683  1521 28391 I [ContinuitySDK_1.2.7022]_ContinuitySession: closeServer - -
11-12 22:38:53.684  1521 32114 V SemWifi.Continuity: onServiceDisconnected
11-12 22:38:53.684  1521 28391 I [ContinuitySDK_1.2.7022]_ContinuityAdapterImpl: release - -
11-12 22:38:53.684  1521 28391 I [ContinuitySDK_1.2.7022]_ContinuityAdapterImpl: unbindServiceImpl - -
11-12 22:38:53.684  1521 28391 W [ContinuitySDK_1.2.7022]_ContinuityAdapterImpl: unbindServiceImpl - invalid service state 0
11-12 22:38:53.684  1521 28391 I [ContinuitySDK_1.2.7022]_ExecutorUtil: shutdown - sIsStarted = true
11-12 22:38:53.752  1187 28938 I sensors-hal: handle_sns_std_sensor_event:155, [SSC_LIGHT] P: 20(20),m:1,c:25,b:107,wb:0,r:182,bl:0,16:256
11-12 22:38:53.847  1187 23201 I sensors-hal: handle_sns_std_sensor_event:140, [22520] Pressure 961.208, cal 0.000
11-12 22:38:53.881  1182  1182 I android.hardware.health@2.1-service-samsung: updateLrpSysfs: write: 304
11-12 22:38:54.358  1161 29180 I vendor.qti.bluetooth@1.0-ibs_handler: ProcessIbsCmd: Received IBS_WAKE_IND: 0xFD
11-12 22:38:54.358  1161 29180 D vendor.qti.bluetooth@1.0-ibs_handler: SerialClockVote: vote for UART CLK ON
11-12 22:38:54.359  1161 29180 D vendor.qti.bluetooth@1.0-wake_lock: Acquire wakelock is acquired 
11-12 22:38:54.359  1161 29180 I vendor.qti.bluetooth@1.0-ibs_handler: ProcessIbsCmd: Writing IBS_WAKE_ACK
11-12 22:38:54.368 28939 29198 I BtGatt.ScanHelper: onScanResult to scannerId: 6- eventType=0x10, addressType=1, address=XX:XX:XX:XX:A1:6F, primaryPhy=1, secondaryPhy=0, advertisingSid=0xff, txPower=127, rssi=-72, periodicAdvInt=0x0
11-12 22:38:54.409  1161 29180 I vendor.qti.bluetooth@1.0-ibs_handler: ProcessIbsCmd: Received IBS_SLEEP_IND: 0xFE
11-12 22:38:54.409  1161 29180 D vendor.qti.bluetooth@1.0-ibs_handler: SerialClockVote: vote for UART CLK OFF
11-12 22:38:54.560  1161 29047 D vendor.qti.bluetooth@1.0-wake_lock: Release wakelock is released 
11-12 22:38:54.704  1187 28017 I sensors-hal: handle_sns_client_event:531, [44513] mag_sample_cal: ts=1247414076548236 ns; cal = [16.527016, -30.770552, 10.931299], uncal = [-13.229371, -36.305630, -16.470030], bias = [-29.756386, -5.535078, -27.401329], status=1
11-12 22:38:54.723  1521  2700 V SemWifi.Continuity: wait for binding service
11-12 22:38:55.101  1187 13013 I sensors-hal: handle_sns_client_event:540, [0][162349] accel_sample [ 0.378,  9.148,  3.588] 1247414441841986
11-12 22:38:55.455   722 31876 I NearbyMediums: Found Fast Ble Advertisements :
11-12 22:38:55.455   722 31876 I NearbyMediums: BleAdvertisement { version=2, socketVersion=2, isFast=true, serviceIdHash=null, data=[ 0x23 0x4f 0x56 0x43 0x52 0x11 0x32 0x32 0x43 0x3a 0x36 0xb1 0x91 0x43 0xae 0x7d 0x92 0xe2 0xee 0x2a 0xc0 0xeb 0x56 ], deviceToken=[ 0xd3 0xc8 ], rxAdvertisement=null } : 2 times.
11-12 22:38:55.455   722 31876 I NearbyMediums: Total 2 fast advertisements from 1 unique advertisers.
11-12 22:38:55.455   722 31876 I NearbyMediums: Current Tracked Scanning Clients are : {NearbyConnections.EnvironmentMonitor, NearbySharing, NearbyConnections.TxAdvertisement}
11-12 22:38:55.457   722 32045 I NearbyConnections: Processing lost BlePeripheral BlePeripheral{advertisement=BleAdvertisement { version=2, socketVersion=2, isFast=true, serviceIdHash=null, data=[ 0x23 0x46 0x43 0x39 0x31 0x11 0x32 0x30 0x5b 0x42 0x2a 0xf3 0x3c 0x62 0xf5 0xf6 0x1d 0x98 0x81 0x84 0x0b 0xef 0xd3 ], deviceToken=[ 0x9d 0x97 ], rxAdvertisement=null }, dctAdvertisement=null, address=null, psm=0, deviceToken=<ByteString@597f6db size=2 contents="\235\227">, isSecondProfile=false, rxInstantConnectionAdv=null}.
11-12 22:38:55.457   722 32045 I NearbyConnections: Lost BleEndpoint for BlePeripheral BlePeripheral{advertisement=BleAdvertisement { version=2, socketVersion=2, isFast=true, serviceIdHash=null, data=[ 0x23 0x46 0x43 0x39 0x31 0x11 0x32 0x30 0x5b 0x42 0x2a 0xf3 0x3c 0x62 0xf5 0xf6 0x1d 0x98 0x81 0x84 0x0b 0xef 0xd3 ], deviceToken=[ 0x9d 0x97 ], rxAdvertisement=null }, dctAdvertisement=null, address=null, psm=0, deviceToken=<ByteString@597f6db size=2 contents="\235\227">, isSecondProfile=false, rxInstantConnectionAdv=null} (with EndpointId FC91 and EndpointInfo [ 0x32 0x30 0x5b 0x42 0x2a 0xf3 0x3c 0x62 0xf5 0xf6 0x1d 0x98 0x81 0x84 0x0b 0xef 0xd3 ]).
11-12 22:38:55.458   722 32045 I NearbyConnections: Unable to record lost endpoint due to null currentDiscoveryPhase
11-12 22:38:55.458   722 32045 I NearbyConnections: ClientProxy(114777138) reporting onEndpointLost(FC91)
11-12 22:38:55.461   722 31876 I NearbySharing: NearbySharing Internal event EndpointLost(endpointId=FC91)
11-12 22:38:55.700  1521  2772 D NetdEventListenerService: DNS Requested by 241, 10823(host.exp.exponent), SUCCESS, 3ms
11-12 22:38:55.700  1521  2772 D NetdEventListenerService: DNS Requested by 241, 10823(host.exp.exponent), SUCCESS, 3ms
11-12 22:38:55.753  1521  2625 D ConnectivityService: notifyType CALLBACK_CAP_CHANGED for [241 WIFI]
11-12 22:38:55.754  1521 21693 D SemWifiUsabilityStatsMonitor: onWifiUsabilityStats - seqNum 103511, isSameBssidAndFreq true
