11-12 22:39:05.346   722 31150 W LogErrorOperation: onLogError callback failed.
11-12 22:39:05.352   722 29342 I AlarmManager: setExactAndAllowWhileIdle [name: FcmRetry type: 2 triggerAtMillis: 1247544727]
11-12 22:39:05.352   722   722 D BoundBrokerSvc: onBind: Intent { act=com.google.android.gms.scheduler.ACTION_PROXY_SCHEDULE_SINGLE_USER dat=chimera-action:/... cmp=com.google.android.gms/.chimera.PersistentSingleUserInternalApiService }
11-12 22:39:05.352   722   722 D BoundBrokerSvc: Loading bound service for intent: Intent { act=com.google.android.gms.scheduler.ACTION_PROXY_SCHEDULE_SINGLE_USER dat=chimera-action:/... cmp=com.google.android.gms/.chimera.PersistentSingleUserInternalApiService }
11-12 22:39:05.354   722 31150 W LogErrorOperation: onLogError callback failed.
11-12 22:39:05.356  1521  1952 V GrammaticalInflectionUtils: AttributionSource: AttributionSource { uid = 10360, packageName = null, attributionTag = null, token = android.os.Binder@2acb0e5, deviceId = 0, next = null } does not have READ_SYSTEM_GRAMMATICAL_GENDER permission.
11-12 22:39:05.357   722 32162 W LogErrorOperation: onLogError callback failed.
11-12 22:39:05.371  1069  1069 D Zygote  : Forked child process 32163
11-12 22:39:05.372  1521  1953 I ActivityManager: Start proc 32163:com.whatsapp/u0a360 for broadcast {com.whatsapp/com.google.firebase.iid.FirebaseInstanceIdReceiver}
11-12 22:39:05.372  1521  1953 D DynamicHiddenApp_BGProtectManager: [SecIpm] it's a ML_TYPE_EMPTYPROCESS protected process com.whatsapp
11-12 22:39:05.391 32163 32163 I com.whatsapp: Using CollectorTypeCC GC.
11-12 22:39:05.394   722   722 D BoundBrokerSvc: onRebind: Intent { act=com.google.android.gms.findmydevice.spot.locationreporting.LocationReportUploadGmsTaskService.ACTION_TASK_READY dat=chimera-action:/... cmp=com.google.android.gms/.chimera.PersistentInternalBoundBrokerService }
11-12 22:39:05.395 32163 32163 E com.whatsapp: Not starting debugger since process cannot load the jdwp agent.
11-12 22:39:05.396   722 29342 I NetworkScheduler.Stats: (REDACTED) Task %s/%s started execution. cause:%s exec_start_elapsed_seconds: %s
11-12 22:39:05.398 32163 32163 D nativeloader: Load libframework-connectivity-tiramisu-jni.so using APEX ns com_android_tethering for caller /apex/com.android.tethering/javalib/framework-connectivity-t.jar: ok
11-12 22:39:05.400 32163 32163 D ActivityThread: setConscryptValidator
11-12 22:39:05.401 32163 32163 D ActivityThread: setConscryptValidator - put
11-12 22:39:05.420 32163 32163 D ApplicationLoaders: Returning zygote-cached class loader: /system/framework/org.apache.http.legacy.jar
11-12 22:39:05.420 32163 32163 D ApplicationLoaders: Returning zygote-cached class loader: /system_ext/framework/androidx.window.extensions.jar
11-12 22:39:05.420 32163 32163 D ApplicationLoaders: Returning zygote-cached class loader: /system_ext/framework/androidx.window.sidecar.jar
11-12 22:39:05.424   722 32162 I NetworkScheduler.Stats: (REDACTED) Task %s/%s finished executing. cause:%s result: %s elapsed_millis: %s uptime_millis: %s exec_start_elapsed_seconds: %s
11-12 22:39:05.426   722   722 D BoundBrokerSvc: onUnbind: Intent { act=com.google.android.gms.findmydevice.spot.locationreporting.LocationReportUploadGmsTaskService.ACTION_TASK_READY dat=chimera-action:/... cmp=com.google.android.gms/.chimera.PersistentInternalBoundBrokerService }
11-12 22:39:05.431   722 32162 I NetworkScheduler.Stats: (REDACTED) Task %s/%s started execution. cause:%s exec_start_elapsed_seconds: %s
11-12 22:39:05.437   722 31588 I GmsCoreXrpcWrapper: (REDACTED) Creating a custom channel provider with trafficStatsTag=%d trafficStatsUid=%d
11-12 22:39:05.446   722 31588 I LocationReportUplIntOp: Uploading owner sightings. [CONTEXT service_id=284 ratelimit_period="5 MINUTES" ]
11-12 22:39:05.447   722 31588 I GmsCoreXrpcWrapper: (REDACTED) Returning a channel provider with trafficStatsTag=%d trafficStatsUid=%d
11-12 22:39:05.458   722 31588 I NearbyMediums: Found Fast Ble Advertisements :
11-12 22:39:05.458   722 31588 I NearbyMediums: BleAdvertisement { version=2, socketVersion=2, isFast=true, serviceIdHash=null, data=[ 0x23 0x46 0x43 0x39 0x31 0x11 0x32 0x30 0x5b 0x42 0x2a 0xf3 0x3c 0x62 0xf5 0xf6 0x1d 0x98 0x81 0x84 0x0b 0xef 0xd3 ], deviceToken=[ 0x9d 0x97 ], rxAdvertisement=null } : 1 times.
11-12 22:39:05.458   722 31588 I NearbyMediums: Total 1 fast advertisements from 1 unique advertisers.
11-12 22:39:05.458   722 31588 I NearbyMediums: Current Tracked Scanning Clients are : {NearbyConnections.EnvironmentMonitor, NearbySharing, NearbyConnections.TxAdvertisement}
11-12 22:39:05.461   722 32045 I NearbyConnections: Processing lost BlePeripheral BlePeripheral{advertisement=BleAdvertisement { version=2, socketVersion=2, isFast=true, serviceIdHash=null, data=[ 0x23 0x4f 0x56 0x43 0x52 0x11 0x32 0x32 0x43 0x3a 0x36 0xb1 0x91 0x43 0xae 0x7d 0x92 0xe2 0xee 0x2a 0xc0 0xeb 0x56 ], deviceToken=[ 0xd3 0xc8 ], rxAdvertisement=null }, dctAdvertisement=null, address=null, psm=0, deviceToken=<ByteString@d18e580 size=2 contents="\323\310">, isSecondProfile=false, rxInstantConnectionAdv=null}.
11-12 22:39:05.462   722 32045 I NearbyConnections: Lost BleEndpoint for BlePeripheral BlePeripheral{advertisement=BleAdvertisement { version=2, socketVersion=2, isFast=true, serviceIdHash=null, data=[ 0x23 0x4f 0x56 0x43 0x52 0x11 0x32 0x32 0x43 0x3a 0x36 0xb1 0x91 0x43 0xae 0x7d 0x92 0xe2 0xee 0x2a 0xc0 0xeb 0x56 ], deviceToken=[ 0xd3 0xc8 ], rxAdvertisement=null }, dctAdvertisement=null, address=null, psm=0, deviceToken=<ByteString@d18e580 size=2 contents="\323\310">, isSecondProfile=false, rxInstantConnectionAdv=null} (with EndpointId OVCR and EndpointInfo [ 0x32 0x32 0x43 0x3a 0x36 0xb1 0x91 0x43 0xae 0x7d 0x92 0xe2 0xee 0x2a 0xc0 0xeb 0x56 ]).
11-12 22:39:05.462   722 32045 I NearbyConnections: Unable to record lost endpoint due to null currentDiscoveryPhase
11-12 22:39:05.462   722 32045 I NearbyConnections: ClientProxy(114777138) reporting onEndpointLost(OVCR)
11-12 22:39:05.463   722 31588 I NearbySharing: NearbySharing Internal event EndpointLost(endpointId=OVCR)
11-12 22:39:05.470   722 29342 E AuthPII : [RequestTokenManager] getToken() -> BAD_AUTHENTICATION. App: com.google.android.gms, Service: oauth2:https://www.googleapis.com/auth/spot https://www.googleapis.com/auth/android_device_manager
11-12 22:39:05.470   722 29342 E AuthPII : bcer: Long live credential not available.
11-12 22:39:05.470   722 29342 E AuthPII : 	at aexx.a(:com.google.android.gms@254334035@25.43.34 (260400-827649125):1281)
11-12 22:39:05.470   722 29342 E AuthPII : 	at aeyd.b(:com.google.android.gms@254334035@25.43.34 (260400-827649125):28)
11-12 22:39:05.470   722 29342 E AuthPII : 	at aeyb.a(:com.google.android.gms@254334035@25.43.34 (260400-827649125):537)
11-12 22:39:05.470   722 29342 E AuthPII : 	at aeya.b(:com.google.android.gms@254334035@25.43.34 (260400-827649125):141)
11-12 22:39:05.470   722 29342 E AuthPII : 	at yio.d(:com.google.android.gms@254334035@25.43.34 (260400-827649125):620)
11-12 22:39:05.470   722 29342 E AuthPII : 	at aeav.a(:com.google.android.gms@254334035@25.43.34 (260400-827649125):33)
11-12 22:39:05.470   722 29342 E AuthPII : 	at aebb.m(:com.google.android.gms@254334035@25.43.34 (260400-827649125):34)
11-12 22:39:05.470   722 29342 E AuthPII : 	at aebb.o(:com.google.android.gms@254334035@25.43.34 (260400-827649125):64)
11-12 22:39:05.470   722 29342 E AuthPII : 	at gunm.d(:com.google.android.gms@254334035@25.43.34 (260400-827649125):22)
11-12 22:39:05.470   722 29342 E AuthPII : 	at gunm.c(:com.google.android.gms@254334035@25.43.34 (260400-827649125):64)
11-12 22:39:05.470   722 29342 E AuthPII : 	at gunm.b(:com.google.android.gms@254334035@25.43.34 (260400-827649125):22)
11-12 22:39:05.470   722 29342 E AuthPII : 	at gumj.call(:com.google.android.gms@254334035@25.43.34 (260400-827649125):30)
11-12 22:39:05.470   722 29342 E AuthPII : 	at gitq.call(:com.google.android.gms@254334035@25.43.34 (260400-827649125):13)
11-12 22:39:05.470   722 29342 E AuthPII : 	at java.util.concurrent.FutureTask.run(FutureTask.java:264)
11-12 22:39:05.470   722 29342 E AuthPII : 	at bdkw.c(:com.google.android.gms@254334035@25.43.34 (260400-827649125):50)
11-12 22:39:05.470   722 29342 E AuthPII : 	at bdkw.run(:com.google.android.gms@254334035@25.43.34 (260400-827649125):73)
11-12 22:39:05.470   722 29342 E AuthPII : 	at java.util.concurrent.ThreadPoolExecutor.runWorker(ThreadPoolExecutor.java:1145)
11-12 22:39:05.470   722 29342 E AuthPII : 	at java.util.concurrent.ThreadPoolExecutor$Worker.run(ThreadPoolExecutor.java:644)
11-12 22:39:05.470   722 29342 E AuthPII : 	at bdqn.run(:com.google.android.gms@254334035@25.43.34 (260400-827649125):8)
11-12 22:39:05.470   722 29342 E AuthPII : 	at java.lang.Thread.run(Thread.java:1012)
11-12 22:39:05.470   722 29342 E AuthPII : Message is Long live credential not available.
11-12 22:39:05.470   722 29342 E AuthPII : bcer: Long live credential not available.
11-12 22:39:05.470   722 29342 E AuthPII : 	at aexx.a(:com.google.android.gms@254334035@25.43.34 (260400-827649125):1281)
11-12 22:39:05.470   722 29342 E AuthPII : 	at aeyd.b(:com.google.android.gms@254334035@25.43.34 (260400-827649125):28)
11-12 22:39:05.470   722 29342 E AuthPII : 	at aeyb.a(:com.google.android.gms@254334035@25.43.34 (260400-827649125):537)
11-12 22:39:05.470   722 29342 E AuthPII : 	at aeya.b(:com.google.android.gms@254334035@25.43.34 (260400-827649125):141)
11-12 22:39:05.470   722 29342 E AuthPII : 	at yio.d(:com.google.android.gms@254334035@25.43.34 (260400-827649125):620)
11-12 22:39:05.470   722 29342 E AuthPII : 	at aeav.a(:com.google.android.gms@254334035@25.43.34 (260400-827649125):33)
11-12 22:39:05.470   722 29342 E AuthPII : 	at aebb.m(:com.google.android.gms@254334035@25.43.34 (260400-827649125):34)
11-12 22:39:05.470   722 29342 E AuthPII : 	at aebb.o(:com.google.android.gms@254334035@25.43.34 (260400-827649125):64)
11-12 22:39:05.470   722 29342 E AuthPII : 	at gunm.d(:com.google.android.gms@254334035@25.43.34 (260400-827649125):22)
11-12 22:39:05.470   722 29342 E AuthPII : 	at gunm.c(:com.google.android.gms@254334035@25.43.34 (260400-827649125):64)
11-12 22:39:05.470   722 29342 E AuthPII : 	at gunm.b(:com.google.android.gms@254334035@25.43.34 (260400-827649125):22)
11-12 22:39:05.470   722 29342 E AuthPII : 	at gumj.call(:com.google.android.gms@254334035@25.43.34 (260400-827649125):30)
11-12 22:39:05.470   722 29342 E AuthPII : 	at gitq.call(:com.google.android.gms@254334035@25.43.34 (260400-827649125):13)
11-12 22:39:05.470   722 29342 E AuthPII : 	at java.util.concurrent.FutureTask.run(FutureTask.java:264)
11-12 22:39:05.470   722 29342 E AuthPII : 	at bdkw.c(:com.google.android.gms@254334035@25.43.34 (260400-827649125):50)
11-12 22:39:05.470   722 29342 E AuthPII : 	at bdkw.run(:com.google.android.gms@254334035@25.43.34 (260400-827649125):73)
11-12 22:39:05.470   722 29342 E AuthPII : 	at java.util.concurrent.ThreadPoolExecutor.runWorker(ThreadPoolExecutor.java:1145)
11-12 22:39:05.470   722 29342 E AuthPII : 	at java.util.concurrent.ThreadPoolExecutor$Worker.run(ThreadPoolExecutor.java:644)
11-12 22:39:05.470   722 29342 E AuthPII : 	at bdqn.run(:com.google.android.gms@254334035@25.43.34 (260400-827649125):8)
11-12 22:39:05.470   722 29342 E AuthPII : 	at java.lang.Thread.run(Thread.java:1012)
11-12 22:39:05.472 32163 32163 D nativeloader: Configuring clns-7 for other apk /data/app/~~75_g4ekMv7oUAUEE2LaZkA==/com.whatsapp-sAlrsd7UlY6ckWIJP2a1eA==/base.apk. target_sdk_version=35, uses_libraries=, library_path=/data/app/~~75_g4ekMv7oUAUEE2LaZkA==/com.whatsapp-sAlrsd7UlY6ckWIJP2a1eA==/lib/arm64:/data/app/~~75_g4ekMv7oUAUEE2LaZkA==/com.whatsapp-sAlrsd7UlY6ckWIJP2a1eA==/base.apk!/lib/arm64-v8a, permitted_path=/data:/mnt/expand:/data/user/0/com.whatsapp
11-12 22:39:05.478 32163 32163 D CompatChangeReporter: Compat change id reported: 202956589; UID 10360; state: ENABLED
11-12 22:39:05.484   722 29342 I Auth    : (REDACTED) [GetToken] GetToken failed for app=%s with userRecoverable status: %s 
11-12 22:39:05.485   722 29342 W Auth    : [ChimeraGetToken] exception while trying to fetch auth tokens for app=com.google.android.gsf, scope=oauth2:https://www.googleapis.com/auth/spot https://www.googleapis.com/auth/android_device_manager [CONTEXT service_id=153 ]
11-12 22:39:05.485   722 29342 W Auth    : aexw: GetToken failed with status code and recovery intent: BadAuthentication
11-12 22:39:05.485   722 29342 W Auth    : 	at aeya.b(:com.google.android.gms@254334035@25.43.34 (260400-827649125):338)
11-12 22:39:05.485   722 29342 W Auth    : 	at yio.d(:com.google.android.gms@254334035@25.43.34 (260400-827649125):620)
11-12 22:39:05.485   722 29342 W Auth    : 	at aeav.a(:com.google.android.gms@254334035@25.43.34 (260400-827649125):33)
11-12 22:39:05.485   722 29342 W Auth    : 	at aebb.m(:com.google.android.gms@254334035@25.43.34 (260400-827649125):34)
11-12 22:39:05.485   722 29342 W Auth    : 	at aebb.o(:com.google.android.gms@254334035@25.43.34 (260400-827649125):64)
11-12 22:39:05.485   722 29342 W Auth    : 	at gunm.d(:com.google.android.gms@254334035@25.43.34 (260400-827649125):22)
11-12 22:39:05.485   722 29342 W Auth    : 	at gunm.c(:com.google.android.gms@254334035@25.43.34 (260400-827649125):64)
11-12 22:39:05.485   722 29342 W Auth    : 	at gunm.b(:com.google.android.gms@254334035@25.43.34 (260400-827649125):22)
11-12 22:39:05.485   722 29342 W Auth    : 	at gumj.call(:com.google.android.gms@254334035@25.43.34 (260400-827649125):30)
11-12 22:39:05.485   722 29342 W Auth    : 	at gitq.call(:com.google.android.gms@254334035@25.43.34 (260400-827649125):13)
11-12 22:39:05.485   722 29342 W Auth    : 	at java.util.concurrent.FutureTask.run(FutureTask.java:264)
11-12 22:39:05.485   722 29342 W Auth    : 	at bdkw.c(:com.google.android.gms@254334035@25.43.34 (260400-827649125):50)
11-12 22:39:05.485   722 29342 W Auth    : 	at bdkw.run(:com.google.android.gms@254334035@25.43.34 (260400-827649125):73)
11-12 22:39:05.485   722 29342 W Auth    : 	at java.util.concurrent.ThreadPoolExecutor.runWorker(ThreadPoolExecutor.java:1145)
11-12 22:39:05.485   722 29342 W Auth    : 	at java.util.concurrent.ThreadPoolExecutor$Worker.run(ThreadPoolExecutor.java:644)
11-12 22:39:05.485   722 29342 W Auth    : 	at bdqn.run(:com.google.android.gms@254334035@25.43.34 (260400-827649125):8)
11-12 22:39:05.485   722 29342 W Auth    : 	at java.lang.Thread.run(Thread.java:1012)
11-12 22:39:05.485   722 29342 W Auth    : [GoogleAuthUtil] [GoogleAuthUtil] error status:BAD_AUTHENTICATION with method:getTokenWithDetails
11-12 22:39:05.486 32163 32163 V GraphicsEnvironment: Currently set values for:
11-12 22:39:05.486 32163 32163 V GraphicsEnvironment:   angle_gl_driver_selection_pkgs=[]
11-12 22:39:05.486 32163 32163 V GraphicsEnvironment:   angle_gl_driver_selection_values=[]
11-12 22:39:05.486 32163 32163 V GraphicsEnvironment: Global.Settings values are invalid: number of packages: 0, number of values: 0
11-12 22:39:05.486 32163 32163 V GraphicsEnvironment: App is not on the allowlist for updatable production driver.
11-12 22:39:05.492   722 32162 E AuthPII : [RequestTokenManager] getToken() -> BAD_AUTHENTICATION. App: com.google.android.gms, Service: oauth2:https://www.googleapis.com/auth/spot https://www.googleapis.com/auth/android_device_manager
11-12 22:39:05.492   722 32162 E AuthPII : bcer: Long live credential not available.
11-12 22:39:05.492   722 32162 E AuthPII : 	at aexx.a(:com.google.android.gms@254334035@25.43.34 (260400-827649125):1281)
11-12 22:39:05.492   722 32162 E AuthPII : 	at aeyd.b(:com.google.android.gms@254334035@25.43.34 (260400-827649125):28)
11-12 22:39:05.492   722 32162 E AuthPII : 	at aeyb.a(:com.google.android.gms@254334035@25.43.34 (260400-827649125):537)
11-12 22:39:05.492   722 32162 E AuthPII : 	at aeya.b(:com.google.android.gms@254334035@25.43.34 (260400-827649125):141)
11-12 22:39:05.492   722 32162 E AuthPII : 	at yio.d(:com.google.android.gms@254334035@25.43.34 (260400-827649125):620)
11-12 22:39:05.492   722 32162 E AuthPII : 	at aeav.a(:com.google.android.gms@254334035@25.43.34 (260400-827649125):33)
11-12 22:39:05.492   722 32162 E AuthPII : 	at aebb.m(:com.google.android.gms@254334035@25.43.34 (260400-827649125):34)
11-12 22:39:05.492   722 32162 E AuthPII : 	at aebb.o(:com.google.android.gms@254334035@25.43.34 (260400-827649125):64)
11-12 22:39:05.492   722 32162 E AuthPII : 	at gunm.d(:com.google.android.gms@254334035@25.43.34 (260400-827649125):22)
11-12 22:39:05.492   722 32162 E AuthPII : 	at gunm.c(:com.google.android.gms@254334035@25.43.34 (260400-827649125):64)
11-12 22:39:05.492   722 32162 E AuthPII : 	at gunj.call(:com.google.android.gms@254334035@25.43.34 (260400-827649125):8)
11-12 22:39:05.492   722 32162 E AuthPII : 	at java.util.concurrent.FutureTask.run(FutureTask.java:264)
11-12 22:39:05.492   722 32162 E AuthPII : 	at gunm.a(:com.google.android.gms@254334035@25.43.34 (260400-827649125):59)
11-12 22:39:05.492   722 32162 E AuthPII : 	at gumj.call(:com.google.android.gms@254334035@25.43.34 (260400-827649125):25)
11-12 22:39:05.492   722 32162 E AuthPII : 	at gitq.call(:com.google.android.gms@254334035@25.43.34 (260400-827649125):13)
11-12 22:39:05.492   722 32162 E AuthPII : 	at java.util.concurrent.FutureTask.run(FutureTask.java:264)
11-12 22:39:05.492   722 32162 E AuthPII : 	at bdkw.c(:com.google.android.gms@254334035@25.43.34 (260400-827649125):50)
11-12 22:39:05.492   722 32162 E AuthPII : 	at bdkw.run(:com.google.android.gms@254334035@25.43.34 (260400-827649125):73)
11-12 22:39:05.492   722 32162 E AuthPII : 	at java.util.concurrent.ThreadPoolExecutor.runWorker(ThreadPoolExecutor.java:1145)
11-12 22:39:05.492   722 32162 E AuthPII : 	at java.util.concurrent.ThreadPoolExecutor$Worker.run(ThreadPoolExecutor.java:644)
11-12 22:39:05.492   722 32162 E AuthPII : 	at bdqn.run(:com.google.android.gms@254334035@25.43.34 (260400-827649125):8)
11-12 22:39:05.492   722 32162 E AuthPII : 	at java.lang.Thread.run(Thread.java:1012)
11-12 22:39:05.492   722 32162 E AuthPII : Message is Long live credential not available.
11-12 22:39:05.492   722 32162 E AuthPII : bcer: Long live credential not available.
11-12 22:39:05.492   722 32162 E AuthPII : 	at aexx.a(:com.google.android.gms@254334035@25.43.34 (260400-827649125):1281)
11-12 22:39:05.492   722 32162 E AuthPII : 	at aeyd.b(:com.google.android.gms@254334035@25.43.34 (260400-827649125):28)
11-12 22:39:05.492   722 32162 E AuthPII : 	at aeyb.a(:com.google.android.gms@254334035@25.43.34 (260400-827649125):537)
11-12 22:39:05.492   722 32162 E AuthPII : 	at aeya.b(:com.google.android.gms@254334035@25.43.34 (260400-827649125):141)
11-12 22:39:05.492   722 32162 E AuthPII : 	at yio.d(:com.google.android.gms@254334035@25.43.34 (260400-827649125):620)
11-12 22:39:05.492   722 32162 E AuthPII : 	at aeav.a(:com.google.android.gms@254334035@25.43.34 (260400-827649125):33)
11-12 22:39:05.492   722 32162 E AuthPII : 	at aebb.m(:com.google.android.gms@254334035@25.43.34 (260400-827649125):34)
11-12 22:39:05.492   722 32162 E AuthPII : 	at aebb.o(:com.google.android.gms@254334035@25.43.34 (260400-827649125):64)
11-12 22:39:05.492   722 32162 E AuthPII : 	at gunm.d(:com.google.android.gms@254334035@25.43.34 (260400-827649125):22)
11-12 22:39:05.492   722 32162 E AuthPII : 	at gunm.c(:com.google.android.gms@254334035@25.43.34 (260400-827649125):64)
11-12 22:39:05.492   722 32162 E AuthPII : 	at gunj.call(:com.google.android.gms@254334035@25.43.34 (260400-827649125):8)
11-12 22:39:05.492   722 32162 E AuthPII : 	at java.util.concurrent.FutureTask.run(FutureTask.java:264)
11-12 22:39:05.492   722 32162 E AuthPII : 	at gunm.a(:com.google.android.gms@254334035@25.43.34 (260400-827649125):59)
11-12 22:39:05.492   722 32162 E AuthPII : 	at gumj.call(:com.google.android.gms@254334035@25.43.34 (260400-827649125):25)
11-12 22:39:05.492   722 32162 E AuthPII : 	at gitq.call(:com.google.android.gms@254334035@25.43.34 (260400-827649125):13)
11-12 22:39:05.492   722 32162 E AuthPII : 	at java.util.concurrent.FutureTask.run(FutureTask.java:264)
11-12 22:39:05.492   722 32162 E AuthPII : 	at bdkw.c(:com.google.android.gms@254334035@25.43.34 (260400-827649125):50)
11-12 22:39:05.492   722 32162 E AuthPII : 	at bdkw.run(:com.google.android.gms@254334035@25.43.34 (260400-827649125):73)
11-12 22:39:05.492   722 32162 E AuthPII : 	at java.util.concurrent.ThreadPoolExecutor.runWorker(ThreadPoolExecutor.java:1145)
11-12 22:39:05.492   722 32162 E AuthPII : 	at java.util.concurrent.ThreadPoolExecutor$Worker.run(ThreadPoolExecutor.java:644)
11-12 22:39:05.492   722 32162 E AuthPII : 	at bdqn.run(:com.google.android.gms@254334035@25.43.34 (260400-827649125):8)
11-12 22:39:05.492   722 32162 E AuthPII : 	at java.lang.Thread.run(Thread.java:1012)
11-12 22:39:05.504   722 32162 I Auth    : (REDACTED) [GetToken] GetToken failed for app=%s with userRecoverable status: %s 
11-12 22:39:05.505   722 32162 W Auth    : [ChimeraGetToken] exception while trying to fetch auth tokens for app=com.google.android.gsf, scope=oauth2:https://www.googleapis.com/auth/spot https://www.googleapis.com/auth/android_device_manager [CONTEXT service_id=153 ]
11-12 22:39:05.505   722 32162 W Auth    : aexw: GetToken failed with status code and recovery intent: BadAuthentication
11-12 22:39:05.505   722 32162 W Auth    : 	at aeya.b(:com.google.android.gms@254334035@25.43.34 (260400-827649125):338)
11-12 22:39:05.505   722 32162 W Auth    : 	at yio.d(:com.google.android.gms@254334035@25.43.34 (260400-827649125):620)
11-12 22:39:05.505   722 32162 W Auth    : 	at aeav.a(:com.google.android.gms@254334035@25.43.34 (260400-827649125):33)
11-12 22:39:05.505   722 32162 W Auth    : 	at aebb.m(:com.google.android.gms@254334035@25.43.34 (260400-827649125):34)
11-12 22:39:05.505   722 32162 W Auth    : 	at aebb.o(:com.google.android.gms@254334035@25.43.34 (260400-827649125):64)
11-12 22:39:05.505   722 32162 W Auth    : 	at gunm.d(:com.google.android.gms@254334035@25.43.34 (260400-827649125):22)
11-12 22:39:05.505   722 32162 W Auth    : 	at gunm.c(:com.google.android.gms@254334035@25.43.34 (260400-827649125):64)
11-12 22:39:05.505   722 32162 W Auth    : 	at gunj.call(:com.google.android.gms@254334035@25.43.34 (260400-827649125):8)
11-12 22:39:05.505   722 32162 W Auth    : 	at java.util.concurrent.FutureTask.run(FutureTask.java:264)
11-12 22:39:05.505   722 32162 W Auth    : 	at gunm.a(:com.google.android.gms@254334035@25.43.34 (260400-827649125):59)
11-12 22:39:05.505   722 32162 W Auth    : 	at gumj.call(:com.google.android.gms@254334035@25.43.34 (260400-827649125):25)
11-12 22:39:05.505   722 32162 W Auth    : 	at gitq.call(:com.google.android.gms@254334035@25.43.34 (260400-827649125):13)
11-12 22:39:05.505   722 32162 W Auth    : 	at java.util.concurrent.FutureTask.run(FutureTask.java:264)
11-12 22:39:05.505   722 32162 W Auth    : 	at bdkw.c(:com.google.android.gms@254334035@25.43.34 (260400-827649125):50)
11-12 22:39:05.505   722 32162 W Auth    : 	at bdkw.run(:com.google.android.gms@254334035@25.43.34 (260400-827649125):73)
11-12 22:39:05.505   722 32162 W Auth    : 	at java.util.concurrent.ThreadPoolExecutor.runWorker(ThreadPoolExecutor.java:1145)
11-12 22:39:05.505   722 32162 W Auth    : 	at java.util.concurrent.ThreadPoolExecutor$Worker.run(ThreadPoolExecutor.java:644)
11-12 22:39:05.505   722 32162 W Auth    : 	at bdqn.run(:com.google.android.gms@254334035@25.43.34 (260400-827649125):8)
11-12 22:39:05.505   722 32162 W Auth    : 	at java.lang.Thread.run(Thread.java:1012)
11-12 22:39:05.506   722 32162 W Auth    : [GoogleAuthUtil] [GoogleAuthUtil] error status:BAD_AUTHENTICATION with method:getTokenWithDetails
11-12 22:39:05.509   722 32162 W BackendServiceUtil: uploadOwnerScans RPC failed. [CONTEXT service_id=284 ]
11-12 22:39:05.509   722 32162 W BackendServiceUtil: igfx: UNAUTHENTICATED
11-12 22:39:05.509   722 32162 W BackendServiceUtil: 	at ihaj.a(:com.google.android.gms@254334035@25.43.34 (260400-827649125):41)
11-12 22:39:05.509   722 32162 W BackendServiceUtil: 	at guqq.f(:com.google.android.gms@254334035@25.43.34 (260400-827649125):93)
11-12 22:39:05.509   722 32162 W BackendServiceUtil: 	at guqq.h(:com.google.android.gms@254334035@25.43.34 (260400-827649125):23)
11-12 22:39:05.509   722 32162 W BackendServiceUtil: 	at guqq.a(:com.google.android.gms@254334035@25.43.34 (260400-827649125):8)
11-12 22:39:05.509   722 32162 W BackendServiceUtil: 	at gura.run(:com.google.android.gms@254334035@25.43.34 (260400-827649125):9)
11-12 22:39:05.509   722 32162 W BackendServiceUtil: 	at gurc.e(:com.google.android.gms@254334035@25.43.34 (260400-827649125):24)
11-12 22:39:05.509   722 32162 W BackendServiceUtil: 	at gurc.a(:com.google.android.gms@254334035@25.43.34 (260400-827649125):6)
11-12 22:39:05.509   722 32162 W BackendServiceUtil: 	at guqh.run(:com.google.android.gms@254334035@25.43.34 (260400-827649125):14)
11-12 22:39:05.509   722 32162 W BackendServiceUtil: 	at guqe.run(:com.google.android.gms@254334035@25.43.34 (260400-827649125):3)
11-12 22:39:05.509   722 32162 W BackendServiceUtil: 	at grgw.run(:com.google.android.gms@254334035@25.43.34 (260400-827649125):3)
11-12 22:39:05.509   722 32162 W BackendServiceUtil: 	at grgx.run(:com.google.android.gms@254334035@25.43.34 (260400-827649125):64)
11-12 22:39:05.509   722 32162 W BackendServiceUtil: 	at greu.execute(:com.google.android.gms@254334035@25.43.34 (260400-827649125):1)
11-12 22:39:05.509   722 32162 W BackendServiceUtil: 	at guqm.execute(:com.google.android.gms@254334035@25.43.34 (260400-827649125):3)
11-12 22:39:05.509   722 32162 W BackendServiceUtil: 	at grgy.execute(:com.google.android.gms@254334035@25.43.34 (260400-827649125):34)
11-12 22:39:05.509   722 32162 W BackendServiceUtil: 	at gupv.execute(:com.google.android.gms@254334035@25.43.34 (260400-827649125):10)
11-12 22:39:05.509   722 32162 W BackendServiceUtil: 	at guqk.a(:com.google.android.gms@254334035@25.43.34 (260400-827649125):10)
11-12 22:39:05.509   722 32162 W BackendServiceUtil: 	at guqq.f(:com.google.android.gms@254334035@25.43.34 (260400-827649125):93)
11-12 22:39:05.509   722 32162 W BackendServiceUtil: 	at guqq.h(:com.google.android.gms@254334035@25.43.34 (260400-827649125):23)
11-12 22:39:05.509   722 32162 W BackendServiceUtil: 	at guqq.a(:com.google.android.gms@254334035@25.43.34 (260400-827649125):8)
11-12 22:39:05.509   722 32162 W BackendServiceUtil: 	at gura.run(:com.google.android.gms@254334035@25.43.34 (260400-827649125):9)
11-12 22:39:05.509   722 32162 W BackendServiceUtil: 	at gurc.e(:com.google.android.gms@254334035@25.43.34 (260400-827649125):24)
11-12 22:39:05.509   722 32162 W BackendServiceUtil: 	at gurc.a(:com.google.android.gms@254334035@25.43.34 (260400-827649125):6)
11-12 22:39:05.509   722 32162 W BackendServiceUtil: 	at guqh.run(:com.google.android.gms@254334035@25.43.34 (260400-827649125):14)
11-12 22:39:05.509   722 32162 W BackendServiceUtil: 	at guqe.run(:com.google.android.gms@254334035@25.43.34 (260400-827649125):3)
11-12 22:39:05.509   722 32162 W BackendServiceUtil: 	at grgw.run(:com.google.android.gms@254334035@25.43.34 (260400-827649125):3)
11-12 22:39:05.509   722 32162 W BackendServiceUtil: 	at grgx.run(:com.google.android.gms@254334035@25.43.34 (260400-827649125):64)
11-12 22:39:05.509   722 32162 W BackendServiceUtil: 	at greu.execute(:com.google.android.gms@254334035@25.43.34 (260400-827649125):1)
11-12 22:39:05.509   722 32162 W BackendServiceUtil: 	at guqm.execute(:com.google.android.gms@254334035@25.43.34 (260400-827649125):3)
11-12 22:39:05.509   722 32162 W BackendServiceUtil: 	at grgy.execute(:com.google.android.gms@254334035@25.43.34 (260400-827649125):34)
11-12 22:39:05.509   722 32162 W BackendServiceUtil: 	at gupv.execute(:com.google.android.gms@254334035@25.43.34 (260400-827649125):10)
11-12 22:39:05.509   722 32162 W BackendServiceUtil: 	at guqk.a(:com.google.android.gms@254334035@25.43.34 (260400-827649125):10)
11-12 22:39:05.509   722 32162 W BackendServiceUtil: 	at guqq.f(:com.google.android.gms@254334035@25.43.34 (260400-827649125):93)
11-12 22:39:05.509   722 32162 W BackendServiceUtil: 	at guqq.h(:com.google.android.gms@254334035@25.43.34 (260400-827649125):23)
11-12 22:39:05.509   722 32162 W BackendServiceUtil: 	at guqq.a(:com.google.android.gms@254334035@25.43.34 (260400-827649125):8)
11-12 22:39:05.509   722 32162 W BackendServiceUtil: 	at gura.run(:com.google.android.gms@254334035@25.43.34 (260400-827649125):9)
11-12 22:39:05.509   722 32162 W BackendServiceUtil: 	at gurc.e(:com.google.android.gms@254334035@25.43.34 (260400-827649125):24)
11-12 22:39:05.509   722 32162 W BackendServiceUtil: 	at gurc.a(:com.google.android.gms@254334035@25.43.34 (260400-827649125):6)
11-12 22:39:05.509   722 32162 W BackendServiceUtil: 	at guqh.run(:com.google.android.gms@254334035@25.43.34 (260400-827649125):14)
11-12 22:39:05.509   722 32162 W BackendServiceUtil: 	at guqe.run(:com.google.android.gms@254334035@25.43.34 (260400-827649125):3)
11-12 22:39:05.509   722 32162 W BackendServiceUtil: 	at grgw.run(:com.google.android.gms@254334035@25.43.34 (260400-827649125):3)
11-12 22:39:05.509   722 32162 W BackendServiceUtil: 	at grgx.run(:com.google.android.gms@254334035@25.43.34 (260400-827649125):64)
11-12 22:39:05.509   722 32162 W BackendServiceUtil: 	at greu.execute(:com.google.android.gms@254334035@25.43.34 (260400-827649125):1)
11-12 22:39:05.509   722 32162 W BackendServiceUtil: 	at guqm.execute(:com.google.android.gms@254334035@25.43.34 (260400-827649125):3)
11-12 22:39:05.509   722 32162 W BackendServiceUtil: 	at grgy.execute(:com.google.android.gms@254334035@25.43.34 (260400-827649125):34)
11-12 22:39:05.509   722 32162 W BackendServiceUtil: 	at gupv.execute(:com.google.android.gms@254334035@25.43.34 (260400-827649125):10)
11-12 22:39:05.509   722 32162 W BackendServiceUtil: 	at guqk.a(:com.google.android.gms@254334035@25.43.34 (260400-827649125):10)
11-12 22:39:05.509   722 32162 W BackendServiceUtil: 	at guqq.f(:com.google.android.gms@254334035@25.43.34 (260400-827649125):93)
11-12 22:39:05.509   722 32162 W BackendServiceUtil: 	at guqq.h(:com.google.android.gms@254334035@25.43.34 (260400-827649125):23)
11-12 22:39:05.509   722 32162 W BackendServiceUtil: 	at guqq.a(:com.google.android.gms@254334035@25.43.34 (260400-827649125):8)
11-12 22:39:05.509   722 32162 W BackendServiceUtil: 	at gura.run(:com.google.android.gms@254334035@25.43.34 (260400-827649125):9)
11-12 22:39:05.509   722 32162 W BackendServiceUtil: 	at gurc.e(:com.google.android.gms@254334035@25.43.34 (260400-827649125):24)
11-12 22:39:05.509   722 32162 W BackendServiceUtil: 	at gurc.a(:com.google.android.gms@254334035@25.43.34 (260400-827649125):6)
11-12 22:39:05.509   722 32162 W BackendServiceUtil: 	at guqh.run(:com.google.android.gms@254334035@25.43.34 (260400-827649125):14)
11-12 22:39:05.509   722 32162 W BackendServiceUtil: 	at guqe.run(:com.google.android.gms@254334035@25.43.34 (260400-827649125):3)
11-12 22:39:05.509   722 32162 W BackendServiceUtil: 	at grgx.run(:com.google.android.gms@254334035@25.43.34 (260400-827649125):64)
11-12 22:39:05.509   722 32162 W BackendServiceUtil: 	at greu.execute(:com.google.android.gms@254334035@25.43.34 (260400-827649125):1)
11-12 22:39:05.509   722 32162 W BackendServiceUtil: 	at guqm.execute(:com.google.android.gms@254334035@25.43.34 (260400-827649125):3)
11-12 22:39:05.509   722 32162 W BackendServiceUtil: 	at grgy.execute(:com.google.android.gms@254334035@25.43.34 (260400-827649125):34)
11-12 22:39:05.509   722 32162 W BackendServiceUtil: 	at gupv.execute(:com.google.android.gms@254334035@25.43.34 (260400-827649125):10)
11-12 22:39:05.509   722 32162 W BackendServiceUtil: 	at grey.c(:com.google.android.gms@254334035@25.43.34 (260400-827649125):1)
11-12 22:39:05.509   722 32162 W BackendServiceUtil: 	at grey.b(:com.google.android.gms@254334035@25.43.34 (260400-827649125):32)
11-12 22:39:05.509   722 32162 W BackendServiceUtil: 	at grgj.done(:com.google.android.gms@254334035@25.43.34 (260400-827649125):3)
11-12 22:39:05.509   722 32162 W BackendServiceUtil: 	at java.util.concurrent.FutureTask.finishCompletion(FutureTask.java:381)
11-12 22:39:05.509   722 32162 W BackendServiceUtil: 	at java.util.concurrent.FutureTask.setException(FutureTask.java:250)
11-12 22:39:05.509   722 32162 W BackendServiceUtil: 	at java.util.concurrent.FutureTask.run(FutureTask.java:269)
11-12 22:39:05.509   722 32162 W BackendServiceUtil: 	at bdkw.c(:com.google.android.gms@254334035@25.43.34 (260400-827649125):50)
11-12 22:39:05.509   722 32162 W BackendServiceUtil: 	at bdkw.run(:com.google.android.gms@254334035@25.43.34 (260400-827649125):73)
11-12 22:39:05.509   722 32162 W BackendServiceUtil: 	at java.util.concurrent.ThreadPoolExecutor.runWorker(ThreadPoolExecutor.java:1145)
11-12 22:39:05.509   722 32162 W BackendServiceUtil: 	at java.util.concurrent.ThreadPoolExecutor$Worker.run(ThreadPoolExecutor.java:644)
11-12 22:39:05.509   722 32162 W BackendServiceUtil: 	at bdqn.run(:com.google.android.gms@254334035@25.43.34 (260400-827649125):8)
11-12 22:39:05.509   722 32162 W BackendServiceUtil: 	at java.lang.Thread.run(Thread.java:1012)
11-12 22:39:05.509   722 32162 W BackendServiceUtil: Caused by: com.google.android.gms.auth.UserRecoverableAuthException: BadAuthentication
11-12 22:39:05.509   722 32162 W BackendServiceUtil: 	at aebb.l(:com.google.android.gms@254334035@25.43.34 (260400-827649125):34)
11-12 22:39:05.509   722 32162 W BackendServiceUtil: 	at aeav.a(:com.google.android.gms@254334035@25.43.34 (260400-827649125):122)
11-12 22:39:05.509   722 32162 W BackendServiceUtil: 	at aebb.m(:com.google.android.gms@254334035@25.43.34 (260400-827649125):34)
11-12 22:39:05.509   722 32162 W BackendServiceUtil: 	at aebb.o(:com.google.android.gms@254334035@25.43.34 (260400-827649125):64)
11-12 22:39:05.509   722 32162 W BackendServiceUtil: 	at gunm.d(:com.google.android.gms@254334035@25.43.34 (260400-827649125):22)
11-12 22:39:05.509   722 32162 W BackendServiceUtil: 	at gunm.c(:com.google.android.gms@254334035@25.43.34 (260400-827649125):64)
11-12 22:39:05.509   722 32162 W BackendServiceUtil: 	at gunj.call(:com.google.android.gms@254334035@25.43.34 (260400-827649125):8)
11-12 22:39:05.509   722 32162 W BackendServiceUtil: 	at java.util.concurrent.FutureTask.run(FutureTask.java:264)
11-12 22:39:05.509   722 32162 W BackendServiceUtil: 	at gunm.a(:com.google.android.gms@254334035@25.43.34 (260400-827649125):59)
11-12 22:39:05.509   722 32162 W BackendServiceUtil: 	at gumj.call(:com.google.android.gms@254334035@25.43.34 (260400-827649125):25)
11-12 22:39:05.509   722 32162 W BackendServiceUtil: 	at gitq.call(:com.google.android.gms@254334035@25.43.34 (260400-827649125):13)
11-12 22:39:05.509   722 32162 W BackendServiceUtil: 	at java.util.concurrent.FutureTask.run(FutureTask.java:264)
11-12 22:39:05.509   722 32162 W BackendServiceUtil: 	... 6 more
11-12 22:39:05.513   722 32162 E LocationReportUplIntOp: Failed uploading sightings batch [owner: true]. [CONTEXT service_id=284 ]
11-12 22:39:05.513   722 32162 E LocationReportUplIntOp: bpox: igfv: UNAUTHENTICATED
11-12 22:39:05.513   722 32162 E LocationReportUplIntOp: 	at bpng.a(:com.google.android.gms@254334035@25.43.34 (260400-827649125):43)
11-12 22:39:05.513   722 32162 E LocationReportUplIntOp: 	at gitp.a(:com.google.android.gms@254334035@25.43.34 (260400-827649125):13)
11-12 22:39:05.513   722 32162 E LocationReportUplIntOp: 	at grcl.d(:com.google.android.gms@254334035@25.43.34 (260400-827649125):3)
11-12 22:39:05.513   722 32162 E LocationReportUplIntOp: 	at grcn.run(:com.google.android.gms@254334035@25.43.34 (260400-827649125):130)
11-12 22:39:05.513   722 32162 E LocationReportUplIntOp: 	at greu.execute(:com.google.android.gms@254334035@25.43.34 (260400-827649125):1)
11-12 22:39:05.513   722 32162 E LocationReportUplIntOp: 	at grcv.f(:com.google.android.gms@254334035@25.43.34 (260400-827649125):1)
11-12 22:39:05.513   722 32162 E LocationReportUplIntOp: 	at grcv.m(:com.google.android.gms@254334035@25.43.34 (260400-827649125):99)
11-12 22:39:05.513   722 32162 E LocationReportUplIntOp: 	at grcv.t(:com.google.android.gms@254334035@25.43.34 (260400-827649125):26)
11-12 22:39:05.513   722 32162 E LocationReportUplIntOp: 	at grcn.run(:com.google.android.gms@254334035@25.43.34 (260400-827649125):160)
11-12 22:39:05.513   722 32162 E LocationReportUplIntOp: 	at greu.execute(:com.google.android.gms@254334035@25.43.34 (260400-827649125):1)
11-12 22:39:05.513   722 32162 E LocationReportUplIntOp: 	at grcv.f(:com.google.android.gms@254334035@25.43.34 (260400-827649125):1)
11-12 22:39:05.513   722 32162 E LocationReportUplIntOp: 	at grcv.m(:com.google.android.gms@254334035@25.43.34 (260400-827649125):99)
11-12 22:39:05.513   722 32162 E LocationReportUplIntOp: 	at grcv.t(:com.google.android.gms@254334035@25.43.34 (260400-827649125):26)
11-12 22:39:05.513   722 32162 E LocationReportUplIntOp: 	at grcn.run(:com.google.android.gms@254334035@25.43.34 (260400-827649125):160)
11-12 22:39:05.513   722 32162 E LocationReportUplIntOp: 	at greu.execute(:com.google.android.gms@254334035@25.43.34 (260400-827649125):1)
11-12 22:39:05.513   722 32162 E LocationReportUplIntOp: 	at grcv.f(:com.google.android.gms@254334035@25.43.34 (260400-827649125):1)
11-12 22:39:05.513   722 32162 E LocationReportUplIntOp: 	at grcv.m(:com.google.android.gms@254334035@25.43.34 (260400-827649125):99)
11-12 22:39:05.513   722 32162 E LocationReportUplIntOp: 	at grcv.r(:com.google.android.gms@254334035@25.43.34 (260400-827649125):17)
11-12 22:39:05.513   722 32162 E LocationReportUplIntOp: 	at grdi.run(:com.google.android.gms@254334035@25.43.34 (260400-827649125):77)
11-12 22:39:05.513   722 32162 E LocationReportUplIntOp: 	at greu.execute(:com.google.android.gms@254334035@25.43.34 (260400-827649125):1)
11-12 22:39:05.513   722 32162 E LocationReportUplIntOp: 	at grcv.f(:com.google.android.gms@254334035@25.43.34 (260400-827649125):1)
11-12 22:39:05.513   722 32162 E LocationReportUplIntOp: 	at grcv.m(:com.google.android.gms@254334035@25.43.34 (260400-827649125):99)
11-12 22:39:05.513   722 32162 E LocationReportUplIntOp: 	at grcv.r(:com.google.android.gms@254334035@25.43.34 (260400-827649125):17)
11-12 22:39:05.513   722 32162 E LocationReportUplIntOp: 	at ihaj.a(:com.google.android.gms@254334035@25.43.34 (260400-827649125):44)
11-12 22:39:05.513   722 32162 E LocationReportUplIntOp: 	at guqq.f(:com.google.android.gms@254334035@25.43.34 (260400-827649125):93)
11-12 22:39:05.513   722 32162 E LocationReportUplIntOp: 	at guqq.h(:com.google.android.gms@254334035@25.43.34 (260400-827649125):23)
11-12 22:39:05.513   722 32162 E LocationReportUplIntOp: 	at guqq.a(:com.google.android.gms@254334035@25.43.34 (260400-827649125):8)
11-12 22:39:05.513   722 32162 E LocationReportUplIntOp: 	at gura.run(:com.google.android.gms@254334035@25.43.34 (260400-827649125):9)
11-12 22:39:05.513   722 32162 E LocationReportUplIntOp: 	at gurc.e(:com.google.android.gms@254334035@25.43.34 (260400-827649125):24)
11-12 22:39:05.513   722 32162 E LocationReportUplIntOp: 	at gurc.a(:com.google.android.gms@254334035@25.43.34 (260400-827649125):6)
11-12 22:39:05.513   722 32162 E LocationReportUplIntOp: 	at guqh.run(:com.google.android.gms@254334035@25.43.34 (260400-827649125):14)
11-12 22:39:05.513   722 32162 E LocationReportUplIntOp: 	at guqe.run(:com.google.android.gms@254334035@25.43.34 (260400-827649125):3)
11-12 22:39:05.513   722 32162 E LocationReportUplIntOp: 	at grgw.run(:com.google.android.gms@254334035@25.43.34 (260400-827649125):3)
11-12 22:39:05.513   722 32162 E LocationReportUplIntOp: 	at grgx.run(:com.google.android.gms@254334035@25.43.34 (260400-827649125):64)
11-12 22:39:05.513   722 32162 E LocationReportUplIntOp: 	at greu.execute(:com.google.android.gms@254334035@25.43.34 (260400-827649125):1)
11-12 22:39:05.513   722 32162 E LocationReportUplIntOp: 	at guqm.execute(:com.google.android.gms@254334035@25.43.34 (260400-827649125):3)
11-12 22:39:05.513   722 32162 E LocationReportUplIntOp: 	at grgy.execute(:com.google.android.gms@254334035@25.43.34 (260400-827649125):34)
11-12 22:39:05.513   722 32162 E LocationReportUplIntOp: 	at gupv.execute(:com.google.android.gms@254334035@25.43.34 (260400-827649125):10)
11-12 22:39:05.513   722 32162 E LocationReportUplIntOp: 	at guqk.a(:com.google.android.gms@254334035@25.43.34 (260400-827649125):10)
11-12 22:39:05.513   722 32162 E LocationReportUplIntOp: 	at guqq.f(:com.google.android.gms@254334035@25.43.34 (260400-827649125):93)
11-12 22:39:05.513   722 32162 E LocationReportUplIntOp: 	at guqq.h(:com.google.android.gms@254334035@25.43.34 (260400-827649125):23)
11-12 22:39:05.513   722 32162 E LocationReportUplIntOp: 	at guqq.a(:com.google.android.gms@254334035@25.43.34 (260400-827649125):8)
11-12 22:39:05.513   722 32162 E LocationReportUplIntOp: 	at gura.run(:com.google.android.gms@254334035@25.43.34 (260400-827649125):9)
11-12 22:39:05.513   722 32162 E LocationReportUplIntOp: 	at gurc.e(:com.google.android.gms@254334035@25.43.34 (260400-827649125):24)
11-12 22:39:05.513   722 32162 E LocationReportUplIntOp: 	at gurc.a(:com.google.android.gms@254334035@25.43.34 (260400-827649125):6)
11-12 22:39:05.513   722 32162 E LocationReportUplIntOp: 	at guqh.run(:com.google.android.gms@254334035@25.43.34 (260400-827649125):14)
11-12 22:39:05.513   722 32162 E LocationReportUplIntOp: 	at guqe.run(:com.google.android.gms@254334035@25.43.34 (260400-827649125):3)
11-12 22:39:05.513   722 32162 E LocationReportUplIntOp: 	at grgw.run(:com.google.android.gms@254334035@25.43.34 (260400-827649125):3)
11-12 22:39:05.513   722 32162 E LocationReportUplIntOp: 	at grgx.run(:com.google.android.gms@254334035@25.43.34 (260400-827649125):64)
11-12 22:39:05.514   722 32162 E LocationReportUplIntOp: 	at greu.execute(:com.google.android.gms@254334035@25.43.34 (260400-827649125):1)
11-12 22:39:05.514   722 32162 E LocationReportUplIntOp: 	at guqm.execute(:com.google.android.gms@254334035@25.43.34 (260400-827649125):3)
11-12 22:39:05.514   722 32162 E LocationReportUplIntOp: 	at grgy.execute(:com.google.android.gms@254334035@25.43.34 (260400-827649125):34)
11-12 22:39:05.514   722 32162 E LocationReportUplIntOp: 	at gupv.execute(:com.google.android.gms@254334035@25.43.34 (260400-827649125):10)
11-12 22:39:05.514   722 32162 E LocationReportUplIntOp: 	at guqk.a(:com.google.android.gms@254334035@25.43.34 (260400-827649125):10)
11-12 22:39:05.514   722 32162 E LocationReportUplIntOp: 	at guqq.f(:com.google.android.gms@254334035@25.43.34 (260400-827649125):93)
11-12 22:39:05.514   722 32162 E LocationReportUplIntOp: 	at guqq.h(:com.google.android.gms@254334035@25.43.34 (260400-827649125):23)
11-12 22:39:05.514   722 32162 E LocationReportUplIntOp: 	at guqq.a(:com.google.android.gms@254334035@25.43.34 (260400-827649125):8)
11-12 22:39:05.514   722 32162 E LocationReportUplIntOp: 	at gura.run(:com.google.android.gms@254334035@25.43.34 (260400-827649125):9)
11-12 22:39:05.514   722 32162 E LocationReportUplIntOp: 	at gurc.e(:com.google.android.gms@254334035@25.43.34 (260400-827649125):24)
11-12 22:39:05.514   722 32162 E LocationReportUplIntOp: 	at gurc.a(:com.google.android.gms@254334035@25.43.34 (260400-827649125):6)
11-12 22:39:05.514   722 32162 E LocationReportUplIntOp: 	at guqh.run(:com.google.android.gms@254334035@25.43.34 (260400-827649125):14)
11-12 22:39:05.514   722 32162 E LocationReportUplIntOp: 	at guqe.run(:com.google.android.gms@254334035@25.43.34 (260400-827649125):3)
11-12 22:39:05.514   722 32162 E LocationReportUplIntOp: 	at grgw.run(:com.google.android.gms@254334035@25.43.34 (260400-827649125):3)
11-12 22:39:05.514   722 32162 E LocationReportUplIntOp: 	at grgx.run(:com.google.android.gms@254334035@25.43.34 (260400-827649125):64)
11-12 22:39:05.514   722 32162 E LocationReportUplIntOp: 	at greu.execute(:com.google.android.gms@254334035@25.43.34 (260400-827649125):1)
11-12 22:39:05.514   722 32162 E LocationReportUplIntOp: 	at guqm.execute(:com.google.android.gms@254334035@25.43.34 (260400-827649125):3)
11-12 22:39:05.514   722 32162 E LocationReportUplIntOp: 	at grgy.execute(:com.google.android.gms@254334035@25.43.34 (260400-827649125):34)
11-12 22:39:05.514   722 32162 E LocationReportUplIntOp: 	at gupv.execute(:com.google.android.gms@254334035@25.43.34 (260400-827649125):10)
11-12 22:39:05.514   722 32162 E LocationReportUplIntOp: 	at guqk.a(:com.google.android.gms@254334035@25.43.34 (260400-827649125):10)
11-12 22:39:05.514   722 32162 E LocationReportUplIntOp: 	at guqq.f(:com.google.android.gms@254334035@25.43.34 (260400-827649125):93)
11-12 22:39:05.514   722 32162 E LocationReportUplIntOp: 	at guqq.h(:com.google.android.gms@254334035@25.43.34 (260400-827649125):23)
11-12 22:39:05.514   722 32162 E LocationReportUplIntOp: 	at guqq.a(:com.google.android.gms@254334035@25.43.34 (260400-827649125):8)
11-12 22:39:05.514   722 32162 E LocationReportUplIntOp: 	at gura.run(:com.google.android.gms@254334035@25.43.34 (260400-827649125):9)
11-12 22:39:05.514   722 32162 E LocationReportUplIntOp: 	at gurc.e(:com.google.android.gms@254334035@25.43.34 (260400-827649125):24)
11-12 22:39:05.514   722 32162 E LocationReportUplIntOp: 	at gurc.a(:com.google.android.gms@254334035@25.43.34 (260400-827649125):6)
11-12 22:39:05.514   722 32162 E LocationReportUplIntOp: 	at guqh.run(:com.google.android.gms@254334035@25.43.34 (260400-827649125):14)
11-12 22:39:05.514   722 32162 E LocationReportUplIntOp: 	at guqe.run(:com.google.android.gms@254334035@25.43.34 (260400-827649125):3)
11-12 22:39:05.514   722 32162 E LocationReportUplIntOp: 	at grgx.run(:com.google.android.gms@254334035@25.43.34 (260400-827649125):64)
11-12 22:39:05.514   722 32162 E LocationReportUplIntOp: 	at greu.execute(:com.google.android.gms@254334035@25.43.34 (260400-827649125):1)
11-12 22:39:05.514   722 32162 E LocationReportUplIntOp: 	at guqm.execute(:com.google.android.gms@254334035@25.43.34 (260400-827649125):3)
11-12 22:39:05.514   722 32162 E LocationReportUplIntOp: 	at grgy.execute(:com.google.android.gms@254334035@25.43.34 (260400-827649125):34)
11-12 22:39:05.514   722 32162 E LocationReportUplIntOp: 	at gupv.execute(:com.google.android.gms@254334035@25.43.34 (260400-827649125):10)
11-12 22:39:05.514   722 32162 E LocationReportUplIntOp: 	at grey.c(:com.google.android.gms@254334035@25.43.34 (260400-827649125):1)
11-12 22:39:05.514   722 32162 E LocationReportUplIntOp: 	at grey.b(:com.google.android.gms@254334035@25.43.34 (260400-827649125):32)
11-12 22:39:05.514   722 32162 E LocationReportUplIntOp: 	at grgj.done(:com.google.android.gms@254334035@25.43.34 (260400-827649125):3)
11-12 22:39:05.514   722 32162 E LocationReportUplIntOp: 	at java.util.concurrent.FutureTask.finishCompletion(FutureTask.java:381)
11-12 22:39:05.514   722 32162 E LocationReportUplIntOp: 	at java.util.concurrent.FutureTask.setException(FutureTask.java:250)
11-12 22:39:05.514   722 32162 E LocationReportUplIntOp: 	at java.util.concurrent.FutureTask.run(FutureTask.java:269)
11-12 22:39:05.514   722 32162 E LocationReportUplIntOp: 	at bdkw.c(:com.google.android.gms@254334035@25.43.34 (260400-827649125):50)
11-12 22:39:05.514   722 32162 E LocationReportUplIntOp: 	at bdkw.run(:com.google.android.gms@254334035@25.43.34 (260400-827649125):73)
11-12 22:39:05.514   722 32162 E LocationReportUplIntOp: 	at java.util.concurrent.ThreadPoolExecutor.runWorker(ThreadPoolExecutor.java:1145)
11-12 22:39:05.514   722 32162 E LocationReportUplIntOp: 	at java.util.concurrent.ThreadPoolExecutor$Worker.run(ThreadPoolExecutor.java:644)
11-12 22:39:05.514   722 32162 E LocationReportUplIntOp: 	at bdqn.run(:com.google.android.gms@254334035@25.43.34 (260400-827649125):8)
11-12 22:39:05.514   722 32162 E LocationReportUplIntOp: 	at java.lang.Thread.run(Thread.java:1012)
11-12 22:39:05.514   722 32162 E LocationReportUplIntOp: Caused by: igfv: UNAUTHENTICATED
11-12 22:39:05.514   722 32162 E LocationReportUplIntOp: 	at bpng.a(:com.google.android.gms@254334035@25.43.34 (260400-827649125):40)
11-12 22:39:05.514   722 32162 E LocationReportUplIntOp: 	... 93 more
11-12 22:39:05.514   722 32162 E LocationReportUplIntOp: Caused by: com.google.android.gms.auth.UserRecoverableAuthException: BadAuthentication
11-12 22:39:05.514   722 32162 E LocationReportUplIntOp: 	at aebb.l(:com.google.android.gms@254334035@25.43.34 (260400-827649125):34)
11-12 22:39:05.514   722 32162 E LocationReportUplIntOp: 	at aeav.a(:com.google.android.gms@254334035@25.43.34 (260400-827649125):122)
11-12 22:39:05.514   722 32162 E LocationReportUplIntOp: 	at aebb.m(:com.google.android.gms@254334035@25.43.34 (260400-827649125):34)
11-12 22:39:05.514   722 32162 E LocationReportUplIntOp: 	at aebb.o(:com.google.android.gms@254334035@25.43.34 (260400-827649125):64)
11-12 22:39:05.514   722 32162 E LocationReportUplIntOp: 	at gunm.d(:com.google.android.gms@254334035@25.43.34 (260400-827649125):22)
11-12 22:39:05.514   722 32162 E LocationReportUplIntOp: 	at gunm.c(:com.google.android.gms@254334035@25.43.34 (260400-827649125):64)
11-12 22:39:05.514   722 32162 E LocationReportUplIntOp: 	at gunj.call(:com.google.android.gms@254334035@25.43.34 (260400-827649125):8)
11-12 22:39:05.514   722 32162 E LocationReportUplIntOp: 	at java.util.concurrent.FutureTask.run(FutureTask.java:264)
11-12 22:39:05.514   722 32162 E LocationReportUplIntOp: 	at gunm.a(:com.google.android.gms@254334035@25.43.34 (260400-827649125):59)
11-12 22:39:05.514   722 32162 E LocationReportUplIntOp: 	at gumj.call(:com.google.android.gms@254334035@25.43.34 (260400-827649125):25)
11-12 22:39:05.514   722 32162 E LocationReportUplIntOp: 	at gitq.call(:com.google.android.gms@254334035@25.43.34 (260400-827649125):13)
11-12 22:39:05.514   722 32162 E LocationReportUplIntOp: 	at java.util.concurrent.FutureTask.run(FutureTask.java:264)
11-12 22:39:05.514   722 32162 E LocationReportUplIntOp: 	... 6 more
