--------- beginning of main
11-12 22:38:08.704  1187 28017 I sensors-hal: handle_sns_client_event:531, [44053] mag_sample_cal: ts=1247368076548312 ns; cal = [15.906689, -31.212030, 10.762653], uncal = [-13.849697, -36.747108, -16.638676], bias = [-29.756386, -5.535078, -27.401329], status=1
11-12 22:38:08.791  1187 28938 I sensors-hal: handle_sns_std_sensor_event:155, [SSC_LIGHT] P: 23(23),m:1,c:25,b:107,wb:0,r:203,bl:0,16:256
11-12 22:38:09.068  1187 13013 I sensors-hal: handle_sns_client_event:540, [0][161659] accel_sample [ 0.377,  9.153,  3.606] 1247368408978104
11-12 22:38:09.257  1521  2700 E SemWifi.Continuity: failed to bind service
11-12 22:38:09.847  1187 23201 I sensors-hal: handle_sns_std_sensor_event:140, [22300] Pressure 961.205, cal 0.000
--------- beginning of system
11-12 22:38:09.895   805   805 D io_stats: !@   8,0 r 187039740 4905127364 w 36660693 621276560 d 11158510 731917696 f 0 0 iot 78349560 0 th 0 0 0 pt 0 inp 0 0 834894.711
11-12 22:38:09.896   805   805 D io_stats: !@ Read_top(KB): com.truecaller(31633) 1372 d.process.acore(9766) 740 system_server(1521) 316
11-12 22:38:09.896   805   805 D io_stats: !@ Write_top(KB): kworker/u16:12(21495) 4488 d.mobileservice(31697) 220 system_server(1521) 88
11-12 22:38:09.937  1521  1946 I ActivityManager: Changes in 10050 5 to 15, 16 to 0
11-12 22:38:09.942  1521  1946 I ActivityManager: Changes in 15010050 5 to 15, 16 to 0
11-12 22:38:10.259  1187 28957 I sensors-hal: handle_sns_client_event:261, auto_rotation_debug_2 mode,255, type,1,0 acc,0.368,9.167,3.561, ar,0, ver,12
11-12 22:38:10.400  1521 21693 D SemWifiUsabilityStatsMonitor: onWifiUsabilityStats - seqNum 103496, isSameBssidAndFreq true
11-12 22:38:10.401  1521  2714 I SemWifiLinkQualityMonitor: Link stat: 356 / 1 / 1.20 (24) / 526 / -57.0 || 100.0 : 526.00 / 0.5 : 0.83 / 0.55 : 0.00 / G (G) || e7cae6f25220: 0.087 / 91.521 /  / N || N N / 0 / N 2.0 / N 0 / 834895216 0
11-12 22:38:10.402  1521  2625 D ConnectivityService: notifyType CALLBACK_CAP_CHANGED for [241 WIFI]
11-12 22:38:10.409  2884  3157 D WifiPickerTracker: updateWifiEntries capabilities
11-12 22:38:10.409  6597  7010 I HBD     : i onCapabilitiesChanged network : 241 current network state : wifi 
11-12 22:38:10.412 30867 30898 I BugleRcsEngine: Connected state: [1], networkType: [WIFI] [CONTEXT thread_id=7130 ]
11-12 22:38:10.412 30867 30908 I BugleRcsEngine: handleMessage processing message:[NOTIFY_UPTIME_IGNORE_STATE_CHANGED] with [non-null]:RcsEngineImpl reference [CONTEXT log_prefix="RcsEngineImpl[DUAL_REG]:[25422e2b-5225]>Handler" thread_id=7140 ]
11-12 22:38:10.415  2884  3157 D WifiPickerTracker: update AutoHotspot Entries() : bleAccessPoints -> 0
11-12 22:38:10.415  2884  3157 D WifiPickerTracker: handleNetworkCapabilitiesChanged
11-12 22:38:10.420  1521  2663 D SemWifiApNsd:Client: lpInterface:wlan0
11-12 22:38:10.421  1521  2663 D SemWifiSwitchForIndividualAppsService: stopTCPMonitoring : already stopped
11-12 22:38:10.421  1521  2663 I WifiConnectivityMonitor.NCC: sNetworkCallback(oCC) FULL : 241(valid: true/captive: false)
11-12 22:38:10.421  1521  2663 I WifiConnectivityMonitor.NCC: [ Transports: WIFI Capabilities: NOT_METERED&INTERNET&NOT_RESTRICTED&TRUSTED&NOT_VPN&VALIDATED&NOT_ROAMING&FOREGROUND&NOT_CONGESTED&NOT_SUSPENDED&NOT_VCN_MANAGED&NOT_BANDWIDTH_CONSTRAINED LinkUpBandwidth>=31727Kbps LinkDnBandwidth>=34553Kbps TransportInfo: <SSID: <unknown ssid>, BSSID: 02:00:00:**:**:00, MAC: 02:00:00:**:**:00, IP: /192.***.**.36, Security type: 2, Supplicant state: COMPLETED, Wi-Fi standard: 11ac, RSSI: -57, Link speed: 526Mbps, Tx Link speed: 526Mbps, Max Supported Tx Link speed: 866Mbps, Rx Link speed: 585Mbps, Max Supported Rx Link speed: 866Mbps, Frequency: 5220MHz, Net ID: -1, Metered hint: false, score: 60, isUsable: true, CarrierMerged: false, SubscriptionId: -1, IsPrimary: 1, Trusted: true, Restricted: false, Ephemeral: false, OEM paid: false, OEM private: false, OSU AP: false, FQDN: <none>, Provider friendly name: <none>, Requesting package name: <none><none>MLO Information: , Is TID-To-Link negotiation supported by the AP: false, AP MLD Address: <none>, AP MLO Link Id: <none>, AP MLO Affiliated links: <none>, Vendor Data: <none>> SignalStrength: -57 AdminUids: [1000] SSID: "JioFiber-TH6BX" UnderlyingNetworks: Null]
11-12 22:38:10.421  1521  2738 D WifiConnectivityMonitor: HANDLE_ON_CAPABILITIES_CHANGED
11-12 22:38:10.421  1521  2663 D SemWifiApTrafficPriority: onCapabilitiesChanged Wifi:wlan0,mGapiValue:34.553Uplink: 31.727
11-12 22:38:10.421  1521  2738 I WifiConnectivityMonitor: determineMode : MODE_NON_SWITCHABLE_BY_POOR_NETWORK_DETECTION_DISABLED
11-12 22:38:10.421  1521  2738 D OpenNetworkQos[4.00]: updateBssidNoInternet: mBssidNoInternet = false
11-12 22:38:10.421  1521  2738 D OpenNetworkQos[4.00]: getOpenNetworkQosNoInternetStatus: false
11-12 22:38:10.421  1521  2738 D OpenNetworkQos[4.00]: getOpenNetworkQosScores: 26 30 30 
11-12 22:38:10.421  1521  2738 D KNOX_MDM_SettingsProvider: isChangeAllowed() : name = wifi_wcm_qos_sharing_score_summary
11-12 22:38:10.422  1521  2738 I WifiProfileShare: network QoS data was changed (internet), updateQoSData networkType: true, qosData: false
11-12 22:38:10.422  1521  3871 V WifiProfileShare.Caster: update wips network, size: 0
11-12 22:38:10.422  1521  3871 D WifiProfileShare: nearby scanning settings run
11-12 22:38:10.422  1521  3871 D WifiProfileShare: network score provider settings enabled
11-12 22:38:10.422  1521  3871 D OpenNetworkQos[4.00]: getOpenNetworkQosScores: 26 30 30 
11-12 22:38:10.422  1521  3871 D OpenNetworkQos[4.00]: getOpenNetworkQosNoInternetStatus: false
11-12 22:38:10.422  1521  3871 I WifiProfileShare.Caster: current network type: 0, score: [26, 30, 30]
11-12 22:38:10.422  1521  3871 V WifiProfileShare.Cache: update network score 62:ca:e7:**:**:f2
11-12 22:38:10.422  1521  3871 D WifiProfileShare.ScanMatcher: getMcfDataList size:2
11-12 22:38:10.422  1521  3871 I WifiProfileShare.Caster: qos data was updated , before:type:QOS, pBssid:00:01:90, qosData:7c after:type:QOS, pBssid:00:01:90, qosData:7c
11-12 22:38:10.423  1521  3871 I [MCFSDK_android_1.2.27006]_4_McfCasterImpl: isNetworkEnabled - type : 1 ret : true
11-12 22:38:10.423  1521  3871 D WifiProfileShare.McfCast: -ME--- mIsNetworkEnabled :true
11-12 22:38:10.423  1521  3871 D WifiProfileShare.McfCast: updateQoSData ignored, same contents
11-12 22:38:10.423  1521  3871 D WifiProfileShare.MCF: success update QosData !
11-12 22:38:10.423  1521  3871 I [MCFSDK_android_1.2.27006]_4_McfCasterImpl: isNetworkEnabled - type : 1 ret : true
11-12 22:38:10.423  1521  3871 D WifiProfileShare.McfCast: -ME--- mIsNetworkEnabled :true
11-12 22:38:10.423  1521  3871 D WifiProfileShare.McfCast: -ME--- updatePasswordDate pwdData size:2
11-12 22:38:10.424   722   891 I NullBinder: NullBinder for android.net.action.RECOMMEND_NETWORKS triggering remote TransactionTooLargeException due to Service without Chimera impl, calling uid: 1000, calling pid: 0
11-12 22:38:10.424   722   891 W .gms.persistent: Large reply transaction of 1056768 bytes, interface descriptor , code 1
11-12 22:38:10.510  6597  6597 I HBD     : i onCapabilityChanged  setNetworkState currentNetworkState : wifi 
11-12 22:38:10.572  1521  2772 D NetdEventListenerService: DNS Requested by 241, 10823(host.exp.exponent), SUCCESS, 4ms
11-12 22:38:10.577  1521  2772 D NetdEventListenerService: DNS Requested by 241, 10823(host.exp.exponent), SUCCESS, 3ms
11-12 22:38:10.624  3046 31309 D ApfFilter: (wlan0): Ignoring RA RA fe80::f6ca:e7ff:feca:e6ee -> ff02::1 3600s 2405:201:3002:1926::/64 3603s/3603s DNS 3603s 2405:201:3002:1926::c0a8:1d01  which matches RA fe80::f6ca:e7ff:feca:e6ee -> ff02::1 3600s 2405:201:3002:1926::/64 3603s/3603s DNS 3603s 2405:201:3002:1926::c0a8:1d01 
11-12 22:38:10.624  3094  3094 I EPDG -- SIM1 [EpdgIntfCont]: Not Mobile Interface. Ignoring Event
11-12 22:38:10.625  3094  3094 I EPDG -- SIM0 [EpdgIntfCont]: Not Mobile Interface. Ignoring Event
11-12 22:38:10.625  3094  3094 I EPDG -- SIM1 [EpdgIntfCont]: Not Mobile Interface. Ignoring Event
11-12 22:38:10.626  3094  3094 I EPDG -- SIM0 [EpdgIntfCont]: Not Mobile Interface. Ignoring Event
11-12 22:38:10.705  1187 28017 I sensors-hal: handle_sns_client_event:531, [44073] mag_sample_cal: ts=1247370076548312 ns; cal = [17.549385, -31.486452, 11.537599], uncal = [-12.207001, -37.021530, -15.863730], bias = [-29.756386, -5.535078, -27.401329], status=1
11-12 22:38:10.920   722 31524 I NearbySharing: Network state changed: NetworkState(isRestricted=false, isOnline=true, isCongested=false, isMetered=false, isWifiConnected=true)
11-12 22:38:11.063 12192 12192 I wpa_supplicant: Heartbeat 4359
11-12 22:38:11.069  1187 13013 I sensors-hal: handle_sns_client_event:540, [0][161689] accel_sample [ 0.377,  9.162,  3.566] 1247370410431958
11-12 22:38:11.407  1521  3812 D FreecessController: com.truecaller(state: Initial -> Frozen, Reason: JOB_ADD)
11-12 22:38:11.415  1521  3812 D FreecessController: FZ : com.truecaller(10348) [31633] reason: Bg
11-12 22:38:11.416  1521  3812 W LocationManagerService: onFreezeStateChanged, uid[10348]=true
11-12 22:38:11.417  1521  3812 I PowerManagerService: [PWL] SetWakeLockEnableDisable uid = 10348 , disable= true
11-12 22:38:11.417  1521  3812 I PowerManagerService: [PWL] can not change uid =  10348
11-12 22:38:11.571  1161 29180 I vendor.qti.bluetooth@1.0-ibs_handler: ProcessIbsCmd: Received IBS_WAKE_IND: 0xFD
11-12 22:38:11.571  1161 29180 D vendor.qti.bluetooth@1.0-ibs_handler: SerialClockVote: vote for UART CLK ON
11-12 22:38:11.572  1161 29180 D vendor.qti.bluetooth@1.0-wake_lock: Acquire wakelock is acquired 
11-12 22:38:11.572  1161 29180 I vendor.qti.bluetooth@1.0-ibs_handler: ProcessIbsCmd: Writing IBS_WAKE_ACK
11-12 22:38:11.582 28939 29198 I BtGatt.ScanHelper: onScanResult to scannerId: 6- eventType=0x10, addressType=1, address=XX:XX:XX:XX:F2:86, primaryPhy=1, secondaryPhy=0, advertisingSid=0xff, txPower=127, rssi=-98, periodicAdvInt=0x0
11-12 22:38:11.586   722 31588 I NearbyConnections: Found BleAdvertisement [ 0x23 0x46 0x43 0x39 0x31 0x11 0x32 0x30 0x5b 0x42 0x2a 0xf3 0x3c 0x62 0xf5 0xf6 0x1d 0x98 0x81 0x84 0x0b 0xef 0xd3 ] (with EndpointId FC91 and EndpointInfo [ 0x32 0x30 0x5b 0x42 0x2a 0xf3 0x3c 0x62 0xf5 0xf6 0x1d 0x98 0x81 0x84 0x0b 0xef 0xd3 ])
11-12 22:38:11.586   722 31588 I NearbyConnections: Unable to record discovered endpoint due to null currentDiscoveryPhase
11-12 22:38:11.586   722 31588 I NearbyConnections: ClientProxy(114777138 0p:com.google.android.gms.nearby.sharing) reporting onEndpointFound(FC91)
11-12 22:38:11.587   722 31588 I NearbyConnections: ClientProxy(114777138) reporting onEndpointDistanceChanged(FC91, UNKNOWN)
11-12 22:38:11.589   722 31858 I NearbySharing: NearbySharing Internal event EndpointDiscovered(endpointId=FC91)
11-12 22:38:11.624  1161 29180 I vendor.qti.bluetooth@1.0-ibs_handler: ProcessIbsCmd: Received IBS_SLEEP_IND: 0xFE
11-12 22:38:11.624  1161 29180 D vendor.qti.bluetooth@1.0-ibs_handler: SerialClockVote: vote for UART CLK OFF
11-12 22:38:11.671  1187 28938 I sensors-hal: handle_sns_std_sensor_event:155, [SSC_LIGHT] P: 20(20),m:1,c:25,b:107,wb:0,r:196,bl:0,16:256
11-12 22:38:11.775  1161 29047 D vendor.qti.bluetooth@1.0-wake_lock: Release wakelock is released 
11-12 22:38:11.848  1187 23201 I sensors-hal: handle_sns_std_sensor_event:140, [22310] Pressure 961.209, cal 0.000
11-12 22:38:11.897   805   805 D io_stats: !@   8,0 r 187039741 4905127452 w 36660718 621276740 d 11158510 731917696 f 0 0 iot 78349584 0 th 0 0 0 pt 0 inp 0 0 834896.713
11-12 22:38:12.077  1521  2625 D InetDiagMessage: Destroyed 0 sockets, proto=IPPROTO_TCP, family=AF_INET, states=14
11-12 22:38:12.079  1521  2625 D InetDiagMessage: Destroyed 0 sockets, proto=IPPROTO_TCP, family=AF_INET6, states=14
11-12 22:38:12.079  1521  2625 D InetDiagMessage: Destroyed live tcp sockets for uids={10348} in 3ms
11-12 22:38:12.080  1521  2625 D InetDiagMessage: Destroyed 0 sockets, proto=IPPROTO_TCP, family=AF_INET, states=14
11-12 22:38:12.081  1521  2625 D InetDiagMessage: Destroyed 0 sockets, proto=IPPROTO_TCP, family=AF_INET6, states=14
11-12 22:38:12.081  1521  2625 D InetDiagMessage: Destroyed live tcp sockets for uids={20348} in 2ms
11-12 22:38:12.399  1521  2700 D [ContinuitySDK_1.2.7022]_VersionUtil: initSupportFeatures - abovePatchVersionCode - 1309
11-12 22:38:12.399  1521  2700 I [ContinuitySDK_1.2.7022]_VersionUtil: initSupportFeatures - serviceVersionCode - 130901000, mSupportFeatures - 11
11-12 22:38:12.399  1521  2700 I [ContinuitySDK_1.2.7022]_ContinuityAdapterImpl: bindService - -
11-12 22:38:12.400  1521 28391 I [ContinuitySDK_1.2.7022]_ContinuityAdapterImpl: initialize - INIT_SUCCESS
11-12 22:38:12.400  1521 28391 I [ContinuitySDK_1.2.7022]_ExecutorUtil: start - sIsStarted = false
11-12 22:38:12.401  1521 28391 W ContextImpl: Calling a method in the system process without a qualified user: android.app.ContextImpl.bindService:2092 com.samsung.android.mcf.continuity.impl.ContinuityAdapterImpl.$r8$lambda$8A1pWsBhtxEl-BgeFqVMHKeudJs:159 com.samsung.android.mcf.continuity.impl.ContinuityAdapterImpl$$ExternalSyntheticLambda3.run:7 com.samsung.android.mcf.continuity.common.ExecutorUtil$b.run:3 java.util.concurrent.ThreadPoolExecutor.runWorker:1145 
11-12 22:38:12.404  1521 28391 I [ContinuitySDK_1.2.7022]_ContinuityAdapterImpl: bindService - start bindService
11-12 22:38:12.409  1521 28391 I [ContinuitySDK_1.2.7022]_ContinuityAdapterImpl: onServiceConnected - main controller is not started -> try sync cloud
11-12 22:38:12.409  6236  6236 I [MCFDs]_McfSyncMainController: registerSyncCloudCallback - appId: 33
11-12 22:38:12.410  6236  6236 I [MCFDs]_McfSyncMainController: sendSyncCloudCallback - isStarted: false
11-12 22:38:12.411  1521 28391 W [ContinuitySDK_1.2.7022]_ContinuityAdapterImpl: onCallback - fail to syncCloud
11-12 22:38:12.411  1521 28391 I [ContinuitySDK_1.2.7022]_ContinuityAdapterImpl: unbindServiceImpl - -
11-12 22:38:12.412  1521 28391 D [ContinuitySDK_1.2.7022]_VersionUtil: isSDKSupportFeature - abovePatchVersionCode - 1207
11-12 22:38:12.412  1521 28391 I [ContinuitySDK_1.2.7022]_ContinuitySession: closeServer - -
11-12 22:38:12.413  1521 31859 V SemWifi.Continuity: onServiceDisconnected
11-12 22:38:12.413  1521 28391 I [ContinuitySDK_1.2.7022]_ContinuityAdapterImpl: release - -
11-12 22:38:12.413  1521 28391 I [ContinuitySDK_1.2.7022]_ContinuityAdapterImpl: unbindServiceImpl - -
11-12 22:38:12.413  1521 28391 W [ContinuitySDK_1.2.7022]_ContinuityAdapterImpl: unbindServiceImpl - invalid service state 0
11-12 22:38:12.413  1521 28391 I [ContinuitySDK_1.2.7022]_ExecutorUtil: shutdown - sIsStarted = true
11-12 22:38:12.542  6108  6108 I SDHMS:LOAD: type: LoadsFreqs, value: 0:38:0:924672:2841600:844800:1387007:2419200:710400:315:315:315
11-12 22:38:12.704  1187 28017 I sensors-hal: handle_sns_client_event:531, [44093] mag_sample_cal: ts=1247372076548312 ns; cal = [16.719959, -29.606234, 11.426465], uncal = [-13.036427, -35.141312, -15.974864], bias = [-29.756386, -5.535078, -27.401329], status=1
11-12 22:38:12.817  1521  2772 D NetdEventListenerService: DNS Requested by 241, 10823(host.exp.exponent), SUCCESS, 3ms
11-12 22:38:12.817  1521  2772 D NetdEventListenerService: DNS Requested by 241, 10823(host.exp.exponent), SUCCESS, 3ms
11-12 22:38:13.019   813 31755 I keystore2: system/security/keystore2/watchdog/src/lib.rs:319 - Watchdog thread idle -> terminating. Have a great day.
11-12 22:38:13.071  1187 13013 I sensors-hal: handle_sns_client_event:540, [0][161719] accel_sample [ 0.375,  9.163,  3.561] 1247372411879146
11-12 22:38:13.241  1182  1182 I android.hardware.health@2.1-service-samsung: updateLrpSysfs: write: 305
11-12 22:38:13.427  1521 21693 D SemWifiUsabilityStatsMonitor: onWifiUsabilityStats - seqNum 103497, isSameBssidAndFreq true
11-12 22:38:13.427  1521  2625 D ConnectivityService: notifyType CALLBACK_CAP_CHANGED for [241 WIFI]
11-12 22:38:13.427  3094  3094 I EPDG -- SIM1 [SMARTWIFI]: isProfiling, hash=171830150, started=true
11-12 22:38:13.427  3094  3094 W Settings: Setting wifi_on has moved from android.provider.Settings.System to android.provider.Settings.Secure, returning read-only value.
11-12 22:38:13.427  3094  3094 W Settings: Setting wifi_on has moved from android.provider.Settings.Secure to android.provider.Settings.Global.
11-12 22:38:13.427  3094  3094 I EPDG -- SIM1 [SMARTWIFI]: isProfiling, hash=171830150, started=true
11-12 22:38:13.428  3094  3094 I EPDG -- SIM1 [SMARTWIFI]: Rssi : -56 highrange : -75 lowrange : -85 mIsRssiInHystersis : false
11-12 22:38:13.429  3094  3094 I EPDG -- SIM1 [SMARTWIFI]: Rssi : -56 highrange : -75 lowrange : -85 mIsRssiInHystersis : false
11-12 22:38:13.429  3094  3094 I EPDG -- SIM1 [SMARTWIFI]: getHandoverThresholdMet: value is: false
11-12 22:38:13.429  1521  2714 I SemWifiLinkQualityMonitor: Link stat: 657 / 5 / 1.44 (62) / 351 / -56.0 || 100.0 : 351.00 / 0.5 : 0.69 / 0.55 : 0.01 / G (G) || e7cae6f25220: 0.095 / 83.907 /  / N || N N / 0 / N 2.0 / N 0 / 834898244 0
11-12 22:38:13.430  1521  2663 D SemWifiApNsd:Client: lpInterface:wlan0
11-12 22:38:13.430  1521  2663 D SemWifiSwitchForIndividualAppsService: stopTCPMonitoring : already stopped
11-12 22:38:13.430  1521  2663 I WifiConnectivityMonitor.NCC: sNetworkCallback(oCC) FULL : 241(valid: true/captive: false)
11-12 22:38:13.430  1521  2663 I WifiConnectivityMonitor.NCC: [ Transports: WIFI Capabilities: NOT_METERED&INTERNET&NOT_RESTRICTED&TRUSTED&NOT_VPN&VALIDATED&NOT_ROAMING&FOREGROUND&NOT_CONGESTED&NOT_SUSPENDED&NOT_VCN_MANAGED&NOT_BANDWIDTH_CONSTRAINED LinkUpBandwidth>=31727Kbps LinkDnBandwidth>=34553Kbps TransportInfo: <SSID: <unknown ssid>, BSSID: 02:00:00:**:**:00, MAC: 02:00:00:**:**:00, IP: /192.***.**.36, Security type: 2, Supplicant state: COMPLETED, Wi-Fi standard: 11ac, RSSI: -56, Link speed: 351Mbps, Tx Link speed: 351Mbps, Max Supported Tx Link speed: 866Mbps, Rx Link speed: 650Mbps, Max Supported Rx Link speed: 866Mbps, Frequency: 5220MHz, Net ID: -1, Metered hint: false, score: 60, isUsable: true, CarrierMerged: false, SubscriptionId: -1, IsPrimary: 1, Trusted: true, Restricted: false, Ephemeral: false, OEM paid: false, OEM private: false, OSU AP: false, FQDN: <none>, Provider friendly name: <none>, Requesting package name: <none><none>MLO Information: , Is TID-To-Link negotiation supported by the AP: false, AP MLD Address: <none>, AP MLO Link Id: <none>, AP MLO Affiliated links: <none>, Vendor Data: <none>> SignalStrength: -56 AdminUids: [1000] SSID: "JioFiber-TH6BX" UnderlyingNetworks: Null]
11-12 22:38:13.431  1521  2738 D WifiConnectivityMonitor: HANDLE_ON_CAPABILITIES_CHANGED
11-12 22:38:13.431  1521  2738 I WifiConnectivityMonitor: determineMode : MODE_NON_SWITCHABLE_BY_POOR_NETWORK_DETECTION_DISABLED
11-12 22:38:13.431  1521  2738 D OpenNetworkQos[4.00]: updateBssidNoInternet: mBssidNoInternet = false
11-12 22:38:13.431  1521  2738 D OpenNetworkQos[4.00]: getOpenNetworkQosNoInternetStatus: false
11-12 22:38:13.431  1521  2738 D OpenNetworkQos[4.00]: getOpenNetworkQosScores: 26 30 30 
11-12 22:38:13.431  1521  2738 D KNOX_MDM_SettingsProvider: isChangeAllowed() : name = wifi_wcm_qos_sharing_score_summary
11-12 22:38:13.432  1521  2738 I WifiProfileShare: network QoS data was changed (internet), updateQoSData networkType: true, qosData: false
11-12 22:38:13.432  1521  3871 V WifiProfileShare.Caster: update wips network, size: 0
11-12 22:38:13.432  1521  3871 D WifiProfileShare: nearby scanning settings run
11-12 22:38:13.432  1521  3871 D WifiProfileShare: network score provider settings enabled
11-12 22:38:13.432  1521  3871 D OpenNetworkQos[4.00]: getOpenNetworkQosScores: 26 30 30 
11-12 22:38:13.432  1521  3871 D OpenNetworkQos[4.00]: getOpenNetworkQosNoInternetStatus: false
11-12 22:38:13.433  1521  3871 I WifiProfileShare.Caster: current network type: 0, score: [26, 30, 30]
11-12 22:38:13.433  1521  3871 V WifiProfileShare.Cache: update network score 62:ca:e7:**:**:f2
11-12 22:38:13.433  1521  3871 D WifiProfileShare.ScanMatcher: getMcfDataList size:2
11-12 22:38:13.433  1521  3871 I WifiProfileShare.Caster: qos data was updated , before:type:QOS, pBssid:00:01:90, qosData:7c after:type:QOS, pBssid:00:01:90, qosData:7c
11-12 22:38:13.434  1521  3871 I [MCFSDK_android_1.2.27006]_4_McfCasterImpl: isNetworkEnabled - type : 1 ret : true
11-12 22:38:13.434  1521  3871 D WifiProfileShare.McfCast: -ME--- mIsNetworkEnabled :true
11-12 22:38:13.434  1521  3871 D WifiProfileShare.McfCast: updateQoSData ignored, same contents
11-12 22:38:13.434  1521  3871 D WifiProfileShare.MCF: success update QosData !
11-12 22:38:13.435  1521  3871 I [MCFSDK_android_1.2.27006]_4_McfCasterImpl: isNetworkEnabled - type : 1 ret : true
11-12 22:38:13.435  1521  3871 D WifiProfileShare.McfCast: -ME--- mIsNetworkEnabled :true
11-12 22:38:13.435  1521  3871 D WifiProfileShare.McfCast: -ME--- updatePasswordDate pwdData size:2
11-12 22:38:13.437  2884  3157 D WifiPickerTracker: updateWifiEntries capabilities
11-12 22:38:13.439  2884  3157 D WifiPickerTracker: update AutoHotspot Entries() : bleAccessPoints -> 0
11-12 22:38:13.439  2884  3157 D WifiPickerTracker: handleNetworkCapabilitiesChanged
11-12 22:38:13.440  1521  2663 D SemWifiApTrafficPriority: onCapabilitiesChanged Wifi:wlan0,mGapiValue:34.553Uplink: 31.727
11-12 22:38:13.441  6597  7010 I HBD     : i onCapabilitiesChanged network : 241 current network state : wifi 
11-12 22:38:13.444 30867 30908 I BugleRcsEngine: handleMessage processing message:[NOTIFY_UPTIME_IGNORE_STATE_CHANGED] with [non-null]:RcsEngineImpl reference [CONTEXT log_prefix="RcsEngineImpl[DUAL_REG]:[25422e2b-5225]>Handler" thread_id=7140 ]
11-12 22:38:13.444 30867 30898 I BugleRcsEngine: Connected state: [1], networkType: [WIFI] [CONTEXT thread_id=7130 ]
11-12 22:38:13.449   722   891 I NullBinder: NullBinder for android.net.action.RECOMMEND_NETWORKS triggering remote TransactionTooLargeException due to Service without Chimera impl, calling uid: 1000, calling pid: 0
11-12 22:38:13.449   722   891 W .gms.persistent: Large reply transaction of 1056768 bytes, interface descriptor , code 1
11-12 22:38:13.502  1521  2740 D WifiConnectivityMonitor.NetworkStatsAnalyzer: Backhaul result - RSSI:-56, CE:8, PE:5, TI:25, PTI:22, TW:0, PTW:0, Tx:200, Rx:174, TxS:182, RxS:153, RESULT:true, IC:0, ICT:5, WC:0, WCT:5, R:7, RC:0, IE:0, EC:0
11-12 22:38:13.542  6597  6597 I HBD     : i onCapabilityChanged  setNetworkState currentNetworkState : wifi 
11-12 22:38:13.848  1187 23201 I sensors-hal: handle_sns_std_sensor_event:140, [22320] Pressure 961.210, cal 0.000
11-12 22:38:13.898   805   805 D io_stats: !@   8,0 r 187039741 4905127452 w 36660728 621277624 d 11158510 731917696 f 0 0 iot 78349604 0 th 0 0 0 pt 0 inp 0 0 834898.714
11-12 22:38:13.898   805   805 D io_stats: !@ Read_top(KB): com.truecaller(31633) 88
11-12 22:38:13.898   805   805 D io_stats: !@ Write_top(KB): kworker/u16:0(20466) 880 com.truecaller(31633) 180 d.mobileservice(31697) 4
11-12 22:38:13.946   722 31524 I NearbySharing: Network state changed: NetworkState(isRestricted=false, isOnline=true, isCongested=false, isMetered=false, isWifiConnected=true)
11-12 22:38:14.704  1187 28017 I sensors-hal: handle_sns_client_event:531, [44113] mag_sample_cal: ts=1247374076548312 ns; cal = [17.558969, -31.049353, 12.323823], uncal = [-12.197416, -36.584431, -15.077506], bias = [-29.756386, -5.535078, -27.401329], status=1
11-12 22:38:14.711  1187 28938 I sensors-hal: handle_sns_std_sensor_event:155, [SSC_LIGHT] P: 20(20),m:1,c:25,b:107,wb:0,r:182,bl:0,16:256
11-12 22:38:15.063  1521  2772 D NetdEventListenerService: DNS Requested by 241, 10823(host.exp.exponent), SUCCESS, 6ms
11-12 22:38:15.063  1521  2772 D NetdEventListenerService: DNS Requested by 241, 10823(host.exp.exponent), SUCCESS, 4ms
11-12 22:38:15.072  1187 13013 I sensors-hal: handle_sns_client_event:540, [0][161749] accel_sample [ 0.378,  9.151,  3.569] 1247374413320083
11-12 22:38:15.446   722 31524 I NearbyMediums: Found Fast Ble Advertisements :
11-12 22:38:15.446   722 31524 I NearbyMediums: BleAdvertisement { version=2, socketVersion=2, isFast=true, serviceIdHash=null, data=[ 0x23 0x46 0x43 0x39 0x31 0x11 0x32 0x30 0x5b 0x42 0x2a 0xf3 0x3c 0x62 0xf5 0xf6 0x1d 0x98 0x81 0x84 0x0b 0xef 0xd3 ], deviceToken=[ 0x9d 0x97 ], rxAdvertisement=null } : 1 times.
11-12 22:38:15.446   722 31524 I NearbyMediums: Total 1 fast advertisements from 1 unique advertisers.
11-12 22:38:15.446   722 31524 I NearbyMediums: Current Tracked Scanning Clients are : {NearbyConnections.EnvironmentMonitor, NearbySharing, NearbyConnections.TxAdvertisement}
11-12 22:38:15.447   722 31858 I NearbyConnections: Processing lost BlePeripheral BlePeripheral{advertisement=BleAdvertisement { version=2, socketVersion=2, isFast=true, serviceIdHash=null, data=[ 0x23 0x4f 0x56 0x43 0x52 0x11 0x32 0x32 0x43 0x3a 0x36 0xb1 0x91 0x43 0xae 0x7d 0x92 0xe2 0xee 0x2a 0xc0 0xeb 0x56 ], deviceToken=[ 0xd3 0xc8 ], rxAdvertisement=null }, dctAdvertisement=null, address=null, psm=0, deviceToken=<ByteString@79a356 size=2 contents="\323\310">, isSecondProfile=false, rxInstantConnectionAdv=null}.
11-12 22:38:15.447   722 31858 I NearbyConnections: Lost BleEndpoint for BlePeripheral BlePeripheral{advertisement=BleAdvertisement { version=2, socketVersion=2, isFast=true, serviceIdHash=null, data=[ 0x23 0x4f 0x56 0x43 0x52 0x11 0x32 0x32 0x43 0x3a 0x36 0xb1 0x91 0x43 0xae 0x7d 0x92 0xe2 0xee 0x2a 0xc0 0xeb 0x56 ], deviceToken=[ 0xd3 0xc8 ], rxAdvertisement=null }, dctAdvertisement=null, address=null, psm=0, deviceToken=<ByteString@79a356 size=2 contents="\323\310">, isSecondProfile=false, rxInstantConnectionAdv=null} (with EndpointId OVCR and EndpointInfo [ 0x32 0x32 0x43 0x3a 0x36 0xb1 0x91 0x43 0xae 0x7d 0x92 0xe2 0xee 0x2a 0xc0 0xeb 0x56 ]).
11-12 22:38:15.447   722 31858 I NearbyConnections: Unable to record lost endpoint due to null currentDiscoveryPhase
11-12 22:38:15.447   722 31858 I NearbyConnections: ClientProxy(114777138) reporting onEndpointLost(OVCR)
11-12 22:38:15.450   722 31876 I NearbySharing: NearbySharing Internal event EndpointLost(endpointId=OVCR)
11-12 22:38:15.847  1187 23201 I sensors-hal: handle_sns_std_sensor_event:140, [22330] Pressure 961.218, cal 0.000
11-12 22:38:16.452  3094  3094 I EPDG -- SIM1 [SMARTWIFI]: isProfiling, hash=171830150, started=true
11-12 22:38:16.453  3094  3094 W Settings: Setting wifi_on has moved from android.provider.Settings.System to android.provider.Settings.Secure, returning read-only value.
11-12 22:38:16.453  3094  3094 W Settings: Setting wifi_on has moved from android.provider.Settings.Secure to android.provider.Settings.Global.
11-12 22:38:16.453  3094  3094 I EPDG -- SIM1 [SMARTWIFI]: isProfiling, hash=171830150, started=true
11-12 22:38:16.453  1521  2625 D ConnectivityService: notifyType CALLBACK_CAP_CHANGED for [241 WIFI]
11-12 22:38:16.454  1521 21693 D SemWifiUsabilityStatsMonitor: onWifiUsabilityStats - seqNum 103498, isSameBssidAndFreq true
11-12 22:38:16.455  3094  3094 I EPDG -- SIM1 [SMARTWIFI]: Rssi : -58 highrange : -75 lowrange : -85 mIsRssiInHystersis : false
11-12 22:38:16.455  1521  2714 I SemWifiLinkQualityMonitor: Link stat: 270 / 3 / 1.50 (27) / 351 / -58.0 || 100.0 : 351.00 / 0.5 : 0.67 / 0.55 : 0.01 / G (G) || e7cae6f25220: 0.264 / 30.302 /  / N || N N / 0 / N 2.0 / N 0 / 834901269 0
11-12 22:38:16.455  3094  3094 I EPDG -- SIM1 [SMARTWIFI]: Rssi : -58 highrange : -75 lowrange : -85 mIsRssiInHystersis : false
11-12 22:38:16.455  3094  3094 I EPDG -- SIM1 [SMARTWIFI]: getHandoverThresholdMet: value is: false
11-12 22:38:16.459  2884  3157 D WifiPickerTracker: updateWifiEntries capabilities
11-12 22:38:16.460  6597  7010 I HBD     : i onCapabilitiesChanged network : 241 current network state : wifi 
11-12 22:38:16.463  2884  3157 D WifiPickerTracker: update AutoHotspot Entries() : bleAccessPoints -> 0
11-12 22:38:16.463  2884  3157 D WifiPickerTracker: handleNetworkCapabilitiesChanged
11-12 22:38:16.467   722   891 I NullBinder: NullBinder for android.net.action.RECOMMEND_NETWORKS triggering remote TransactionTooLargeException due to Service without Chimera impl, calling uid: 1000, calling pid: 0
11-12 22:38:16.467   722   891 W .gms.persistent: Large reply transaction of 1056768 bytes, interface descriptor , code 1
11-12 22:38:16.467 30867 30908 I BugleRcsEngine: handleMessage processing message:[NOTIFY_UPTIME_IGNORE_STATE_CHANGED] with [non-null]:RcsEngineImpl reference [CONTEXT log_prefix="RcsEngineImpl[DUAL_REG]:[25422e2b-5225]>Handler" thread_id=7140 ]
11-12 22:38:16.470 30867 30898 I BugleRcsEngine: Connected state: [1], networkType: [WIFI] [CONTEXT thread_id=7130 ]
11-12 22:38:16.471  1521  2663 D SemWifiApNsd:Client: lpInterface:wlan0
11-12 22:38:16.471  1521  2663 D SemWifiSwitchForIndividualAppsService: stopTCPMonitoring : already stopped
11-12 22:38:16.471  1521  2663 I WifiConnectivityMonitor.NCC: sNetworkCallback(oCC) FULL : 241(valid: true/captive: false)
11-12 22:38:16.472  1521  2663 I WifiConnectivityMonitor.NCC: [ Transports: WIFI Capabilities: NOT_METERED&INTERNET&NOT_RESTRICTED&TRUSTED&NOT_VPN&VALIDATED&NOT_ROAMING&FOREGROUND&NOT_CONGESTED&NOT_SUSPENDED&NOT_VCN_MANAGED&NOT_BANDWIDTH_CONSTRAINED LinkUpBandwidth>=31727Kbps LinkDnBandwidth>=34553Kbps TransportInfo: <SSID: <unknown ssid>, BSSID: 02:00:00:**:**:00, MAC: 02:00:00:**:**:00, IP: /192.***.**.36, Security type: 2, Supplicant state: COMPLETED, Wi-Fi standard: 11ac, RSSI: -58, Link speed: 351Mbps, Tx Link speed: 351Mbps, Max Supported Tx Link speed: 866Mbps, Rx Link speed: 468Mbps, Max Supported Rx Link speed: 866Mbps, Frequency: 5220MHz, Net ID: -1, Metered hint: false, score: 60, isUsable: true, CarrierMerged: false, SubscriptionId: -1, IsPrimary: 1, Trusted: true, Restricted: false, Ephemeral: false, OEM paid: false, OEM private: false, OSU AP: false, FQDN: <none>, Provider friendly name: <none>, Requesting package name: <none><none>MLO Information: , Is TID-To-Link negotiation supported by the AP: false, AP MLD Address: <none>, AP MLO Link Id: <none>, AP MLO Affiliated links: <none>, Vendor Data: <none>> SignalStrength: -58 AdminUids: [1000] SSID: "JioFiber-TH6BX" UnderlyingNetworks: Null]
11-12 22:38:16.472  1521  2738 D WifiConnectivityMonitor: HANDLE_ON_CAPABILITIES_CHANGED
11-12 22:38:16.472  1521  2663 D SemWifiApTrafficPriority: onCapabilitiesChanged Wifi:wlan0,mGapiValue:34.553Uplink: 31.727
11-12 22:38:16.472  1521  2738 I WifiConnectivityMonitor: determineMode : MODE_NON_SWITCHABLE_BY_POOR_NETWORK_DETECTION_DISABLED
11-12 22:38:16.472  1521  2738 D OpenNetworkQos[4.00]: updateBssidNoInternet: mBssidNoInternet = false
11-12 22:38:16.472  1521  2738 D OpenNetworkQos[4.00]: getOpenNetworkQosNoInternetStatus: false
11-12 22:38:16.472  1521  2738 D OpenNetworkQos[4.00]: getOpenNetworkQosScores: 26 30 30 
11-12 22:38:16.472  1521  2738 D KNOX_MDM_SettingsProvider: isChangeAllowed() : name = wifi_wcm_qos_sharing_score_summary
11-12 22:38:16.473  1521  2738 I WifiProfileShare: network QoS data was changed (internet), updateQoSData networkType: true, qosData: false
11-12 22:38:16.474  1521  3871 V WifiProfileShare.Caster: update wips network, size: 0
11-12 22:38:16.474  1521  3871 D WifiProfileShare: nearby scanning settings run
11-12 22:38:16.474  1521  3871 D WifiProfileShare: network score provider settings enabled
11-12 22:38:16.474  1521  3871 D OpenNetworkQos[4.00]: getOpenNetworkQosScores: 26 30 30 
11-12 22:38:16.474  1521  3871 D OpenNetworkQos[4.00]: getOpenNetworkQosNoInternetStatus: false
11-12 22:38:16.474  1521  3871 I WifiProfileShare.Caster: current network type: 0, score: [26, 30, 30]
11-12 22:38:16.474  1521  3871 V WifiProfileShare.Cache: update network score 62:ca:e7:**:**:f2
11-12 22:38:16.474  1521  3871 D WifiProfileShare.ScanMatcher: getMcfDataList size:2
11-12 22:38:16.474  1521  3871 I WifiProfileShare.Caster: qos data was updated , before:type:QOS, pBssid:00:01:90, qosData:7c after:type:QOS, pBssid:00:01:90, qosData:7c
11-12 22:38:16.475  1521  3871 I [MCFSDK_android_1.2.27006]_4_McfCasterImpl: isNetworkEnabled - type : 1 ret : true
11-12 22:38:16.475  1521  3871 D WifiProfileShare.McfCast: -ME--- mIsNetworkEnabled :true
11-12 22:38:16.475  1521  3871 D WifiProfileShare.McfCast: updateQoSData ignored, same contents
11-12 22:38:16.475  1521  3871 D WifiProfileShare.MCF: success update QosData !
11-12 22:38:16.475  1521  3871 I [MCFSDK_android_1.2.27006]_4_McfCasterImpl: isNetworkEnabled - type : 1 ret : true
11-12 22:38:16.475  1521  3871 D WifiProfileShare.McfCast: -ME--- mIsNetworkEnabled :true
11-12 22:38:16.475  1521  3871 D WifiProfileShare.McfCast: -ME--- updatePasswordDate pwdData size:2
11-12 22:38:16.562  6597  6597 I HBD     : i onCapabilityChanged  setNetworkState currentNetworkState : wifi 
11-12 22:38:16.704  1187 28017 I sensors-hal: handle_sns_client_event:531, [44133] mag_sample_cal: ts=1247376076548312 ns; cal = [14.416200, -30.790213, 10.457150], uncal = [-15.340186, -36.325291, -16.944180], bias = [-29.756386, -5.535078, -27.401329], status=1
11-12 22:38:16.969   722 31588 I NearbySharing: Network state changed: NetworkState(isRestricted=false, isOnline=true, isCongested=false, isMetered=false, isWifiConnected=true)
11-12 22:38:17.074  1187 13013 I sensors-hal: handle_sns_client_event:540, [0][161779] accel_sample [ 0.372,  9.165,  3.556] 1247376414756125
11-12 22:38:17.305  1161 29180 I vendor.qti.bluetooth@1.0-ibs_handler: ProcessIbsCmd: Received IBS_WAKE_IND: 0xFD
11-12 22:38:17.306  1161 29180 D vendor.qti.bluetooth@1.0-ibs_handler: SerialClockVote: vote for UART CLK ON
11-12 22:38:17.306  1161 29180 D vendor.qti.bluetooth@1.0-wake_lock: Acquire wakelock is acquired 
11-12 22:38:17.306  1161 29180 I vendor.qti.bluetooth@1.0-ibs_handler: ProcessIbsCmd: Writing IBS_WAKE_ACK
11-12 22:38:17.315 28939 29198 I BtGatt.ScanHelper: onScanResult to scannerId: 6- eventType=0x10, addressType=1, address=XX:XX:XX:XX:F2:86, primaryPhy=1, secondaryPhy=0, advertisingSid=0xff, txPower=127, rssi=-98, periodicAdvInt=0x0
11-12 22:38:17.317  1521  2772 D NetdEventListenerService: DNS Requested by 241, 10823(host.exp.exponent), SUCCESS, 5ms
11-12 22:38:17.317  1521  2772 D NetdEventListenerService: DNS Requested by 241, 10823(host.exp.exponent), SUCCESS, 2ms
11-12 22:38:17.356  1161 29180 I vendor.qti.bluetooth@1.0-ibs_handler: ProcessIbsCmd: Received IBS_SLEEP_IND: 0xFE
11-12 22:38:17.356  1161 29180 D vendor.qti.bluetooth@1.0-ibs_handler: SerialClockVote: vote for UART CLK OFF
11-12 22:38:17.400  1521  2700 W SemWifi.Continuity: bind time out! try again ... 1
11-12 22:38:17.401  1521  2700 D [ContinuitySDK_1.2.7022]_VersionUtil: initSupportFeatures - abovePatchVersionCode - 1309
11-12 22:38:17.401  1521  2700 I [ContinuitySDK_1.2.7022]_VersionUtil: initSupportFeatures - serviceVersionCode - 130901000, mSupportFeatures - 11
11-12 22:38:17.401  1521  2700 I [ContinuitySDK_1.2.7022]_ContinuityAdapterImpl: bindService - -
11-12 22:38:17.401  1521 28391 I [ContinuitySDK_1.2.7022]_ContinuityAdapterImpl: initialize - INIT_SUCCESS
11-12 22:38:17.401  1521 28391 I [ContinuitySDK_1.2.7022]_ExecutorUtil: start - sIsStarted = false
11-12 22:38:17.402  1521 28391 W ContextImpl: Calling a method in the system process without a qualified user: android.app.ContextImpl.bindService:2092 com.samsung.android.mcf.continuity.impl.ContinuityAdapterImpl.$r8$lambda$8A1pWsBhtxEl-BgeFqVMHKeudJs:159 com.samsung.android.mcf.continuity.impl.ContinuityAdapterImpl$$ExternalSyntheticLambda3.run:7 com.samsung.android.mcf.continuity.common.ExecutorUtil$b.run:3 java.util.concurrent.ThreadPoolExecutor.runWorker:1145 
11-12 22:38:17.404  1521 28391 I [ContinuitySDK_1.2.7022]_ContinuityAdapterImpl: bindService - start bindService
11-12 22:38:17.408  6236  6236 I [MCFDs]_McfSyncMainController: registerSyncCloudCallback - appId: 33
11-12 22:38:17.408  1521 28391 I [ContinuitySDK_1.2.7022]_ContinuityAdapterImpl: onServiceConnected - main controller is not started -> try sync cloud
11-12 22:38:17.408  6236  6236 I [MCFDs]_McfSyncMainController: sendSyncCloudCallback - isStarted: false
11-12 22:38:17.409  1521 28391 W [ContinuitySDK_1.2.7022]_ContinuityAdapterImpl: onCallback - fail to syncCloud
11-12 22:38:17.409  1521 28391 I [ContinuitySDK_1.2.7022]_ContinuityAdapterImpl: unbindServiceImpl - -
11-12 22:38:17.410  1521 28391 D [ContinuitySDK_1.2.7022]_VersionUtil: isSDKSupportFeature - abovePatchVersionCode - 1207
11-12 22:38:17.410  1521 28391 I [ContinuitySDK_1.2.7022]_ContinuitySession: closeServer - -
11-12 22:38:17.410  1521 31899 V SemWifi.Continuity: onServiceDisconnected
11-12 22:38:17.410  1521 28391 I [ContinuitySDK_1.2.7022]_ContinuityAdapterImpl: release - -
11-12 22:38:17.410  1521 28391 I [ContinuitySDK_1.2.7022]_ContinuityAdapterImpl: unbindServiceImpl - -
11-12 22:38:17.410  1521 28391 W [ContinuitySDK_1.2.7022]_ContinuityAdapterImpl: unbindServiceImpl - invalid service state 0
11-12 22:38:17.410  1521 28391 I [ContinuitySDK_1.2.7022]_ExecutorUtil: shutdown - sIsStarted = true
11-12 22:38:17.507  1161 29047 D vendor.qti.bluetooth@1.0-wake_lock: Release wakelock is released 
11-12 22:38:17.752  1187 28938 I sensors-hal: handle_sns_std_sensor_event:155, [SSC_LIGHT] P: 21(21),m:1,c:25,b:107,wb:0,r:210,bl:0,16:256
11-12 22:38:17.848  1187 23201 I sensors-hal: handle_sns_std_sensor_event:140, [22340] Pressure 961.213, cal 0.000
11-12 22:38:17.899   805   805 D io_stats: !@   8,0 r 187039744 4905127464 w 36660729 621277628 d 11158510 731917696 f 0 0 iot 78349624 0 th 0 0 0 pt 0 inp 0 0 834902.715
11-12 22:38:17.900   805   805 D io_stats: !@ Read_top(KB): logd(731) 8 system_server(1521) 4
11-12 22:38:17.900   805   805 D io_stats: !@ Write_top(KB): d.mobileservice(31697) 4
11-12 22:38:18.055   722   722 D BoundBrokerSvc: onUnbind: Intent { act=com.google.android.gms.presencemanager.service.START dat=chimera-action:/... cmp=com.google.android.gms/.chimera.PersistentApiService }
11-12 22:38:18.056   722   722 D BoundBrokerSvc: onUnbind: Intent { act=com.google.android.gms.presencemanager.service.INTERNAL_IDENTITY dat=chimera-action:/... cmp=com.google.android.gms/.chimera.PersistentApiService }
11-12 22:38:18.442  1521  2700 V SemWifi.Continuity: wait for binding service
11-12 22:38:18.705  1187 28017 I sensors-hal: handle_sns_client_event:531, [44153] mag_sample_cal: ts=1247378076548312 ns; cal = [17.478045, -29.892328, 10.026979], uncal = [-12.278341, -35.427406, -17.374350], bias = [-29.756386, -5.535078, -27.401329], status=1
11-12 22:38:19.076  1187 13013 I sensors-hal: handle_sns_client_event:540, [0][161809] accel_sample [ 0.380,  9.158,  3.558] 1247378416188208
11-12 22:38:19.483  3094  3094 I EPDG -- SIM1 [SMARTWIFI]: isProfiling, hash=171830150, started=true
11-12 22:38:19.483  3094  3094 W Settings: Setting wifi_on has moved from android.provider.Settings.System to android.provider.Settings.Secure, returning read-only value.
11-12 22:38:19.483  3094  3094 W Settings: Setting wifi_on has moved from android.provider.Settings.Secure to android.provider.Settings.Global.
11-12 22:38:19.483  3094  3094 I EPDG -- SIM1 [SMARTWIFI]: isProfiling, hash=171830150, started=true
11-12 22:38:19.483  1521  2625 D ConnectivityService: notifyType CALLBACK_CAP_CHANGED for [241 WIFI]
11-12 22:38:19.484  1521  2714 I SemWifiLinkQualityMonitor: Link stat: 307 / 4 / 1.32 (29) / 351 / -60.0 || 100.0 : 351.00 / 0.5 : 0.76 / 0.55 : 0.01 / G (G) || e7cae6f25220: 0.096 / 83.557 /  / N || N N / 0 / N 2.0 / N 0 / 834904299 0
11-12 22:38:19.484  1521 21693 D SemWifiUsabilityStatsMonitor: onWifiUsabilityStats - seqNum 103499, isSameBssidAndFreq true
11-12 22:38:19.485  3094  3094 I EPDG -- SIM1 [SMARTWIFI]: Rssi : -60 highrange : -75 lowrange : -85 mIsRssiInHystersis : false
11-12 22:38:19.485  3094  3094 I EPDG -- SIM1 [SMARTWIFI]: Rssi : -60 highrange : -75 lowrange : -85 mIsRssiInHystersis : false
11-12 22:38:19.485  3094  3094 I EPDG -- SIM1 [SMARTWIFI]: getHandoverThresholdMet: value is: false
11-12 22:38:19.490  1521  2663 D SemWifiApNsd:Client: lpInterface:wlan0
11-12 22:38:19.490  1521  2663 D SemWifiSwitchForIndividualAppsService: stopTCPMonitoring : already stopped
11-12 22:38:19.490  1521  2663 I WifiConnectivityMonitor.NCC: sNetworkCallback(oCC) FULL : 241(valid: true/captive: false)
11-12 22:38:19.492  1521  2663 I WifiConnectivityMonitor.NCC: [ Transports: WIFI Capabilities: NOT_METERED&INTERNET&NOT_RESTRICTED&TRUSTED&NOT_VPN&VALIDATED&NOT_ROAMING&FOREGROUND&NOT_CONGESTED&NOT_SUSPENDED&NOT_VCN_MANAGED&NOT_BANDWIDTH_CONSTRAINED LinkUpBandwidth>=31727Kbps LinkDnBandwidth>=34553Kbps TransportInfo: <SSID: <unknown ssid>, BSSID: 02:00:00:**:**:00, MAC: 02:00:00:**:**:00, IP: /192.***.**.36, Security type: 2, Supplicant state: COMPLETED, Wi-Fi standard: 11ac, RSSI: -60, Link speed: 351Mbps, Tx Link speed: 351Mbps, Max Supported Tx Link speed: 866Mbps, Rx Link speed: 520Mbps, Max Supported Rx Link speed: 866Mbps, Frequency: 5220MHz, Net ID: -1, Metered hint: false, score: 60, isUsable: true, CarrierMerged: false, SubscriptionId: -1, IsPrimary: 1, Trusted: true, Restricted: false, Ephemeral: false, OEM paid: false, OEM private: false, OSU AP: false, FQDN: <none>, Provider friendly name: <none>, Requesting package name: <none><none>MLO Information: , Is TID-To-Link negotiation supported by the AP: false, AP MLD Address: <none>, AP MLO Link Id: <none>, AP MLO Affiliated links: <none>, Vendor Data: <none>> SignalStrength: -60 AdminUids: [1000] SSID: "JioFiber-TH6BX" UnderlyingNetworks: Null]
11-12 22:38:19.492  2884  3157 D WifiPickerTracker: updateWifiEntries capabilities
11-12 22:38:19.494  6597  7010 I HBD     : i onCapabilitiesChanged network : 241 current network state : wifi 
11-12 22:38:19.494  1521  2663 D SemWifiApTrafficPriority: onCapabilitiesChanged Wifi:wlan0,mGapiValue:34.553Uplink: 31.727
11-12 22:38:19.499   722  4302 I NullBinder: NullBinder for android.net.action.RECOMMEND_NETWORKS triggering remote TransactionTooLargeException due to Service without Chimera impl, calling uid: 1000, calling pid: 0
11-12 22:38:19.499   722  4302 W .gms.persistent: Large reply transaction of 1056768 bytes, interface descriptor , code 1
11-12 22:38:19.499  2884  3157 D WifiPickerTracker: update AutoHotspot Entries() : bleAccessPoints -> 0
11-12 22:38:19.499  2884  3157 D WifiPickerTracker: handleNetworkCapabilitiesChanged
11-12 22:38:19.501  1521  2738 D WifiConnectivityMonitor: HANDLE_ON_CAPABILITIES_CHANGED
11-12 22:38:19.501  1521  2738 I WifiConnectivityMonitor: determineMode : MODE_NON_SWITCHABLE_BY_POOR_NETWORK_DETECTION_DISABLED
11-12 22:38:19.501  1521  2738 D OpenNetworkQos[4.00]: updateBssidNoInternet: mBssidNoInternet = false
11-12 22:38:19.501  1521  2738 D OpenNetworkQos[4.00]: getOpenNetworkQosNoInternetStatus: false
11-12 22:38:19.501  1521  2738 D OpenNetworkQos[4.00]: getOpenNetworkQosScores: 26 30 30 
11-12 22:38:19.501  1521  2738 D KNOX_MDM_SettingsProvider: isChangeAllowed() : name = wifi_wcm_qos_sharing_score_summary
11-12 22:38:19.501  1521  2738 I WifiProfileShare: network QoS data was changed (internet), updateQoSData networkType: true, qosData: false
11-12 22:38:19.501  1521  3871 V WifiProfileShare.Caster: update wips network, size: 0
11-12 22:38:19.501  1521  3871 D WifiProfileShare: nearby scanning settings run
11-12 22:38:19.501  1521  3871 D WifiProfileShare: network score provider settings enabled
11-12 22:38:19.501  1521  3871 D OpenNetworkQos[4.00]: getOpenNetworkQosScores: 26 30 30 
11-12 22:38:19.501  1521  3871 D OpenNetworkQos[4.00]: getOpenNetworkQosNoInternetStatus: false
11-12 22:38:19.501  1521  3871 I WifiProfileShare.Caster: current network type: 0, score: [26, 30, 30]
11-12 22:38:19.502  1521  3871 V WifiProfileShare.Cache: update network score 62:ca:e7:**:**:f2
11-12 22:38:19.502  1521  3871 D WifiProfileShare.ScanMatcher: getMcfDataList size:2
11-12 22:38:19.502  1521  3871 I WifiProfileShare.Caster: qos data was updated , before:type:QOS, pBssid:00:01:90, qosData:7c after:type:QOS, pBssid:00:01:90, qosData:7c
11-12 22:38:19.502  1521  3871 I [MCFSDK_android_1.2.27006]_4_McfCasterImpl: isNetworkEnabled - type : 1 ret : true
11-12 22:38:19.502  1521  3871 D WifiProfileShare.McfCast: -ME--- mIsNetworkEnabled :true
11-12 22:38:19.502  1521  3871 D WifiProfileShare.McfCast: updateQoSData ignored, same contents
11-12 22:38:19.502  1521  3871 D WifiProfileShare.MCF: success update QosData !
11-12 22:38:19.506 30867 30898 I BugleRcsEngine: Connected state: [1], networkType: [WIFI] [CONTEXT thread_id=7130 ]
11-12 22:38:19.506 30867 30908 I BugleRcsEngine: handleMessage processing message:[NOTIFY_UPTIME_IGNORE_STATE_CHANGED] with [non-null]:RcsEngineImpl reference [CONTEXT log_prefix="RcsEngineImpl[DUAL_REG]:[25422e2b-5225]>Handler" thread_id=7140 ]
11-12 22:38:19.508  1521  3871 I [MCFSDK_android_1.2.27006]_4_McfCasterImpl: isNetworkEnabled - type : 1 ret : true
11-12 22:38:19.508  1521  3871 D WifiProfileShare.McfCast: -ME--- mIsNetworkEnabled :true
11-12 22:38:19.508  1521  3871 D WifiProfileShare.McfCast: -ME--- updatePasswordDate pwdData size:2
11-12 22:38:19.554  1521  2772 D NetdEventListenerService: DNS Requested by 241, 10823(host.exp.exponent), SUCCESS, 3ms
11-12 22:38:19.556  1521  2772 D NetdEventListenerService: DNS Requested by 241, 10823(host.exp.exponent), SUCCESS, 3ms
11-12 22:38:19.595  6597  6597 I HBD     : i onCapabilityChanged  setNetworkState currentNetworkState : wifi 
11-12 22:38:19.790  1187 28957 I sensors-hal: handle_sns_client_event:261, auto_rotation_debug_2 mode,255, type,1,0 acc,0.368,9.150,3.553, ar,0, ver,12
11-12 22:38:19.848  1187 23201 I sensors-hal: handle_sns_std_sensor_event:140, [22350] Pressure 961.211, cal 0.000
11-12 22:38:19.901   805   805 D io_stats: !@   8,0 r 187039744 4905127464 w 36660733 621278312 d 11158510 731917696 f 0 0 iot 78349636 0 th 0 0 0 pt 0 inp 0 0 834904.716
11-12 22:38:20.004   722 31588 I NearbySharing: Network state changed: NetworkState(isRestricted=false, isOnline=true, isCongested=false, isMetered=false, isWifiConnected=true)
11-12 22:38:20.654  6108  6777 I SDHMS:x : SIOP:: AP:327 BAT:299 USB:292 CHG:323 PA:310 WIFI:314 CF:311 BLK:0 SUBBAT:0 SKIN:305 SKINF:311 SKINB:306 LRP:311 LRP2:305 LRF:311 LRB:306 LRF2:305 LRB2:303 AP2:305 CHG2:304 WIFI2:303 RCV2:304 SPK2:291 FCAM:292 UPSPK:311 DNSPK:292 VAP:329 AVGCUR:219 AVGSYS:318 POWER:910
11-12 22:38:20.705  1187 28017 I sensors-hal: handle_sns_client_event:531, [44173] mag_sample_cal: ts=1247380076548312 ns; cal = [16.380150, -30.626371, 11.089369], uncal = [-13.376236, -36.161449, -16.311960], bias = [-29.756386, -5.535078, -27.401329], status=1
11-12 22:38:20.791  1187 28938 I sensors-hal: handle_sns_std_sensor_event:155, [SSC_LIGHT] P: 22(22),m:1,c:25,b:107,wb:0,r:175,bl:0,16:256
11-12 22:38:21.073 12192 12192 I wpa_supplicant: Heartbeat 4360
11-12 22:38:21.077  1187 13013 I sensors-hal: handle_sns_client_event:540, [0][161839] accel_sample [ 0.374,  9.156,  3.555] 1247380417617062
11-12 22:38:21.796  1521  2772 D NetdEventListenerService: DNS Requested by 241, 10823(host.exp.exponent), SUCCESS, 5ms
11-12 22:38:21.796  1521  2772 D NetdEventListenerService: DNS Requested by 241, 10823(host.exp.exponent), SUCCESS, 4ms
11-12 22:38:21.848  1187 23201 I sensors-hal: handle_sns_std_sensor_event:140, [22360] Pressure 961.224, cal 0.000
11-12 22:38:21.902   805   805 D io_stats: !@ Write_top(KB): kworker/u16:11(21494) 684
11-12 22:38:22.402  1521  2700 W SemWifi.Continuity: bind time out! try again ... 2
11-12 22:38:22.403  1521  2700 D [ContinuitySDK_1.2.7022]_VersionUtil: initSupportFeatures - abovePatchVersionCode - 1309
11-12 22:38:22.403  1521  2700 I [ContinuitySDK_1.2.7022]_VersionUtil: initSupportFeatures - serviceVersionCode - 130901000, mSupportFeatures - 11
11-12 22:38:22.404  1521  2700 I [ContinuitySDK_1.2.7022]_ContinuityAdapterImpl: bindService - -
11-12 22:38:22.404  1521 28391 I [ContinuitySDK_1.2.7022]_ContinuityAdapterImpl: initialize - INIT_SUCCESS
11-12 22:38:22.404  1521 28391 I [ContinuitySDK_1.2.7022]_ExecutorUtil: start - sIsStarted = false
11-12 22:38:22.405  1521 28391 W ContextImpl: Calling a method in the system process without a qualified user: android.app.ContextImpl.bindService:2092 com.samsung.android.mcf.continuity.impl.ContinuityAdapterImpl.$r8$lambda$8A1pWsBhtxEl-BgeFqVMHKeudJs:159 com.samsung.android.mcf.continuity.impl.ContinuityAdapterImpl$$ExternalSyntheticLambda3.run:7 com.samsung.android.mcf.continuity.common.ExecutorUtil$b.run:3 java.util.concurrent.ThreadPoolExecutor.runWorker:1145 
11-12 22:38:22.408  1521 28391 I [ContinuitySDK_1.2.7022]_ContinuityAdapterImpl: bindService - start bindService
11-12 22:38:22.412  1521 28391 I [ContinuitySDK_1.2.7022]_ContinuityAdapterImpl: onServiceConnected - main controller is not started -> try sync cloud
11-12 22:38:22.412  6236  6236 I [MCFDs]_McfSyncMainController: registerSyncCloudCallback - appId: 33
11-12 22:38:22.412  6236  6236 I [MCFDs]_McfSyncMainController: sendSyncCloudCallback - isStarted: false
11-12 22:38:22.412  1521 28391 W [ContinuitySDK_1.2.7022]_ContinuityAdapterImpl: onCallback - fail to syncCloud
11-12 22:38:22.412  1521 28391 I [ContinuitySDK_1.2.7022]_ContinuityAdapterImpl: unbindServiceImpl - -
11-12 22:38:22.414  1521 28391 D [ContinuitySDK_1.2.7022]_VersionUtil: isSDKSupportFeature - abovePatchVersionCode - 1207
11-12 22:38:22.414  1521 28391 I [ContinuitySDK_1.2.7022]_ContinuitySession: closeServer - -
11-12 22:38:22.415  1521 31918 V SemWifi.Continuity: onServiceDisconnected
11-12 22:38:22.415  1521 28391 I [ContinuitySDK_1.2.7022]_ContinuityAdapterImpl: release - -
11-12 22:38:22.415  1521 28391 I [ContinuitySDK_1.2.7022]_ContinuityAdapterImpl: unbindServiceImpl - -
11-12 22:38:22.415  1521 28391 W [ContinuitySDK_1.2.7022]_ContinuityAdapterImpl: unbindServiceImpl - invalid service state 0
11-12 22:38:22.415  1521 28391 I [ContinuitySDK_1.2.7022]_ExecutorUtil: shutdown - sIsStarted = true
